Archive member included to satisfy reference by file (symbol)

/Applications/STM32CubeIDE.app/Contents/Eclipse/plugins/com.st.stm32cube.ide.mcu.externaltools.gnu-tools-for-stm32.13.3.rel1.macos64_1.0.0.202411102158/tools/bin/../lib/gcc/arm-none-eabi/13.3.1/../../../../arm-none-eabi/lib/thumb/v7e-m+fp/hard/libc_nano.a(libc_a-exit.o)
                              /Applications/STM32CubeIDE.app/Contents/Eclipse/plugins/com.st.stm32cube.ide.mcu.externaltools.gnu-tools-for-stm32.13.3.rel1.macos64_1.0.0.202411102158/tools/bin/../lib/gcc/arm-none-eabi/13.3.1/../../../../arm-none-eabi/lib/thumb/v7e-m+fp/hard/crt0.o (exit)
/Applications/STM32CubeIDE.app/Contents/Eclipse/plugins/com.st.stm32cube.ide.mcu.externaltools.gnu-tools-for-stm32.13.3.rel1.macos64_1.0.0.202411102158/tools/bin/../lib/gcc/arm-none-eabi/13.3.1/../../../../arm-none-eabi/lib/thumb/v7e-m+fp/hard/libc_nano.a(libc_a-fflush.o)
                              ./BlueNRG_MS/App/sample_service.o (fflush)
/Applications/STM32CubeIDE.app/Contents/Eclipse/plugins/com.st.stm32cube.ide.mcu.externaltools.gnu-tools-for-stm32.13.3.rel1.macos64_1.0.0.202411102158/tools/bin/../lib/gcc/arm-none-eabi/13.3.1/../../../../arm-none-eabi/lib/thumb/v7e-m+fp/hard/libc_nano.a(libc_a-sprintf.o)
                              ./Core/Src/game.o (sprintf)
/Applications/STM32CubeIDE.app/Contents/Eclipse/plugins/com.st.stm32cube.ide.mcu.externaltools.gnu-tools-for-stm32.13.3.rel1.macos64_1.0.0.202411102158/tools/bin/../lib/gcc/arm-none-eabi/13.3.1/../../../../arm-none-eabi/lib/thumb/v7e-m+fp/hard/libc_nano.a(libc_a-rand.o)
                              ./Core/Src/game.o (srand)
/Applications/STM32CubeIDE.app/Contents/Eclipse/plugins/com.st.stm32cube.ide.mcu.externaltools.gnu-tools-for-stm32.13.3.rel1.macos64_1.0.0.202411102158/tools/bin/../lib/gcc/arm-none-eabi/13.3.1/../../../../arm-none-eabi/lib/thumb/v7e-m+fp/hard/libc_nano.a(libc_a-findfp.o)
                              /Applications/STM32CubeIDE.app/Contents/Eclipse/plugins/com.st.stm32cube.ide.mcu.externaltools.gnu-tools-for-stm32.13.3.rel1.macos64_1.0.0.202411102158/tools/bin/../lib/gcc/arm-none-eabi/13.3.1/../../../../arm-none-eabi/lib/thumb/v7e-m+fp/hard/libc_nano.a(libc_a-fflush.o) (__sglue)
/Applications/STM32CubeIDE.app/Contents/Eclipse/plugins/com.st.stm32cube.ide.mcu.externaltools.gnu-tools-for-stm32.13.3.rel1.macos64_1.0.0.202411102158/tools/bin/../lib/gcc/arm-none-eabi/13.3.1/../../../../arm-none-eabi/lib/thumb/v7e-m+fp/hard/libc_nano.a(libc_a-fwalk.o)
                              /Applications/STM32CubeIDE.app/Contents/Eclipse/plugins/com.st.stm32cube.ide.mcu.externaltools.gnu-tools-for-stm32.13.3.rel1.macos64_1.0.0.202411102158/tools/bin/../lib/gcc/arm-none-eabi/13.3.1/../../../../arm-none-eabi/lib/thumb/v7e-m+fp/hard/libc_nano.a(libc_a-fflush.o) (_fwalk_sglue)
/Applications/STM32CubeIDE.app/Contents/Eclipse/plugins/com.st.stm32cube.ide.mcu.externaltools.gnu-tools-for-stm32.13.3.rel1.macos64_1.0.0.202411102158/tools/bin/../lib/gcc/arm-none-eabi/13.3.1/../../../../arm-none-eabi/lib/thumb/v7e-m+fp/hard/libc_nano.a(libc_a-printf.o)
                              ./BlueNRG_MS/App/app_bluenrg_ms.o (printf)
/Applications/STM32CubeIDE.app/Contents/Eclipse/plugins/com.st.stm32cube.ide.mcu.externaltools.gnu-tools-for-stm32.13.3.rel1.macos64_1.0.0.202411102158/tools/bin/../lib/gcc/arm-none-eabi/13.3.1/../../../../arm-none-eabi/lib/thumb/v7e-m+fp/hard/libc_nano.a(libc_a-putchar.o)
                              ./BlueNRG_MS/App/sample_service.o (putchar)
/Applications/STM32CubeIDE.app/Contents/Eclipse/plugins/com.st.stm32cube.ide.mcu.externaltools.gnu-tools-for-stm32.13.3.rel1.macos64_1.0.0.202411102158/tools/bin/../lib/gcc/arm-none-eabi/13.3.1/../../../../arm-none-eabi/lib/thumb/v7e-m+fp/hard/libc_nano.a(libc_a-puts.o)
                              ./BlueNRG_MS/App/app_bluenrg_ms.o (puts)
/Applications/STM32CubeIDE.app/Contents/Eclipse/plugins/com.st.stm32cube.ide.mcu.externaltools.gnu-tools-for-stm32.13.3.rel1.macos64_1.0.0.202411102158/tools/bin/../lib/gcc/arm-none-eabi/13.3.1/../../../../arm-none-eabi/lib/thumb/v7e-m+fp/hard/libc_nano.a(libc_a-memset.o)
                              /Applications/STM32CubeIDE.app/Contents/Eclipse/plugins/com.st.stm32cube.ide.mcu.externaltools.gnu-tools-for-stm32.13.3.rel1.macos64_1.0.0.202411102158/tools/bin/../lib/gcc/arm-none-eabi/13.3.1/../../../../arm-none-eabi/lib/thumb/v7e-m+fp/hard/crt0.o (memset)
/Applications/STM32CubeIDE.app/Contents/Eclipse/plugins/com.st.stm32cube.ide.mcu.externaltools.gnu-tools-for-stm32.13.3.rel1.macos64_1.0.0.202411102158/tools/bin/../lib/gcc/arm-none-eabi/13.3.1/../../../../arm-none-eabi/lib/thumb/v7e-m+fp/hard/libc_nano.a(libc_a-errno.o)
                              ./Core/Src/syscalls.o (__errno)
[...]
Memory Configuration

Name             Origin             Length             Attributes
RAM              0x20000000         0x00018000         xrw
RAM2             0x10000000         0x00008000         xrw
FLASH            0x08000000         0x00100000         xr
*default*        0x00000000         0xffffffff

Linker script and memory map

LOAD /Applications/STM32CubeIDE.app/Contents/Eclipse/plugins/com.st.stm32cube.ide.mcu.externaltools.gnu-tools-for-stm32.13.3.rel1.macos64_1.0.0.202411102158/tools/bin/../lib/gcc/arm-none-eabi/13.3.1/thumb/v7e-m+fp/hard/crti.o
LOAD /Applications/STM32CubeIDE.app/Contents/Eclipse/plugins/com.st.stm32cube.ide.mcu.externaltools.gnu-tools-for-stm32.13.3.rel1.macos64_1.0.0.202411102158/tools/bin/../lib/gcc/arm-none-eabi/13.3.1/thumb/v7e-m+fp/hard/crtbegin.o
LOAD /Applications/STM32CubeIDE.app/Contents/Eclipse/plugins/com.st.stm32cube.ide.mcu.externaltools.gnu-tools-for-stm32.13.3.rel1.macos64_1.0.0.202411102158/tools/bin/../lib/gcc/arm-none-eabi/13.3.1/../../../../arm-none-eabi/lib/thumb/v7e-m+fp/hard/crt0.o
LOAD ./BlueNRG_MS/App/app_bluenrg_ms.o
LOAD ./BlueNRG_MS/App/sample_service.o
LOAD ./BlueNRG_MS/Target/hci_tl_interface.o
LOAD ./Core/Src/game.o
LOAD ./Core/Src/keypad.o
LOAD ./Core/Src/lcd.o
LOAD ./Core/Src/main.o
LOAD ./Core/Src/main_cpp.o
LOAD ./Core/Src/servo.o
LOAD ./Core/Src/stm32l4xx_hal_msp.o
LOAD ./Core/Src/stm32l4xx_it.o
LOAD ./Core/Src/syscalls.o
LOAD ./Core/Src/sysmem.o
LOAD ./Core/Src/system_stm32l4xx.o
LOAD ./Core/Startup/startup_stm32l475vgtx.o
LOAD ./Drivers/BSP/B-L475E-IOT01A1/b_l475e_iot01a1.o
LOAD ./Drivers/BSP/B-L475E-IOT01A1/b_l475e_iot01a1_bus.o
LOAD ./Drivers/STM32L4xx_HAL_Driver/Src/stm32l4xx_hal.o
LOAD ./Drivers/STM32L4xx_HAL_Driver/Src/stm32l4xx_hal_cortex.o
LOAD ./Drivers/STM32L4xx_HAL_Driver/Src/stm32l4xx_hal_dfsdm.o
LOAD ./Drivers/STM32L4xx_HAL_Driver/Src/stm32l4xx_hal_dma.o
LOAD ./Drivers/STM32L4xx_HAL_Driver/Src/stm32l4xx_hal_dma_ex.o
LOAD ./Drivers/STM32L4xx_HAL_Driver/Src/stm32l4xx_hal_exti.o
LOAD ./Drivers/STM32L4xx_HAL_Driver/Src/stm32l4xx_hal_flash.o
LOAD ./Drivers/STM32L4xx_HAL_Driver/Src/stm32l4xx_hal_flash_ex.o
LOAD ./Drivers/STM32L4xx_HAL_Driver/Src/stm32l4xx_hal_flash_ramfunc.o
LOAD ./Drivers/STM32L4xx_HAL_Driver/Src/stm32l4xx_hal_gpio.o
LOAD ./Drivers/STM32L4xx_HAL_Driver/Src/stm32l4xx_hal_i2c.o
LOAD ./Drivers/STM32L4xx_HAL_Driver/Src/stm32l4xx_hal_i2c_ex.o
LOAD ./Drivers/STM32L4xx_HAL_Driver/Src/stm32l4xx_hal_pcd.o
LOAD ./Drivers/STM32L4xx_HAL_Driver/Src/stm32l4xx_hal_pcd_ex.o
LOAD ./Drivers/STM32L4xx_HAL_Driver/Src/stm32l4xx_hal_pwr.o
LOAD ./Drivers/STM32L4xx_HAL_Driver/Src/stm32l4xx_hal_pwr_ex.o
LOAD ./Drivers/STM32L4xx_HAL_Driver/Src/stm32l4xx_hal_rcc.o
LOAD ./Drivers/STM32L4xx_HAL_Driver/Src/stm32l4xx_hal_rcc_ex.o
LOAD ./Drivers/STM32L4xx_HAL_Driver/Src/stm32l4xx_hal_spi.o
LOAD ./Drivers/STM32L4xx_HAL_Driver/Src/stm32l4xx_hal_spi_ex.o
LOAD ./Drivers/STM32L4xx_HAL_Driver/Src/stm32l4xx_hal_tim.o
LOAD ./Drivers/STM32L4xx_HAL_Driver/Src/stm32l4xx_hal_tim_ex.o
LOAD ./Drivers/STM32L4xx_HAL_Driver/Src/stm32l4xx_hal_uart.o
LOAD ./Drivers/STM32L4xx_HAL_Driver/Src/stm32l4xx_hal_uart_ex.o
LOAD ./Drivers/STM32L4xx_HAL_Driver/Src/stm32l4xx_ll_usb.o
LOAD ./Middlewares/ST/BlueNRG-MS/hci/controller/bluenrg_gap_aci.o
LOAD ./Middlewares/ST/BlueNRG-MS/hci/controller/bluenrg_gatt_aci.o
LOAD ./Middlewares/ST/BlueNRG-MS/hci/controller/bluenrg_hal_aci.o
LOAD ./Middlewares/ST/BlueNRG-MS/hci/controller/bluenrg_l2cap_aci.o
LOAD ./Middlewares/ST/BlueNRG-MS/hci/controller/bluenrg_updater_aci.o
LOAD ./Middlewares/ST/BlueNRG-MS/hci/controller/bluenrg_utils_small.o
LOAD ./Middlewares/ST/BlueNRG-MS/hci/hci_le.o
LOAD ./Middlewares/ST/BlueNRG-MS/hci/hci_tl_patterns/Basic/hci_tl.o
LOAD ./Middlewares/ST/BlueNRG-MS/utils/ble_list.o
START GROUP
LOAD /Applications/STM32CubeIDE.app/Contents/Eclipse/plugins/com.st.stm32cube.ide.mcu.externaltools.gnu-tools-for-stm32.13.3.rel1.macos64_1.0.0.202411102158/tools/bin/../lib/gcc/arm-none-eabi/13.3.1/../../../../arm-none-eabi/lib/thumb/v7e-m+fp/hard/libstdc++_nano.a
LOAD /Applications/STM32CubeIDE.app/Contents/Eclipse/plugins/com.st.stm32cube.ide.mcu.externaltools.gnu-tools-for-stm32.13.3.rel1.macos64_1.0.0.202411102158/tools/bin/../lib/gcc/arm-none-eabi/13.3.1/../../../../arm-none-eabi/lib/thumb/v7e-m+fp/hard/libsupc++_nano.a
END GROUP
LOAD /Applications/STM32CubeIDE.app/Contents/Eclipse/plugins/com.st.stm32cube.ide.mcu.externaltools.gnu-tools-for-stm32.13.3.rel1.macos64_1.0.0.202411102158/tools/bin/../lib/gcc/arm-none-eabi/13.3.1/../../../../arm-none-eabi/lib/thumb/v7e-m+fp/hard/libstdc++_nano.a
LOAD /Applications/STM32CubeIDE.app/Contents/Eclipse/plugins/com.st.stm32cube.ide.mcu.externaltools.gnu-tools-for-stm32.13.3.rel1.macos64_1.0.0.202411102158/tools/bin/../lib/gcc/arm-none-eabi/13.3.1/../../../../arm-none-eabi/lib/thumb/v7e-m+fp/hard/libm.a
LOAD /Applications/STM32CubeIDE.app/Contents/Eclipse/plugins/com.st.stm32cube.ide.mcu.externaltools.gnu-tools-for-stm32.13.3.rel1.macos64_1.0.0.202411102158/tools/bin/../lib/gcc/arm-none-eabi/13.3.1/../../../../arm-none-eabi/lib/thumb/v7e-m+fp/hard/libc_nano.a
START GROUP
LOAD /Applications/STM32CubeIDE.app/Contents/Eclipse/plugins/com.st.stm32cube.ide.mcu.externaltools.gnu-tools-for-stm32.13.3.rel1.macos64_1.0.0.202411102158/tools/bin/../lib/gcc/arm-none-eabi/13.3.1/thumb/v7e-m+fp/hard/libgcc.a
LOAD /Applications/STM32CubeIDE.app/Contents/Eclipse/plugins/com.st.stm32cube.ide.mcu.externaltools.gnu-tools-for-stm32.13.3.rel1.macos64_1.0.0.202411102158/tools/bin/../lib/gcc/arm-none-eabi/13.3.1/../../../../arm-none-eabi/lib/thumb/v7e-m+fp/hard/libc_nano.a
END GROUP
START GROUP
LOAD /Applications/STM32CubeIDE.app/Contents/Eclipse/plugins/com.st.stm32cube.ide.mcu.externaltools.gnu-tools-for-stm32.13.3.rel1.macos64_1.0.0.202411102158/tools/bin/../lib/gcc/arm-none-eabi/13.3.1/thumb/v7e-m+fp/hard/libgcc.a
LOAD /Applications/STM32CubeIDE.app/Contents/Eclipse/plugins/com.st.stm32cube.ide.mcu.externaltools.gnu-tools-for-stm32.13.3.rel1.macos64_1.0.0.202411102158/tools/bin/../lib/gcc/arm-none-eabi/13.3.1/../../../../arm-none-eabi/lib/thumb/v7e-m+fp/hard/libc_nano.a
END GROUP
LOAD /Applications/STM32CubeIDE.app/Contents/Eclipse/plugins/com.st.stm32cube.ide.mcu.externaltools.gnu-tools-for-stm32.13.3.rel1.macos64_1.0.0.202411102158/tools/bin/../lib/gcc/arm-none-eabi/13.3.1/thumb/v7e-m+fp/hard/crtend.o
LOAD /Applications/STM32CubeIDE.app/Contents/Eclipse/plugins/com.st.stm32cube.ide.mcu.externaltools.gnu-tools-for-stm32.13.3.rel1.macos64_1.0.0.202411102158/tools/bin/../lib/gcc/arm-none-eabi/13.3.1/thumb/v7e-m+fp/hard/crtn.o
                0x20018000                        _estack = (ORIGIN (RAM) + LENGTH (RAM))
                0x00000200                        _Min_Heap_Size = 0x200
                0x00000400                        _Min_Stack_Size = 0x400

.isr_vector     0x08000000      0x188
                0x08000000                        . = ALIGN (0x4)
 *(.isr_vector)
 .isr_vector    0x08000000      0x188 ./Core/Startup/startup_stm32l475vgtx.o
                0x08000000                g_pfnVectors
                0x08000188                        . = ALIGN (0x4)

.text           0x08000190     0xad78
                0x08000190                        . = ALIGN (0x4)
 *(.text)
 .text          0x08000190       0x40 /Applications/STM32CubeIDE.app/Contents/Eclipse/plugins/com.st.stm32cube.ide.mcu.externaltools.gnu-tools-for-stm32.13.3.rel1.macos64_1.0.0.202411102158/tools/bin/../lib/gcc/arm-none-eabi/13.3.1/thumb/v7e-m+fp/hard/crtbegin.o
 .text          0x080001d0       0xa0 /Applications/STM32CubeIDE.app/Contents/Eclipse/plugins/com.st.stm32cube.ide.mcu.externaltools.gnu-tools-for-stm32.13.3.rel1.macos64_1.0.0.202411102158/tools/bin/../lib/gcc/arm-none-eabi/13.3.1/../../../../arm-none-eabi/lib/thumb/v7e-m+fp/hard/libc_nano.a(libc_a-memchr.o)
                0x080001d0                memchr
 .text          0x08000270       0x30 /Applications/STM32CubeIDE.app/Contents/Eclipse/plugins/com.st.stm32cube.ide.mcu.externaltools.gnu-tools-for-stm32.13.3.rel1.macos64_1.0.0.202411102158/tools/bin/../lib/gcc/arm-none-eabi/13.3.1/thumb/v7e-m+fp/hard/libgcc.a(_aeabi_uldivmod.o)
                0x08000270                __aeabi_uldivmod
 .text          0x080002a0      0x2f8 /Applications/STM32CubeIDE.app/Contents/Eclipse/plugins/com.st.stm32cube.ide.mcu.externaltools.gnu-tools-for-stm32.13.3.rel1.macos64_1.0.0.202411102158/tools/bin/../lib/gcc/arm-none-eabi/13.3.1/thumb/v7e-m+fp/hard/libgcc.a(_udivmoddi4.o)
                0x080002a0                __udivmoddi4
 .text          0x08000598        0x4 /Applications/STM32CubeIDE.app/Contents/Eclipse/plugins/com.st.stm32cube.ide.mcu.externaltools.gnu-tools-for-stm32.13.3.rel1.macos64_1.0.0.202411102158/tools/bin/../lib/gcc/arm-none-eabi/13.3.1/thumb/v7e-m+fp/hard/libgcc.a(_dvmd_tls.o)
                0x08000598                __aeabi_ldiv0
                0x08000598                __aeabi_idiv0
 *(.text*)
 .text.MX_BlueNRG_MS_Init
                0x0800059c      0x214 ./BlueNRG_MS/App/app_bluenrg_ms.o
                0x0800059c                MX_BlueNRG_MS_Init
 .text.MX_BlueNRG_MS_Process
                0x080007b0       0x10 ./BlueNRG_MS/App/app_bluenrg_ms.o
                0x080007b0                MX_BlueNRG_MS_Process
 .text.User_Init
                0x080007c0       0x1c ./BlueNRG_MS/App/app_bluenrg_ms.o
 .text.User_Process
                0x080007dc      0x120 ./BlueNRG_MS/App/app_bluenrg_ms.o
 .text.BSP_PB_Callback
                0x080008fc       0x20 ./BlueNRG_MS/App/app_bluenrg_ms.o
                0x080008fc                BSP_PB_Callback
 .text.Add_Sample_Service
                0x0800091c       0xe4 ./BlueNRG_MS/App/sample_service.o
                0x0800091c                Add_Sample_Service
 .text.Make_Connection
                0x08000a00       0xd4 ./BlueNRG_MS/App/sample_service.o
                0x08000a00                Make_Connection
 .text.startReadTXCharHandle
                0x08000ad4       0x4c ./BlueNRG_MS/App/sample_service.o
                0x08000ad4                startReadTXCharHandle
 .text.startReadRXCharHandle
                0x08000b20       0x4c ./BlueNRG_MS/App/sample_service.o
                0x08000b20                startReadRXCharHandle
 .text.sendData
                0x08000b6c       0x60 ./BlueNRG_MS/App/sample_service.o
                0x08000b6c                sendData
 .text.enableNotification
                0x08000bcc       0x60 ./BlueNRG_MS/App/sample_service.o
                0x08000bcc                enableNotification
 .text.Attribute_Modified_CB
                0x08000c2c       0x58 ./BlueNRG_MS/App/sample_service.o
                0x08000c2c                Attribute_Modified_CB
 .text.GAP_ConnectionComplete_CB
                0x08000c84       0x68 ./BlueNRG_MS/App/sample_service.o
                0x08000c84                GAP_ConnectionComplete_CB
 .text.GAP_DisconnectionComplete_CB
                0x08000cec       0x58 ./BlueNRG_MS/App/sample_service.o
                0x08000cec                GAP_DisconnectionComplete_CB
 .text.GATT_Notification_CB
                0x08000d44       0x34 ./BlueNRG_MS/App/sample_service.o
                0x08000d44                GATT_Notification_CB
 .text.user_notify
                0x08000d78      0x218 ./BlueNRG_MS/App/sample_service.o
                0x08000d78                user_notify
 .text.HCI_TL_SPI_Init
                0x08000f90       0x94 ./BlueNRG_MS/Target/hci_tl_interface.o
                0x08000f90                HCI_TL_SPI_Init
 .text.HCI_TL_SPI_DeInit
                0x08001024       0x30 ./BlueNRG_MS/Target/hci_tl_interface.o
                0x08001024                HCI_TL_SPI_DeInit
 .text.HCI_TL_SPI_Reset
                0x08001054       0x44 ./BlueNRG_MS/Target/hci_tl_interface.o
                0x08001054                HCI_TL_SPI_Reset
 .text.HCI_TL_SPI_Receive
                0x08001098       0xb0 ./BlueNRG_MS/Target/hci_tl_interface.o
                0x08001098                HCI_TL_SPI_Receive
 .text.HCI_TL_SPI_Send
                0x08001148       0xa0 ./BlueNRG_MS/Target/hci_tl_interface.o
                0x08001148                HCI_TL_SPI_Send
 .text.IsDataAvailable
                0x080011e8       0x20 ./BlueNRG_MS/Target/hci_tl_interface.o
 .text.hci_tl_lowlevel_init
                0x08001208       0x74 ./BlueNRG_MS/Target/hci_tl_interface.o
                0x08001208                hci_tl_lowlevel_init
 .text.hci_tl_lowlevel_isr
                0x0800127c       0x22 ./BlueNRG_MS/Target/hci_tl_interface.o
                0x0800127c                hci_tl_lowlevel_isr
 .text._ZN8SafeGameC2ER6KeypadR3LCD
                0x0800129e       0x26 ./Core/Src/game.o
                0x0800129e                SafeGame::SafeGame(Keypad&, LCD&)
                0x0800129e                SafeGame::SafeGame(Keypad&, LCD&)
 .text._ZN8SafeGame12GenerateCodeEv
                0x080012c4       0x68 ./Core/Src/game.o
                0x080012c4                SafeGame::GenerateCode()
 .text._ZN8SafeGame10CountBullsEv
                0x0800132c       0x4a ./Core/Src/game.o
                0x0800132c                SafeGame::CountBulls()
 .text._ZN8SafeGame9CountCowsEv
                0x08001376       0x64 ./Core/Src/game.o
                0x08001376                SafeGame::CountCows()
 *fill*         0x080013da        0x2 
 .text._ZN8SafeGame4PlayEv
                0x080013dc      0x160 ./Core/Src/game.o
                0x080013dc                SafeGame::Play()
 .text._ZN6KeypadC2EP11pinStruct_tS1_
                0x0800153c       0xd2 ./Core/Src/keypad.o
                0x0800153c                Keypad::Keypad(pinStruct_t*, pinStruct_t*)
                0x0800153c                Keypad::Keypad(pinStruct_t*, pinStruct_t*)
 *fill*         0x0800160e        0x2 
 .text._ZN6Keypad6GetKeyEv
                0x08001610       0xe0 ./Core/Src/keypad.o
                0x08001610                Keypad::GetKey()
 .text._ZN3LCDC2EP19__I2C_HandleTypeDefh
                0x080016f0       0x28 ./Core/Src/lcd.o
                0x080016f0                LCD::LCD(__I2C_HandleTypeDef*, unsigned char)
                0x080016f0                LCD::LCD(__I2C_HandleTypeDef*, unsigned char)
 .text._ZN3LCD9WriteByteEhh
                0x08001718       0x7e ./Core/Src/lcd.o
                0x08001718                LCD::WriteByte(unsigned char, unsigned char)
 .text._ZN3LCD4InitEv
                0x08001796       0xde ./Core/Src/lcd.o
                0x08001796                LCD::Init()
 .text._ZN3LCD5PrintEc
                0x08001874       0x20 ./Core/Src/lcd.o
                0x08001874                LCD::Print(char)
 .text._ZN3LCD5PrintEPKc
                0x08001894       0x30 ./Core/Src/lcd.o
                0x08001894                LCD::Print(char const*)
 .text._ZN3LCD9SetCursorEhh
                0x080018c4       0x3a ./Core/Src/lcd.o
                0x080018c4                LCD::SetCursor(unsigned char, unsigned char)
 .text._ZN3LCD5ClearEv
                0x080018fe       0x20 ./Core/Src/lcd.o
                0x080018fe                LCD::Clear()
 .text.main     0x0800191e       0x3c ./Core/Src/main.o
                0x0800191e                main
 *fill*         0x0800195a        0x2 
 .text.SystemClock_Config
                0x0800195c       0xc4 ./Core/Src/main.o
                0x0800195c                SystemClock_Config
 .text.MX_DFSDM1_Init
                0x08001a20       0x70 ./Core/Src/main.o
 .text.MX_I2C1_Init
                0x08001a90       0x80 ./Core/Src/main.o
 .text.MX_I2C2_Init
                0x08001b10       0x80 ./Core/Src/main.o
 .text.MX_TIM4_Init
                0x08001b90       0xb8 ./Core/Src/main.o
 .text.MX_USART3_UART_Init
                0x08001c48       0x60 ./Core/Src/main.o
 .text.MX_USB_OTG_FS_PCD_Init
                0x08001ca8       0x5c ./Core/Src/main.o
 .text.MX_GPIO_Init
                0x08001d04      0x318 ./Core/Src/main.o
 .text.Error_Handler
                0x0800201c        0xc ./Core/Src/main.o
                0x0800201c                Error_Handler
 .text.main_cpp_init
                0x08002028       0x38 ./Core/Src/main_cpp.o
                0x08002028                main_cpp_init
 .text.main_cpp_loop
                0x08002060       0xa0 ./Core/Src/main_cpp.o
                0x08002060                main_cpp_loop
 .text.receiveData
                0x08002100       0xa4 ./Core/Src/main_cpp.o
                0x08002100                receiveData
 .text._Z41__static_initialization_and_destruction_0v
                0x080021a4       0x50 ./Core/Src/main_cpp.o
 .text._GLOBAL__sub_I_myServo
                0x080021f4        0xa ./Core/Src/main_cpp.o
 .text._ZN5ServoC2EP17TIM_HandleTypeDefm
                0x080021fe       0x26 ./Core/Src/servo.o
                0x080021fe                Servo::Servo(TIM_HandleTypeDef*, unsigned long)
                0x080021fe                Servo::Servo(TIM_HandleTypeDef*, unsigned long)
 .text._ZN5Servo5StartEv
                0x08002224       0x20 ./Core/Src/servo.o
                0x08002224                Servo::Start()
 .text._ZN5Servo9TurnShaftEm
                0x08002244       0x84 ./Core/Src/servo.o
                0x08002244                Servo::TurnShaft(unsigned long)
 .text.HAL_MspInit
                0x080022c8       0x48 ./Core/Src/stm32l4xx_hal_msp.o
                0x080022c8                HAL_MspInit
 .text.HAL_DFSDM_ChannelMspInit
                0x08002310       0xc8 ./Core/Src/stm32l4xx_hal_msp.o
                0x08002310                HAL_DFSDM_ChannelMspInit
 .text.HAL_I2C_MspInit
                0x080023d8      0x144 ./Core/Src/stm32l4xx_hal_msp.o
                0x080023d8                HAL_I2C_MspInit
 .text.HAL_TIM_PWM_MspInit
                0x0800251c       0x40 ./Core/Src/stm32l4xx_hal_msp.o
                0x0800251c                HAL_TIM_PWM_MspInit
 .text.HAL_TIM_MspPostInit
                0x0800255c       0x70 ./Core/Src/stm32l4xx_hal_msp.o
                0x0800255c                HAL_TIM_MspPostInit
 .text.HAL_UART_MspInit
                0x080025cc       0xbc ./Core/Src/stm32l4xx_hal_msp.o
                0x080025cc                HAL_UART_MspInit
 .text.HAL_PCD_MspInit
                0x08002688      0x138 ./Core/Src/stm32l4xx_hal_msp.o
                0x08002688                HAL_PCD_MspInit
 .text.NMI_Handler
                0x080027c0        0x8 ./Core/Src/stm32l4xx_it.o
                0x080027c0                NMI_Handler
 .text.HardFault_Handler
                0x080027c8        0x8 ./Core/Src/stm32l4xx_it.o
                0x080027c8                HardFault_Handler
 .text.MemManage_Handler
                0x080027d0        0x8 ./Core/Src/stm32l4xx_it.o
                0x080027d0                MemManage_Handler
 .text.BusFault_Handler
                0x080027d8        0x8 ./Core/Src/stm32l4xx_it.o
                0x080027d8                BusFault_Handler
 .text.UsageFault_Handler
                0x080027e0        0x8 ./Core/Src/stm32l4xx_it.o
                0x080027e0                UsageFault_Handler
 .text.SVC_Handler
                0x080027e8        0xe ./Core/Src/stm32l4xx_it.o
                0x080027e8                SVC_Handler
 .text.DebugMon_Handler
                0x080027f6        0xe ./Core/Src/stm32l4xx_it.o
                0x080027f6                DebugMon_Handler
 .text.PendSV_Handler
                0x08002804        0xe ./Core/Src/stm32l4xx_it.o
                0x08002804                PendSV_Handler
 .text.SysTick_Handler
                0x08002812        0xc ./Core/Src/stm32l4xx_it.o
                0x08002812                SysTick_Handler
 *fill*         0x0800281e        0x2 
 .text.EXTI9_5_IRQHandler
                0x08002820       0x20 ./Core/Src/stm32l4xx_it.o
                0x08002820                EXTI9_5_IRQHandler
 .text.EXTI15_10_IRQHandler
                0x08002840       0x2c ./Core/Src/stm32l4xx_it.o
                0x08002840                EXTI15_10_IRQHandler
 .text._getpid  0x0800286c       0x10 ./Core/Src/syscalls.o
                0x0800286c                _getpid
 .text._kill    0x0800287c       0x20 ./Core/Src/syscalls.o
                0x0800287c                _kill
 .text._exit    0x0800289c       0x16 ./Core/Src/syscalls.o
                0x0800289c                _exit
 .text._read    0x080028b2       0x3a ./Core/Src/syscalls.o
                0x080028b2                _read
 .text._write   0x080028ec       0x38 ./Core/Src/syscalls.o
                0x080028ec                _write
 .text._close   0x08002924       0x18 ./Core/Src/syscalls.o
                0x08002924                _close
 .text._fstat   0x0800293c       0x20 ./Core/Src/syscalls.o
                0x0800293c                _fstat
 .text._isatty  0x0800295c       0x16 ./Core/Src/syscalls.o
                0x0800295c                _isatty
 .text._lseek   0x08002972       0x1a ./Core/Src/syscalls.o
                0x08002972                _lseek
 .text._sbrk    0x0800298c       0x6c ./Core/Src/sysmem.o
                0x0800298c                _sbrk
 .text.SystemInit
                0x080029f8       0x24 ./Core/Src/system_stm32l4xx.o
                0x080029f8                SystemInit
 .text.Reset_Handler
                0x08002a1c       0x50 ./Core/Startup/startup_stm32l475vgtx.o
                0x08002a1c                Reset_Handler
 .text.Default_Handler
                0x08002a6c        0x2 ./Core/Startup/startup_stm32l475vgtx.o
                0x08002a6c                TIM1_BRK_TIM15_IRQHandler
                0x08002a6c                EXTI2_IRQHandler
                0x08002a6c                TIM8_TRG_COM_IRQHandler
                0x08002a6c                TIM8_CC_IRQHandler
                0x08002a6c                TIM1_CC_IRQHandler
                0x08002a6c                TSC_IRQHandler
                0x08002a6c                TAMP_STAMP_IRQHandler
                0x08002a6c                EXTI3_IRQHandler
                0x08002a6c                LPTIM2_IRQHandler
                0x08002a6c                DFSDM1_FLT1_IRQHandler
                0x08002a6c                I2C3_ER_IRQHandler
                0x08002a6c                DFSDM1_FLT2_IRQHandler
                0x08002a6c                EXTI0_IRQHandler
                0x08002a6c                I2C2_EV_IRQHandler
                0x08002a6c                CAN1_RX0_IRQHandler
                0x08002a6c                FPU_IRQHandler
                0x08002a6c                TIM1_UP_TIM16_IRQHandler
                0x08002a6c                ADC1_2_IRQHandler
                0x08002a6c                SPI1_IRQHandler
                0x08002a6c                TIM6_DAC_IRQHandler
                0x08002a6c                TIM8_UP_IRQHandler
                0x08002a6c                DMA2_Channel2_IRQHandler
                0x08002a6c                DMA1_Channel4_IRQHandler
                0x08002a6c                SAI2_IRQHandler
                0x08002a6c                DFSDM1_FLT3_IRQHandler
                0x08002a6c                USART3_IRQHandler
                0x08002a6c                DMA1_Channel7_IRQHandler
                0x08002a6c                CAN1_RX1_IRQHandler
                0x08002a6c                UART5_IRQHandler
                0x08002a6c                ADC3_IRQHandler
                0x08002a6c                TIM4_IRQHandler
                0x08002a6c                DMA2_Channel1_IRQHandler
                0x08002a6c                QUADSPI_IRQHandler
                0x08002a6c                I2C1_EV_IRQHandler
                0x08002a6c                DMA1_Channel6_IRQHandler
                0x08002a6c                UART4_IRQHandler
                0x08002a6c                DMA2_Channel4_IRQHandler
                0x08002a6c                TIM3_IRQHandler
                0x08002a6c                RCC_IRQHandler
                0x08002a6c                DMA1_Channel1_IRQHandler
                0x08002a6c                Default_Handler
                0x08002a6c                DMA2_Channel7_IRQHandler
                0x08002a6c                TIM7_IRQHandler
                0x08002a6c                SDMMC1_IRQHandler
                0x08002a6c                TIM5_IRQHandler
                0x08002a6c                I2C3_EV_IRQHandler
                0x08002a6c                RTC_WKUP_IRQHandler
                0x08002a6c                PVD_PVM_IRQHandler
                0x08002a6c                SPI2_IRQHandler
                0x08002a6c                CAN1_TX_IRQHandler
                0x08002a6c                DMA2_Channel5_IRQHandler
                0x08002a6c                DMA1_Channel5_IRQHandler
                0x08002a6c                EXTI4_IRQHandler
                0x08002a6c                RNG_IRQHandler
                0x08002a6c                TIM1_TRG_COM_TIM17_IRQHandler
                0x08002a6c                DMA1_Channel3_IRQHandler
                0x08002a6c                COMP_IRQHandler
                0x08002a6c                WWDG_IRQHandler
                0x08002a6c                LPUART1_IRQHandler
                0x08002a6c                DMA2_Channel6_IRQHandler
                0x08002a6c                TIM2_IRQHandler
                0x08002a6c                EXTI1_IRQHandler
                0x08002a6c                USART2_IRQHandler
                0x08002a6c                DFSDM1_FLT0_IRQHandler
                0x08002a6c                I2C2_ER_IRQHandler
                0x08002a6c                DMA1_Channel2_IRQHandler
                0x08002a6c                TIM8_BRK_IRQHandler
                0x08002a6c                CAN1_SCE_IRQHandler
                0x08002a6c                FLASH_IRQHandler
                0x08002a6c                USART1_IRQHandler
                0x08002a6c                OTG_FS_IRQHandler
                0x08002a6c                SPI3_IRQHandler
                0x08002a6c                I2C1_ER_IRQHandler
                0x08002a6c                FMC_IRQHandler
                0x08002a6c                SWPMI1_IRQHandler
                0x08002a6c                LPTIM1_IRQHandler
                0x08002a6c                SAI1_IRQHandler
                0x08002a6c                DMA2_Channel3_IRQHandler
                0x08002a6c                RTC_Alarm_IRQHandler
 *fill*         0x08002a6e        0x2 
 .text.BSP_LED_Init
                0x08002a70       0x24 ./Drivers/BSP/B-L475E-IOT01A1/b_l475e_iot01a1.o
                0x08002a70                BSP_LED_Init
 .text.BSP_LED_On
                0x08002a94       0x2c ./Drivers/BSP/B-L475E-IOT01A1/b_l475e_iot01a1.o
                0x08002a94                BSP_LED_On
 .text.BSP_LED_Off
                0x08002ac0       0x2c ./Drivers/BSP/B-L475E-IOT01A1/b_l475e_iot01a1.o
                0x08002ac0                BSP_LED_Off
 .text.LED_USER_GPIO_Init
                0x08002aec       0x80 ./Drivers/BSP/B-L475E-IOT01A1/b_l475e_iot01a1.o
 .text.BSP_PB_Init
                0x08002b6c       0xa8 ./Drivers/BSP/B-L475E-IOT01A1/b_l475e_iot01a1.o
                0x08002b6c                BSP_PB_Init
 .text.BSP_PB_GetState
                0x08002c14       0x38 ./Drivers/BSP/B-L475E-IOT01A1/b_l475e_iot01a1.o
                0x08002c14                BSP_PB_GetState
 .text.BUTTON_USER_EXTI_Callback
                0x08002c4c        0xe ./Drivers/BSP/B-L475E-IOT01A1/b_l475e_iot01a1.o
 *fill*         0x08002c5a        0x2 
 .text.BUTTON_USER_GPIO_Init
                0x08002c5c       0x74 ./Drivers/BSP/B-L475E-IOT01A1/b_l475e_iot01a1.o
 .text.BSP_COM_Init
                0x08002cd0       0x7c ./Drivers/BSP/B-L475E-IOT01A1/b_l475e_iot01a1.o
                0x08002cd0                BSP_COM_Init
 .text.MX_USART1_UART_Init
                0x08002d4c       0x68 ./Drivers/BSP/B-L475E-IOT01A1/b_l475e_iot01a1.o
                0x08002d4c                MX_USART1_UART_Init
 .text.__io_putchar
                0x08002db4       0x38 ./Drivers/BSP/B-L475E-IOT01A1/b_l475e_iot01a1.o
                0x08002db4                __io_putchar
 .text.USART1_MspInit
                0x08002dec       0xbc ./Drivers/BSP/B-L475E-IOT01A1/b_l475e_iot01a1.o
 .text.BSP_SPI3_Init
                0x08002ea8       0x60 ./Drivers/BSP/B-L475E-IOT01A1/b_l475e_iot01a1_bus.o
                0x08002ea8                BSP_SPI3_Init
 .text.BSP_SPI3_SendRecv
                0x08002f08       0x40 ./Drivers/BSP/B-L475E-IOT01A1/b_l475e_iot01a1_bus.o
                0x08002f08                BSP_SPI3_SendRecv
 .text.BSP_GetTick
                0x08002f48        0xe ./Drivers/BSP/B-L475E-IOT01A1/b_l475e_iot01a1_bus.o
                0x08002f48                BSP_GetTick
 *fill*         0x08002f56        0x2 
 .text.MX_SPI3_Init
                0x08002f58       0x84 ./Drivers/BSP/B-L475E-IOT01A1/b_l475e_iot01a1_bus.o
                0x08002f58                MX_SPI3_Init
 .text.SPI3_MspInit
                0x08002fdc       0xb0 ./Drivers/BSP/B-L475E-IOT01A1/b_l475e_iot01a1_bus.o
 .text.HAL_Init
                0x0800308c       0x30 ./Drivers/STM32L4xx_HAL_Driver/Src/stm32l4xx_hal.o
                0x0800308c                HAL_Init
 .text.HAL_InitTick
                0x080030bc       0x78 ./Drivers/STM32L4xx_HAL_Driver/Src/stm32l4xx_hal.o
                0x080030bc                HAL_InitTick
 .text.HAL_IncTick
                0x08003134       0x28 ./Drivers/STM32L4xx_HAL_Driver/Src/stm32l4xx_hal.o
                0x08003134                HAL_IncTick
 .text.HAL_GetTick
                0x0800315c       0x18 ./Drivers/STM32L4xx_HAL_Driver/Src/stm32l4xx_hal.o
                0x0800315c                HAL_GetTick
 .text.HAL_Delay
                0x08003174       0x48 ./Drivers/STM32L4xx_HAL_Driver/Src/stm32l4xx_hal.o
                0x08003174                HAL_Delay
 .text.__NVIC_SetPriorityGrouping
                0x080031bc       0x48 ./Drivers/STM32L4xx_HAL_Driver/Src/stm32l4xx_hal_cortex.o
 .text.__NVIC_GetPriorityGrouping
                0x08003204       0x1c ./Drivers/STM32L4xx_HAL_Driver/Src/stm32l4xx_hal_cortex.o
 .text.__NVIC_EnableIRQ
                0x08003220       0x3c ./Drivers/STM32L4xx_HAL_Driver/Src/stm32l4xx_hal_cortex.o
 .text.__NVIC_SetPriority
                0x0800325c       0x54 ./Drivers/STM32L4xx_HAL_Driver/Src/stm32l4xx_hal_cortex.o
 .text.NVIC_EncodePriority
                0x080032b0       0x66 ./Drivers/STM32L4xx_HAL_Driver/Src/stm32l4xx_hal_cortex.o
 *fill*         0x08003316        0x2 
 .text.SysTick_Config
                0x08003318       0x44 ./Drivers/STM32L4xx_HAL_Driver/Src/stm32l4xx_hal_cortex.o
 .text.HAL_NVIC_SetPriorityGrouping
                0x0800335c       0x16 ./Drivers/STM32L4xx_HAL_Driver/Src/stm32l4xx_hal_cortex.o
                0x0800335c                HAL_NVIC_SetPriorityGrouping
 .text.HAL_NVIC_SetPriority
                0x08003372       0x38 ./Drivers/STM32L4xx_HAL_Driver/Src/stm32l4xx_hal_cortex.o
                0x08003372                HAL_NVIC_SetPriority
 .text.HAL_NVIC_EnableIRQ
                0x080033aa       0x1c ./Drivers/STM32L4xx_HAL_Driver/Src/stm32l4xx_hal_cortex.o
                0x080033aa                HAL_NVIC_EnableIRQ
 .text.HAL_SYSTICK_Config
                0x080033c6       0x18 ./Drivers/STM32L4xx_HAL_Driver/Src/stm32l4xx_hal_cortex.o
                0x080033c6                HAL_SYSTICK_Config
 *fill*         0x080033de        0x2 
 .text.HAL_DFSDM_ChannelInit
                0x080033e0      0x180 ./Drivers/STM32L4xx_HAL_Driver/Src/stm32l4xx_hal_dfsdm.o
                0x080033e0                HAL_DFSDM_ChannelInit
 .text.DFSDM_GetChannelFromInstance
                0x08003560       0x98 ./Drivers/STM32L4xx_HAL_Driver/Src/stm32l4xx_hal_dfsdm.o
 .text.HAL_EXTI_RegisterCallback
                0x080035f8       0x34 ./Drivers/STM32L4xx_HAL_Driver/Src/stm32l4xx_hal_exti.o
                0x080035f8                HAL_EXTI_RegisterCallback
 .text.HAL_EXTI_GetHandle
                0x0800362c       0x28 ./Drivers/STM32L4xx_HAL_Driver/Src/stm32l4xx_hal_exti.o
                0x0800362c                HAL_EXTI_GetHandle
 .text.HAL_EXTI_IRQHandler
                0x08003654       0x60 ./Drivers/STM32L4xx_HAL_Driver/Src/stm32l4xx_hal_exti.o
                0x08003654                HAL_EXTI_IRQHandler
 .text.HAL_GPIO_Init
                0x080036b4      0x354 ./Drivers/STM32L4xx_HAL_Driver/Src/stm32l4xx_hal_gpio.o
                0x080036b4                HAL_GPIO_Init
 .text.HAL_GPIO_DeInit
                0x08003a08      0x1e8 ./Drivers/STM32L4xx_HAL_Driver/Src/stm32l4xx_hal_gpio.o
                0x08003a08                HAL_GPIO_DeInit
 .text.HAL_GPIO_ReadPin
                0x08003bf0       0x30 ./Drivers/STM32L4xx_HAL_Driver/Src/stm32l4xx_hal_gpio.o
                0x08003bf0                HAL_GPIO_ReadPin
 .text.HAL_GPIO_WritePin
                0x08003c20       0x30 ./Drivers/STM32L4xx_HAL_Driver/Src/stm32l4xx_hal_gpio.o
                0x08003c20                HAL_GPIO_WritePin
 .text.HAL_GPIO_EXTI_IRQHandler
                0x08003c50       0x30 ./Drivers/STM32L4xx_HAL_Driver/Src/stm32l4xx_hal_gpio.o
                0x08003c50                HAL_GPIO_EXTI_IRQHandler
 .text.HAL_GPIO_EXTI_Callback
                0x08003c80       0x16 ./Drivers/STM32L4xx_HAL_Driver/Src/stm32l4xx_hal_gpio.o
                0x08003c80                HAL_GPIO_EXTI_Callback
 .text.HAL_I2C_Init
                0x08003c96      0x136 ./Drivers/STM32L4xx_HAL_Driver/Src/stm32l4xx_hal_i2c.o
                0x08003c96                HAL_I2C_Init
 .text.HAL_I2C_Master_Transmit
                0x08003dcc      0x230 ./Drivers/STM32L4xx_HAL_Driver/Src/stm32l4xx_hal_i2c.o
                0x08003dcc                HAL_I2C_Master_Transmit
 .text.I2C_Flush_TXDR
                0x08003ffc       0x48 ./Drivers/STM32L4xx_HAL_Driver/Src/stm32l4xx_hal_i2c.o
 .text.I2C_WaitOnFlagUntilTimeout
                0x08004044       0xb2 ./Drivers/STM32L4xx_HAL_Driver/Src/stm32l4xx_hal_i2c.o
 .text.I2C_WaitOnTXISFlagUntilTimeout
                0x080040f6       0x8e ./Drivers/STM32L4xx_HAL_Driver/Src/stm32l4xx_hal_i2c.o
 .text.I2C_WaitOnSTOPFlagUntilTimeout
                0x08004184       0x86 ./Drivers/STM32L4xx_HAL_Driver/Src/stm32l4xx_hal_i2c.o
 *fill*         0x0800420a        0x2 
 .text.I2C_IsErrorOccurred
                0x0800420c      0x1c0 ./Drivers/STM32L4xx_HAL_Driver/Src/stm32l4xx_hal_i2c.o
 .text.I2C_TransferConfig
                0x080043cc       0x64 ./Drivers/STM32L4xx_HAL_Driver/Src/stm32l4xx_hal_i2c.o
 .text.HAL_I2CEx_ConfigAnalogFilter
                0x08004430       0x96 ./Drivers/STM32L4xx_HAL_Driver/Src/stm32l4xx_hal_i2c_ex.o
                0x08004430                HAL_I2CEx_ConfigAnalogFilter
 .text.HAL_I2CEx_ConfigDigitalFilter
                0x080044c6       0x98 ./Drivers/STM32L4xx_HAL_Driver/Src/stm32l4xx_hal_i2c_ex.o
                0x080044c6                HAL_I2CEx_ConfigDigitalFilter
 .text.HAL_PCD_Init
                0x0800455e      0x21e ./Drivers/STM32L4xx_HAL_Driver/Src/stm32l4xx_hal_pcd.o
                0x0800455e                HAL_PCD_Init
 .text.HAL_PCDEx_ActivateLPM
                0x0800477c       0x48 ./Drivers/STM32L4xx_HAL_Driver/Src/stm32l4xx_hal_pcd_ex.o
                0x0800477c                HAL_PCDEx_ActivateLPM
 .text.HAL_PWR_EnableBkUpAccess
                0x080047c4       0x20 ./Drivers/STM32L4xx_HAL_Driver/Src/stm32l4xx_hal_pwr.o
                0x080047c4                HAL_PWR_EnableBkUpAccess
 .text.HAL_PWREx_GetVoltageRange
                0x080047e4       0x1c ./Drivers/STM32L4xx_HAL_Driver/Src/stm32l4xx_hal_pwr_ex.o
                0x080047e4                HAL_PWREx_GetVoltageRange
 .text.HAL_PWREx_ControlVoltageScaling
                0x08004800       0xac ./Drivers/STM32L4xx_HAL_Driver/Src/stm32l4xx_hal_pwr_ex.o
                0x08004800                HAL_PWREx_ControlVoltageScaling
 .text.HAL_PWREx_EnableVddUSB
                0x080048ac       0x20 ./Drivers/STM32L4xx_HAL_Driver/Src/stm32l4xx_hal_pwr_ex.o
                0x080048ac                HAL_PWREx_EnableVddUSB
 .text.HAL_RCC_OscConfig
                0x080048cc      0x7b8 ./Drivers/STM32L4xx_HAL_Driver/Src/stm32l4xx_hal_rcc.o
                0x080048cc                HAL_RCC_OscConfig
 .text.HAL_RCC_ClockConfig
                0x08005084      0x200 ./Drivers/STM32L4xx_HAL_Driver/Src/stm32l4xx_hal_rcc.o
                0x08005084                HAL_RCC_ClockConfig
 .text.HAL_RCC_GetSysClockFreq
                0x08005284      0x118 ./Drivers/STM32L4xx_HAL_Driver/Src/stm32l4xx_hal_rcc.o
                0x08005284                HAL_RCC_GetSysClockFreq
 .text.HAL_RCC_GetHCLKFreq
                0x0800539c       0x18 ./Drivers/STM32L4xx_HAL_Driver/Src/stm32l4xx_hal_rcc.o
                0x0800539c                HAL_RCC_GetHCLKFreq
 .text.HAL_RCC_GetPCLK1Freq
                0x080053b4       0x2c ./Drivers/STM32L4xx_HAL_Driver/Src/stm32l4xx_hal_rcc.o
                0x080053b4                HAL_RCC_GetPCLK1Freq
 .text.HAL_RCC_GetPCLK2Freq
                0x080053e0       0x2c ./Drivers/STM32L4xx_HAL_Driver/Src/stm32l4xx_hal_rcc.o
                0x080053e0                HAL_RCC_GetPCLK2Freq
 .text.RCC_SetFlashLatencyFromMSIRange
                0x0800540c       0xc0 ./Drivers/STM32L4xx_HAL_Driver/Src/stm32l4xx_hal_rcc.o
 .text.HAL_RCCEx_PeriphCLKConfig
                0x080054cc      0x5d4 ./Drivers/STM32L4xx_HAL_Driver/Src/stm32l4xx_hal_rcc_ex.o
                0x080054cc                HAL_RCCEx_PeriphCLKConfig
 .text.HAL_RCCEx_EnableMSIPLLMode
                0x08005aa0       0x20 ./Drivers/STM32L4xx_HAL_Driver/Src/stm32l4xx_hal_rcc_ex.o
                0x08005aa0                HAL_RCCEx_EnableMSIPLLMode
 .text.RCCEx_PLLSAI1_Config
                0x08005ac0      0x1e8 ./Drivers/STM32L4xx_HAL_Driver/Src/stm32l4xx_hal_rcc_ex.o
 .text.RCCEx_PLLSAI2_Config
                0x08005ca8      0x1bc ./Drivers/STM32L4xx_HAL_Driver/Src/stm32l4xx_hal_rcc_ex.o
 .text.HAL_SPI_Init
                0x08005e64      0x146 ./Drivers/STM32L4xx_HAL_Driver/Src/stm32l4xx_hal_spi.o
                0x08005e64                HAL_SPI_Init
 .text.HAL_SPI_MspInit
                0x08005faa       0x14 ./Drivers/STM32L4xx_HAL_Driver/Src/stm32l4xx_hal_spi.o
                0x08005faa                HAL_SPI_MspInit
 .text.HAL_SPI_TransmitReceive
                0x08005fbe      0x43e ./Drivers/STM32L4xx_HAL_Driver/Src/stm32l4xx_hal_spi.o
                0x08005fbe                HAL_SPI_TransmitReceive
 .text.HAL_SPI_GetState
                0x080063fc       0x1c ./Drivers/STM32L4xx_HAL_Driver/Src/stm32l4xx_hal_spi.o
                0x080063fc                HAL_SPI_GetState
 .text.SPI_WaitFlagStateUntilTimeout
                0x08006418      0x110 ./Drivers/STM32L4xx_HAL_Driver/Src/stm32l4xx_hal_spi.o
 .text.SPI_WaitFifoStateUntilTimeout
                0x08006528      0x12c ./Drivers/STM32L4xx_HAL_Driver/Src/stm32l4xx_hal_spi.o
 .text.SPI_EndRxTxTransaction
                0x08006654       0x8c ./Drivers/STM32L4xx_HAL_Driver/Src/stm32l4xx_hal_spi.o
 .text.HAL_TIM_PWM_Init
                0x080066e0       0xae ./Drivers/STM32L4xx_HAL_Driver/Src/stm32l4xx_hal_tim.o
                0x080066e0                HAL_TIM_PWM_Init
 *fill*         0x0800678e        0x2 
 .text.HAL_TIM_PWM_Start
                0x08006790      0x20c ./Drivers/STM32L4xx_HAL_Driver/Src/stm32l4xx_hal_tim.o
                0x08006790                HAL_TIM_PWM_Start
 .text.HAL_TIM_PWM_ConfigChannel
                0x0800699c      0x228 ./Drivers/STM32L4xx_HAL_Driver/Src/stm32l4xx_hal_tim.o
                0x0800699c                HAL_TIM_PWM_ConfigChannel
 .text.TIM_Base_SetConfig
                0x08006bc4      0x140 ./Drivers/STM32L4xx_HAL_Driver/Src/stm32l4xx_hal_tim.o
                0x08006bc4                TIM_Base_SetConfig
 .text.TIM_OC1_SetConfig
                0x08006d04      0x124 ./Drivers/STM32L4xx_HAL_Driver/Src/stm32l4xx_hal_tim.o
 .text.TIM_OC2_SetConfig
                0x08006e28      0x118 ./Drivers/STM32L4xx_HAL_Driver/Src/stm32l4xx_hal_tim.o
                0x08006e28                TIM_OC2_SetConfig
 .text.TIM_OC3_SetConfig
                0x08006f40      0x114 ./Drivers/STM32L4xx_HAL_Driver/Src/stm32l4xx_hal_tim.o
 .text.TIM_OC4_SetConfig
                0x08007054       0xd4 ./Drivers/STM32L4xx_HAL_Driver/Src/stm32l4xx_hal_tim.o
 .text.TIM_OC5_SetConfig
                0x08007128       0xc8 ./Drivers/STM32L4xx_HAL_Driver/Src/stm32l4xx_hal_tim.o
 .text.TIM_OC6_SetConfig
                0x080071f0       0xcc ./Drivers/STM32L4xx_HAL_Driver/Src/stm32l4xx_hal_tim.o
 .text.TIM_CCxChannelCmd
                0x080072bc       0x4a ./Drivers/STM32L4xx_HAL_Driver/Src/stm32l4xx_hal_tim.o
                0x080072bc                TIM_CCxChannelCmd
 *fill*         0x08007306        0x2 
 .text.HAL_TIMEx_MasterConfigSynchronization
                0x08007308      0x110 ./Drivers/STM32L4xx_HAL_Driver/Src/stm32l4xx_hal_tim_ex.o
                0x08007308                HAL_TIMEx_MasterConfigSynchronization
 .text.HAL_UART_Init
                0x08007418       0x9c ./Drivers/STM32L4xx_HAL_Driver/Src/stm32l4xx_hal_uart.o
                0x08007418                HAL_UART_Init
 .text.HAL_UART_Transmit
                0x080074b4      0x126 ./Drivers/STM32L4xx_HAL_Driver/Src/stm32l4xx_hal_uart.o
                0x080074b4                HAL_UART_Transmit
 *fill*         0x080075da        0x2 
 .text.UART_SetConfig
                0x080075dc      0x570 ./Drivers/STM32L4xx_HAL_Driver/Src/stm32l4xx_hal_uart.o
                0x080075dc                UART_SetConfig
 .text.UART_AdvFeatureConfig
                0x08007b4c      0x144 ./Drivers/STM32L4xx_HAL_Driver/Src/stm32l4xx_hal_uart.o
                0x08007b4c                UART_AdvFeatureConfig
 .text.UART_CheckIdleState
                0x08007c90      0x150 ./Drivers/STM32L4xx_HAL_Driver/Src/stm32l4xx_hal_uart.o
                0x08007c90                UART_CheckIdleState
 .text.UART_WaitOnFlagUntilTimeout
                0x08007de0       0xda ./Drivers/STM32L4xx_HAL_Driver/Src/stm32l4xx_hal_uart.o
                0x08007de0                UART_WaitOnFlagUntilTimeout
 .text.UART_EndRxTransfer
                0x08007eba       0xc8 ./Drivers/STM32L4xx_HAL_Driver/Src/stm32l4xx_hal_uart.o
 .text.USB_CoreInit
                0x08007f82       0x5a ./Drivers/STM32L4xx_HAL_Driver/Src/stm32l4xx_ll_usb.o
                0x08007f82                USB_CoreInit
 .text.USB_DisableGlobalInt
                0x08007fdc       0x22 ./Drivers/STM32L4xx_HAL_Driver/Src/stm32l4xx_ll_usb.o
                0x08007fdc                USB_DisableGlobalInt
 .text.USB_SetCurrentMode
                0x08007ffe       0x98 ./Drivers/STM32L4xx_HAL_Driver/Src/stm32l4xx_ll_usb.o
                0x08007ffe                USB_SetCurrentMode
 *fill*         0x08008096        0x2 
 .text.USB_DevInit
                0x08008098      0x290 ./Drivers/STM32L4xx_HAL_Driver/Src/stm32l4xx_ll_usb.o
                0x08008098                USB_DevInit
 .text.USB_FlushTxFifo
                0x08008328       0x64 ./Drivers/STM32L4xx_HAL_Driver/Src/stm32l4xx_ll_usb.o
                0x08008328                USB_FlushTxFifo
 .text.USB_FlushRxFifo
                0x0800838c       0x5c ./Drivers/STM32L4xx_HAL_Driver/Src/stm32l4xx_ll_usb.o
                0x0800838c                USB_FlushRxFifo
 .text.USB_SetDevSpeed
                0x080083e8       0x32 ./Drivers/STM32L4xx_HAL_Driver/Src/stm32l4xx_ll_usb.o
                0x080083e8                USB_SetDevSpeed
 .text.USB_DevDisconnect
                0x0800841a       0x42 ./Drivers/STM32L4xx_HAL_Driver/Src/stm32l4xx_ll_usb.o
                0x0800841a                USB_DevDisconnect
 .text.USB_GetMode
                0x0800845c       0x1c ./Drivers/STM32L4xx_HAL_Driver/Src/stm32l4xx_ll_usb.o
                0x0800845c                USB_GetMode
 .text.USB_CoreReset
                0x08008478       0x70 ./Drivers/STM32L4xx_HAL_Driver/Src/stm32l4xx_ll_usb.o
 .text.aci_gap_init_IDB05A1
                0x080084e8       0xa0 ./Middlewares/ST/BlueNRG-MS/hci/controller/bluenrg_gap_aci.o
                0x080084e8                aci_gap_init_IDB05A1
 .text.aci_gap_init_IDB04A1
                0x08008588       0x94 ./Middlewares/ST/BlueNRG-MS/hci/controller/bluenrg_gap_aci.o
                0x08008588                aci_gap_init_IDB04A1
 .text.aci_gap_set_discoverable
                0x0800861c      0x1d4 ./Middlewares/ST/BlueNRG-MS/hci/controller/bluenrg_gap_aci.o
                0x0800861c                aci_gap_set_discoverable
 .text.aci_gap_set_auth_requirement
                0x080087f0       0xae ./Middlewares/ST/BlueNRG-MS/hci/controller/bluenrg_gap_aci.o
                0x080087f0                aci_gap_set_auth_requirement
 .text.aci_gap_create_connection
                0x0800889e       0xa8 ./Middlewares/ST/BlueNRG-MS/hci/controller/bluenrg_gap_aci.o
                0x0800889e                aci_gap_create_connection
 .text.aci_gatt_init
                0x08008946       0x46 ./Middlewares/ST/BlueNRG-MS/hci/controller/bluenrg_gatt_aci.o
                0x08008946                aci_gatt_init
 .text.aci_gatt_add_serv
                0x0800898c      0x112 ./Middlewares/ST/BlueNRG-MS/hci/controller/bluenrg_gatt_aci.o
                0x0800898c                aci_gatt_add_serv
 .text.aci_gatt_add_char
                0x08008a9e      0x196 ./Middlewares/ST/BlueNRG-MS/hci/controller/bluenrg_gatt_aci.o
                0x08008a9e                aci_gatt_add_char
 .text.aci_gatt_update_char_value
                0x08008c34      0x120 ./Middlewares/ST/BlueNRG-MS/hci/controller/bluenrg_gatt_aci.o
                0x08008c34                aci_gatt_update_char_value
 .text.aci_gatt_disc_charac_by_uuid
                0x08008d54      0x11c ./Middlewares/ST/BlueNRG-MS/hci/controller/bluenrg_gatt_aci.o
                0x08008d54                aci_gatt_disc_charac_by_uuid
 .text.aci_gatt_write_charac_descriptor
                0x08008e70       0xf6 ./Middlewares/ST/BlueNRG-MS/hci/controller/bluenrg_gatt_aci.o
                0x08008e70                aci_gatt_write_charac_descriptor
 .text.aci_gatt_write_without_response
                0x08008f66       0x8a ./Middlewares/ST/BlueNRG-MS/hci/controller/bluenrg_gatt_aci.o
                0x08008f66                aci_gatt_write_without_response
 .text.aci_hal_write_config_data
                0x08008ff0       0xca ./Middlewares/ST/BlueNRG-MS/hci/controller/bluenrg_hal_aci.o
                0x08008ff0                aci_hal_write_config_data
 .text.aci_hal_set_tx_power_level
                0x080090ba       0x62 ./Middlewares/ST/BlueNRG-MS/hci/controller/bluenrg_hal_aci.o
                0x080090ba                aci_hal_set_tx_power_level
 .text.getBlueNRGVersion
                0x0800911c       0x84 ./Middlewares/ST/BlueNRG-MS/hci/controller/bluenrg_utils_small.o
                0x0800911c                getBlueNRGVersion
 .text.hci_reset
                0x080091a0       0x44 ./Middlewares/ST/BlueNRG-MS/hci/hci_le.o
                0x080091a0                hci_reset
 .text.hci_le_read_local_version
                0x080091e4       0x94 ./Middlewares/ST/BlueNRG-MS/hci/hci_le.o
                0x080091e4                hci_le_read_local_version
 .text.hci_le_set_scan_resp_data
                0x08009278       0x82 ./Middlewares/ST/BlueNRG-MS/hci/hci_le.o
                0x08009278                hci_le_set_scan_resp_data
 .text.verify_packet
                0x080092fa       0x40 ./Middlewares/ST/BlueNRG-MS/hci/hci_tl_patterns/Basic/hci_tl.o
 *fill*         0x0800933a        0x2 
 .text.send_cmd
                0x0800933c       0x84 ./Middlewares/ST/BlueNRG-MS/hci/hci_tl_patterns/Basic/hci_tl.o
 .text.move_list
                0x080093c0       0x38 ./Middlewares/ST/BlueNRG-MS/hci/hci_tl_patterns/Basic/hci_tl.o
 .text.free_event_list
                0x080093f8       0x3c ./Middlewares/ST/BlueNRG-MS/hci/hci_tl_patterns/Basic/hci_tl.o
 .text.hci_init
                0x08009434       0x84 ./Middlewares/ST/BlueNRG-MS/hci/hci_tl_patterns/Basic/hci_tl.o
                0x08009434                hci_init
 .text.hci_register_io_bus
                0x080094b8       0x40 ./Middlewares/ST/BlueNRG-MS/hci/hci_tl_patterns/Basic/hci_tl.o
                0x080094b8                hci_register_io_bus
 .text.hci_send_req
                0x080094f8      0x230 ./Middlewares/ST/BlueNRG-MS/hci/hci_tl_patterns/Basic/hci_tl.o
                0x080094f8                hci_send_req
 .text.hci_user_evt_proc
                0x08009728       0x58 ./Middlewares/ST/BlueNRG-MS/hci/hci_tl_patterns/Basic/hci_tl.o
                0x08009728                hci_user_evt_proc
 .text.hci_notify_asynch_evt
                0x08009780       0x9c ./Middlewares/ST/BlueNRG-MS/hci/hci_tl_patterns/Basic/hci_tl.o
                0x08009780                hci_notify_asynch_evt
 .text.list_init_head
                0x0800981c       0x20 ./Middlewares/ST/BlueNRG-MS/utils/ble_list.o
                0x0800981c                list_init_head
 .text.list_is_empty
                0x0800983c       0x44 ./Middlewares/ST/BlueNRG-MS/utils/ble_list.o
                0x0800983c                list_is_empty
 .text.list_insert_head
                0x08009880       0x4c ./Middlewares/ST/BlueNRG-MS/utils/ble_list.o
                0x08009880                list_insert_head
 .text.list_insert_tail
                0x080098cc       0x4c ./Middlewares/ST/BlueNRG-MS/utils/ble_list.o
                0x080098cc                list_insert_tail
 .text.list_remove_node
                0x08009918       0x42 ./Middlewares/ST/BlueNRG-MS/utils/ble_list.o
                0x08009918                list_remove_node
 .text.list_remove_head
                0x0800995a       0x4e ./Middlewares/ST/BlueNRG-MS/utils/ble_list.o
                0x0800995a                list_remove_head
 .text.list_remove_tail
                0x080099a8       0x4e ./Middlewares/ST/BlueNRG-MS/utils/ble_list.o
                0x080099a8                list_remove_tail
 .text.list_get_size
                0x080099f6       0x50 ./Middlewares/ST/BlueNRG-MS/utils/ble_list.o
                0x080099f6                list_get_size
 *fill*         0x08009a46        0x2 
 .text.__sflush_r
                0x08009a48      0x108 /Applications/STM32CubeIDE.app/Contents/Eclipse/plugins/com.st.stm32cube.ide.mcu.externaltools.gnu-tools-for-stm32.13.3.rel1.macos64_1.0.0.202411102158/tools/bin/../lib/gcc/arm-none-eabi/13.3.1/../../../../arm-none-eabi/lib/thumb/v7e-m+fp/hard/libc_nano.a(libc_a-fflush.o)
                0x08009a48                __sflush_r
 .text._fflush_r
                0x08009b50       0x50 /Applications/STM32CubeIDE.app/Contents/Eclipse/plugins/com.st.stm32cube.ide.mcu.externaltools.gnu-tools-for-stm32.13.3.rel1.macos64_1.0.0.202411102158/tools/bin/../lib/gcc/arm-none-eabi/13.3.1/../../../../arm-none-eabi/lib/thumb/v7e-m+fp/hard/libc_nano.a(libc_a-fflush.o)
                0x08009b50                _fflush_r
 .text.sprintf  0x08009ba0       0x44 /Applications/STM32CubeIDE.app/Contents/Eclipse/plugins/com.st.stm32cube.ide.mcu.externaltools.gnu-tools-for-stm32.13.3.rel1.macos64_1.0.0.202411102158/tools/bin/../lib/gcc/arm-none-eabi/13.3.1/../../../../arm-none-eabi/lib/thumb/v7e-m+fp/hard/libc_nano.a(libc_a-sprintf.o)
                0x08009ba0                sprintf
                0x08009ba0                siprintf
 .text.srand    0x08009be4       0x5c /Applications/STM32CubeIDE.app/Contents/Eclipse/plugins/com.st.stm32cube.ide.mcu.externaltools.gnu-tools-for-stm32.13.3.rel1.macos64_1.0.0.202411102158/tools/bin/../lib/gcc/arm-none-eabi/13.3.1/../../../../arm-none-eabi/lib/thumb/v7e-m+fp/hard/libc_nano.a(libc_a-rand.o)
                0x08009be4                srand
 .text.rand     0x08009c40       0x7c /Applications/STM32CubeIDE.app/Contents/Eclipse/plugins/com.st.stm32cube.ide.mcu.externaltools.gnu-tools-for-stm32.13.3.rel1.macos64_1.0.0.202411102158/tools/bin/../lib/gcc/arm-none-eabi/13.3.1/../../../../arm-none-eabi/lib/thumb/v7e-m+fp/hard/libc_nano.a(libc_a-rand.o)
                0x08009c40                rand
 .text.std      0x08009cbc       0x6c /Applications/STM32CubeIDE.app/Contents/Eclipse/plugins/com.st.stm32cube.ide.mcu.externaltools.gnu-tools-for-stm32.13.3.rel1.macos64_1.0.0.202411102158/tools/bin/../lib/gcc/arm-none-eabi/13.3.1/../../../../arm-none-eabi/lib/thumb/v7e-m+fp/hard/libc_nano.a(libc_a-findfp.o)
 .text.stdio_exit_handler
                0x08009d28       0x18 /Applications/STM32CubeIDE.app/Contents/Eclipse/plugins/com.st.stm32cube.ide.mcu.externaltools.gnu-tools-for-stm32.13.3.rel1.macos64_1.0.0.202411102158/tools/bin/../lib/gcc/arm-none-eabi/13.3.1/../../../../arm-none-eabi/lib/thumb/v7e-m+fp/hard/libc_nano.a(libc_a-findfp.o)
 .text.cleanup_stdio
                0x08009d40       0x40 /Applications/STM32CubeIDE.app/Contents/Eclipse/plugins/com.st.stm32cube.ide.mcu.externaltools.gnu-tools-for-stm32.13.3.rel1.macos64_1.0.0.202411102158/tools/bin/../lib/gcc/arm-none-eabi/13.3.1/../../../../arm-none-eabi/lib/thumb/v7e-m+fp/hard/libc_nano.a(libc_a-findfp.o)
 .text.global_stdio_init.part.0
                0x08009d80       0x3c /Applications/STM32CubeIDE.app/Contents/Eclipse/plugins/com.st.stm32cube.ide.mcu.externaltools.gnu-tools-for-stm32.13.3.rel1.macos64_1.0.0.202411102158/tools/bin/../lib/gcc/arm-none-eabi/13.3.1/../../../../arm-none-eabi/lib/thumb/v7e-m+fp/hard/libc_nano.a(libc_a-findfp.o)
 .text.__sfp_lock_acquire
                0x08009dbc        0xc /Applications/STM32CubeIDE.app/Contents/Eclipse/plugins/com.st.stm32cube.ide.mcu.externaltools.gnu-tools-for-stm32.13.3.rel1.macos64_1.0.0.202411102158/tools/bin/../lib/gcc/arm-none-eabi/13.3.1/../../../../arm-none-eabi/lib/thumb/v7e-m+fp/hard/libc_nano.a(libc_a-findfp.o)
                0x08009dbc                __sfp_lock_acquire
 .text.__sfp_lock_release
                0x08009dc8        0xc /Applications/STM32CubeIDE.app/Contents/Eclipse/plugins/com.st.stm32cube.ide.mcu.externaltools.gnu-tools-for-stm32.13.3.rel1.macos64_1.0.0.202411102158/tools/bin/../lib/gcc/arm-none-eabi/13.3.1/../../../../arm-none-eabi/lib/thumb/v7e-m+fp/hard/libc_nano.a(libc_a-findfp.o)
                0x08009dc8                __sfp_lock_release
 .text.__sinit  0x08009dd4       0x30 /Applications/STM32CubeIDE.app/Contents/Eclipse/plugins/com.st.stm32cube.ide.mcu.externaltools.gnu-tools-for-stm32.13.3.rel1.macos64_1.0.0.202411102158/tools/bin/../lib/gcc/arm-none-eabi/13.3.1/../../../../arm-none-eabi/lib/thumb/v7e-m+fp/hard/libc_nano.a(libc_a-findfp.o)
                0x08009dd4                __sinit
 .text._fwalk_sglue
                0x08009e04       0x3c /Applications/STM32CubeIDE.app/Contents/Eclipse/plugins/com.st.stm32cube.ide.mcu.externaltools.gnu-tools-for-stm32.13.3.rel1.macos64_1.0.0.202411102158/tools/bin/../lib/gcc/arm-none-eabi/13.3.1/../../../../arm-none-eabi/lib/thumb/v7e-m+fp/hard/libc_nano.a(libc_a-fwalk.o)
                0x08009e04                _fwalk_sglue
 .text.printf   0x08009e40       0x24 /Applications/STM32CubeIDE.app/Contents/Eclipse/plugins/com.st.stm32cube.ide.mcu.externaltools.gnu-tools-for-stm32.13.3.rel1.macos64_1.0.0.202411102158/tools/bin/../lib/gcc/arm-none-eabi/13.3.1/../../../../arm-none-eabi/lib/thumb/v7e-m+fp/hard/libc_nano.a(libc_a-printf.o)
                0x08009e40                printf
                0x08009e40                iprintf
 .text._puts_r  0x08009e64       0xaa /Applications/STM32CubeIDE.app/Contents/Eclipse/plugins/com.st.stm32cube.ide.mcu.externaltools.gnu-tools-for-stm32.13.3.rel1.macos64_1.0.0.202411102158/tools/bin/../lib/gcc/arm-none-eabi/13.3.1/../../../../arm-none-eabi/lib/thumb/v7e-m+fp/hard/libc_nano.a(libc_a-puts.o)
                0x08009e64                _puts_r
 *fill*         0x08009f0e        0x2 
 .text.puts     0x08009f10       0x10 /Applications/STM32CubeIDE.app/Contents/Eclipse/plugins/com.st.stm32cube.ide.mcu.externaltools.gnu-tools-for-stm32.13.3.rel1.macos64_1.0.0.202411102158/tools/bin/../lib/gcc/arm-none-eabi/13.3.1/../../../../arm-none-eabi/lib/thumb/v7e-m+fp/hard/libc_nano.a(libc_a-puts.o)
                0x08009f10                puts
 .text.memset   0x08009f20       0x10 /Applications/STM32CubeIDE.app/Contents/Eclipse/plugins/com.st.stm32cube.ide.mcu.externaltools.gnu-tools-for-stm32.13.3.rel1.macos64_1.0.0.202411102158/tools/bin/../lib/gcc/arm-none-eabi/13.3.1/../../../../arm-none-eabi/lib/thumb/v7e-m+fp/hard/libc_nano.a(libc_a-memset.o)
                0x08009f20                memset
 .text.__errno  0x08009f30        0xc /Applications/STM32CubeIDE.app/Contents/Eclipse/plugins/com.st.stm32cube.ide.mcu.externaltools.gnu-tools-for-stm32.13.3.rel1.macos64_1.0.0.202411102158/tools/bin/../lib/gcc/arm-none-eabi/13.3.1/../../../../arm-none-eabi/lib/thumb/v7e-m+fp/hard/libc_nano.a(libc_a-errno.o)
                0x08009f30                __errno
 .text.__libc_init_array
                0x08009f3c       0x48 /Applications/STM32CubeIDE.app/Contents/Eclipse/plugins/com.st.stm32cube.ide.mcu.externaltools.gnu-tools-for-stm32.13.3.rel1.macos64_1.0.0.202411102158/tools/bin/../lib/gcc/arm-none-eabi/13.3.1/../../../../arm-none-eabi/lib/thumb/v7e-m+fp/hard/libc_nano.a(libc_a-init.o)
                0x08009f3c                __libc_init_array
 .text.__retarget_lock_init_recursive
                0x08009f84        0x2 /Applications/STM32CubeIDE.app/Contents/Eclipse/plugins/com.st.stm32cube.ide.mcu.externaltools.gnu-tools-for-stm32.13.3.rel1.macos64_1.0.0.202411102158/tools/bin/../lib/gcc/arm-none-eabi/13.3.1/../../../../arm-none-eabi/lib/thumb/v7e-m+fp/hard/libc_nano.a(libc_a-lock.o)
                0x08009f84                __retarget_lock_init_recursive
 .text.__retarget_lock_acquire_recursive
                0x08009f86        0x2 /Applications/STM32CubeIDE.app/Contents/Eclipse/plugins/com.st.stm32cube.ide.mcu.externaltools.gnu-tools-for-stm32.13.3.rel1.macos64_1.0.0.202411102158/tools/bin/../lib/gcc/arm-none-eabi/13.3.1/../../../../arm-none-eabi/lib/thumb/v7e-m+fp/hard/libc_nano.a(libc_a-lock.o)
                0x08009f86                __retarget_lock_acquire_recursive
 .text.__retarget_lock_release_recursive
                0x08009f88        0x2 /Applications/STM32CubeIDE.app/Contents/Eclipse/plugins/com.st.stm32cube.ide.mcu.externaltools.gnu-tools-for-stm32.13.3.rel1.macos64_1.0.0.202411102158/tools/bin/../lib/gcc/arm-none-eabi/13.3.1/../../../../arm-none-eabi/lib/thumb/v7e-m+fp/hard/libc_nano.a(libc_a-lock.o)
                0x08009f88                __retarget_lock_release_recursive
 .text.memcpy   0x08009f8a       0x1c /Applications/STM32CubeIDE.app/Contents/Eclipse/plugins/com.st.stm32cube.ide.mcu.externaltools.gnu-tools-for-stm32.13.3.rel1.macos64_1.0.0.202411102158/tools/bin/../lib/gcc/arm-none-eabi/13.3.1/../../../../arm-none-eabi/lib/thumb/v7e-m+fp/hard/libc_nano.a(libc_a-memcpy-stub.o)
                0x08009f8a                memcpy
 *fill*         0x08009fa6        0x2 
 .text.__assert_func
                0x08009fa8       0x3c /Applications/STM32CubeIDE.app/Contents/Eclipse/plugins/com.st.stm32cube.ide.mcu.externaltools.gnu-tools-for-stm32.13.3.rel1.macos64_1.0.0.202411102158/tools/bin/../lib/gcc/arm-none-eabi/13.3.1/../../../../arm-none-eabi/lib/thumb/v7e-m+fp/hard/libc_nano.a(libc_a-assert.o)
                0x08009fa8                __assert_func
 .text._free_r  0x08009fe4       0x94 /Applications/STM32CubeIDE.app/Contents/Eclipse/plugins/com.st.stm32cube.ide.mcu.externaltools.gnu-tools-for-stm32.13.3.rel1.macos64_1.0.0.202411102158/tools/bin/../lib/gcc/arm-none-eabi/13.3.1/../../../../arm-none-eabi/lib/thumb/v7e-m+fp/hard/libc_nano.a(libc_a-freer.o)
                0x08009fe4                _free_r
 .text.__ssputs_r
                0x0800a078       0xb6 /Applications/STM32CubeIDE.app/Contents/Eclipse/plugins/com.st.stm32cube.ide.mcu.externaltools.gnu-tools-for-stm32.13.3.rel1.macos64_1.0.0.202411102158/tools/bin/../lib/gcc/arm-none-eabi/13.3.1/../../../../arm-none-eabi/lib/thumb/v7e-m+fp/hard/libc_nano.a(libc_a-nano-svfprintf.o)
                0x0800a078                __ssputs_r
 *fill*         0x0800a12e        0x2 
 .text._svfprintf_r
                0x0800a130      0x1f8 /Applications/STM32CubeIDE.app/Contents/Eclipse/plugins/com.st.stm32cube.ide.mcu.externaltools.gnu-tools-for-stm32.13.3.rel1.macos64_1.0.0.202411102158/tools/bin/../lib/gcc/arm-none-eabi/13.3.1/../../../../arm-none-eabi/lib/thumb/v7e-m+fp/hard/libc_nano.a(libc_a-nano-svfprintf.o)
                0x0800a130                _svfprintf_r
                0x0800a130                _svfiprintf_r
 .text.__sfputc_r
                0x0800a328       0x2e /Applications/STM32CubeIDE.app/Contents/Eclipse/plugins/com.st.stm32cube.ide.mcu.externaltools.gnu-tools-for-stm32.13.3.rel1.macos64_1.0.0.202411102158/tools/bin/../lib/gcc/arm-none-eabi/13.3.1/../../../../arm-none-eabi/lib/thumb/v7e-m+fp/hard/libc_nano.a(libc_a-nano-vfprintf.o)
 .text.__sfputs_r
                0x0800a356       0x24 /Applications/STM32CubeIDE.app/Contents/Eclipse/plugins/com.st.stm32cube.ide.mcu.externaltools.gnu-tools-for-stm32.13.3.rel1.macos64_1.0.0.202411102158/tools/bin/../lib/gcc/arm-none-eabi/13.3.1/../../../../arm-none-eabi/lib/thumb/v7e-m+fp/hard/libc_nano.a(libc_a-nano-vfprintf.o)
                0x0800a356                __sfputs_r
 *fill*         0x0800a37a        0x2 
 .text._vfprintf_r
                0x0800a37c      0x230 /Applications/STM32CubeIDE.app/Contents/Eclipse/plugins/com.st.stm32cube.ide.mcu.externaltools.gnu-tools-for-stm32.13.3.rel1.macos64_1.0.0.202411102158/tools/bin/../lib/gcc/arm-none-eabi/13.3.1/../../../../arm-none-eabi/lib/thumb/v7e-m+fp/hard/libc_nano.a(libc_a-nano-vfprintf.o)
                0x0800a37c                _vfiprintf_r
                0x0800a37c                _vfprintf_r
 .text.malloc   0x0800a5ac       0x10 /Applications/STM32CubeIDE.app/Contents/Eclipse/plugins/com.st.stm32cube.ide.mcu.externaltools.gnu-tools-for-stm32.13.3.rel1.macos64_1.0.0.202411102158/tools/bin/../lib/gcc/arm-none-eabi/13.3.1/../../../../arm-none-eabi/lib/thumb/v7e-m+fp/hard/libc_nano.a(libc_a-malloc.o)
                0x0800a5ac                malloc
 .text.sbrk_aligned
                0x0800a5bc       0x44 /Applications/STM32CubeIDE.app/Contents/Eclipse/plugins/com.st.stm32cube.ide.mcu.externaltools.gnu-tools-for-stm32.13.3.rel1.macos64_1.0.0.202411102158/tools/bin/../lib/gcc/arm-none-eabi/13.3.1/../../../../arm-none-eabi/lib/thumb/v7e-m+fp/hard/libc_nano.a(libc_a-mallocr.o)
 .text._malloc_r
                0x0800a600      0x100 /Applications/STM32CubeIDE.app/Contents/Eclipse/plugins/com.st.stm32cube.ide.mcu.externaltools.gnu-tools-for-stm32.13.3.rel1.macos64_1.0.0.202411102158/tools/bin/../lib/gcc/arm-none-eabi/13.3.1/../../../../arm-none-eabi/lib/thumb/v7e-m+fp/hard/libc_nano.a(libc_a-mallocr.o)
                0x0800a600                _malloc_r
 .text._printf_common
                0x0800a700       0xda /Applications/STM32CubeIDE.app/Contents/Eclipse/plugins/com.st.stm32cube.ide.mcu.externaltools.gnu-tools-for-stm32.13.3.rel1.macos64_1.0.0.202411102158/tools/bin/../lib/gcc/arm-none-eabi/13.3.1/../../../../arm-none-eabi/lib/thumb/v7e-m+fp/hard/libc_nano.a(libc_a-nano-vfprintf_i.o)
                0x0800a700                _printf_common
 *fill*         0x0800a7da        0x2 
 .text._printf_i
                0x0800a7dc      0x23c /Applications/STM32CubeIDE.app/Contents/Eclipse/plugins/com.st.stm32cube.ide.mcu.externaltools.gnu-tools-for-stm32.13.3.rel1.macos64_1.0.0.202411102158/tools/bin/../lib/gcc/arm-none-eabi/13.3.1/../../../../arm-none-eabi/lib/thumb/v7e-m+fp/hard/libc_nano.a(libc_a-nano-vfprintf_i.o)
                0x0800a7dc                _printf_i
 .text.__malloc_lock
                0x0800aa18        0xc /Applications/STM32CubeIDE.app/Contents/Eclipse/plugins/com.st.stm32cube.ide.mcu.externaltools.gnu-tools-for-stm32.13.3.rel1.macos64_1.0.0.202411102158/tools/bin/../lib/gcc/arm-none-eabi/13.3.1/../../../../arm-none-eabi/lib/thumb/v7e-m+fp/hard/libc_nano.a(libc_a-mlock.o)
                0x0800aa18                __malloc_lock
 .text.__malloc_unlock
                0x0800aa24        0xc /Applications/STM32CubeIDE.app/Contents/Eclipse/plugins/com.st.stm32cube.ide.mcu.externaltools.gnu-tools-for-stm32.13.3.rel1.macos64_1.0.0.202411102158/tools/bin/../lib/gcc/arm-none-eabi/13.3.1/../../../../arm-none-eabi/lib/thumb/v7e-m+fp/hard/libc_nano.a(libc_a-mlock.o)
                0x0800aa24                __malloc_unlock
 .text.__sread  0x0800aa30       0x22 /Applications/STM32CubeIDE.app/Contents/Eclipse/plugins/com.st.stm32cube.ide.mcu.externaltools.gnu-tools-for-stm32.13.3.rel1.macos64_1.0.0.202411102158/tools/bin/../lib/gcc/arm-none-eabi/13.3.1/../../../../arm-none-eabi/lib/thumb/v7e-m+fp/hard/libc_nano.a(libc_a-stdio.o)
                0x0800aa30                __sread
 .text.__swrite
                0x0800aa52       0x38 /Applications/STM32CubeIDE.app/Contents/Eclipse/plugins/com.st.stm32cube.ide.mcu.externaltools.gnu-tools-for-stm32.13.3.rel1.macos64_1.0.0.202411102158/tools/bin/../lib/gcc/arm-none-eabi/13.3.1/../../../../arm-none-eabi/lib/thumb/v7e-m+fp/hard/libc_nano.a(libc_a-stdio.o)
                0x0800aa52                __swrite
 .text.__sseek  0x0800aa8a       0x24 /Applications/STM32CubeIDE.app/Contents/Eclipse/plugins/com.st.stm32cube.ide.mcu.externaltools.gnu-tools-for-stm32.13.3.rel1.macos64_1.0.0.202411102158/tools/bin/../lib/gcc/arm-none-eabi/13.3.1/../../../../arm-none-eabi/lib/thumb/v7e-m+fp/hard/libc_nano.a(libc_a-stdio.o)
                0x0800aa8a                __sseek
 .text.__sclose
                0x0800aaae        0x8 /Applications/STM32CubeIDE.app/Contents/Eclipse/plugins/com.st.stm32cube.ide.mcu.externaltools.gnu-tools-for-stm32.13.3.rel1.macos64_1.0.0.202411102158/tools/bin/../lib/gcc/arm-none-eabi/13.3.1/../../../../arm-none-eabi/lib/thumb/v7e-m+fp/hard/libc_nano.a(libc_a-stdio.o)
                0x0800aaae                __sclose
 *fill*         0x0800aab6        0x2 
 .text.fprintf  0x0800aab8       0x24 /Applications/STM32CubeIDE.app/Contents/Eclipse/plugins/com.st.stm32cube.ide.mcu.externaltools.gnu-tools-for-stm32.13.3.rel1.macos64_1.0.0.202411102158/tools/bin/../lib/gcc/arm-none-eabi/13.3.1/../../../../arm-none-eabi/lib/thumb/v7e-m+fp/hard/libc_nano.a(libc_a-fprintf.o)
                0x0800aab8                fprintf
                0x0800aab8                fiprintf
 .text._realloc_r
                0x0800aadc       0x5c /Applications/STM32CubeIDE.app/Contents/Eclipse/plugins/com.st.stm32cube.ide.mcu.externaltools.gnu-tools-for-stm32.13.3.rel1.macos64_1.0.0.202411102158/tools/bin/../lib/gcc/arm-none-eabi/13.3.1/../../../../arm-none-eabi/lib/thumb/v7e-m+fp/hard/libc_nano.a(libc_a-reallocr.o)
                0x0800aadc                _realloc_r
 .text.__swbuf_r
                0x0800ab38       0x7c /Applications/STM32CubeIDE.app/Contents/Eclipse/plugins/com.st.stm32cube.ide.mcu.externaltools.gnu-tools-for-stm32.13.3.rel1.macos64_1.0.0.202411102158/tools/bin/../lib/gcc/arm-none-eabi/13.3.1/../../../../arm-none-eabi/lib/thumb/v7e-m+fp/hard/libc_nano.a(libc_a-wbuf.o)
                0x0800ab38                __swbuf_r
 .text.__swsetup_r
                0x0800abb4       0xac /Applications/STM32CubeIDE.app/Contents/Eclipse/plugins/com.st.stm32cube.ide.mcu.externaltools.gnu-tools-for-stm32.13.3.rel1.macos64_1.0.0.202411102158/tools/bin/../lib/gcc/arm-none-eabi/13.3.1/../../../../arm-none-eabi/lib/thumb/v7e-m+fp/hard/libc_nano.a(libc_a-wsetup.o)
                0x0800abb4                __swsetup_r
 .text.__swhatbuf_r
                0x0800ac60       0x4c /Applications/STM32CubeIDE.app/Contents/Eclipse/plugins/com.st.stm32cube.ide.mcu.externaltools.gnu-tools-for-stm32.13.3.rel1.macos64_1.0.0.202411102158/tools/bin/../lib/gcc/arm-none-eabi/13.3.1/../../../../arm-none-eabi/lib/thumb/v7e-m+fp/hard/libc_nano.a(libc_a-makebuf.o)
                0x0800ac60                __swhatbuf_r
 .text.__smakebuf_r
                0x0800acac       0x78 /Applications/STM32CubeIDE.app/Contents/Eclipse/plugins/com.st.stm32cube.ide.mcu.externaltools.gnu-tools-for-stm32.13.3.rel1.macos64_1.0.0.202411102158/tools/bin/../lib/gcc/arm-none-eabi/13.3.1/../../../../arm-none-eabi/lib/thumb/v7e-m+fp/hard/libc_nano.a(libc_a-makebuf.o)
                0x0800acac                __smakebuf_r
 .text.memmove  0x0800ad24       0x34 /Applications/STM32CubeIDE.app/Contents/Eclipse/plugins/com.st.stm32cube.ide.mcu.externaltools.gnu-tools-for-stm32.13.3.rel1.macos64_1.0.0.202411102158/tools/bin/../lib/gcc/arm-none-eabi/13.3.1/../../../../arm-none-eabi/lib/thumb/v7e-m+fp/hard/libc_nano.a(libc_a-memmove.o)
                0x0800ad24                memmove
 .text._isatty_r
                0x0800ad58       0x20 /Applications/STM32CubeIDE.app/Contents/Eclipse/plugins/com.st.stm32cube.ide.mcu.externaltools.gnu-tools-for-stm32.13.3.rel1.macos64_1.0.0.202411102158/tools/bin/../lib/gcc/arm-none-eabi/13.3.1/../../../../arm-none-eabi/lib/thumb/v7e-m+fp/hard/libc_nano.a(libc_a-isattyr.o)
                0x0800ad58                _isatty_r
 .text._lseek_r
                0x0800ad78       0x24 /Applications/STM32CubeIDE.app/Contents/Eclipse/plugins/com.st.stm32cube.ide.mcu.externaltools.gnu-tools-for-stm32.13.3.rel1.macos64_1.0.0.202411102158/tools/bin/../lib/gcc/arm-none-eabi/13.3.1/../../../../arm-none-eabi/lib/thumb/v7e-m+fp/hard/libc_nano.a(libc_a-lseekr.o)
                0x0800ad78                _lseek_r
 .text._read_r  0x0800ad9c       0x24 /Applications/STM32CubeIDE.app/Contents/Eclipse/plugins/com.st.stm32cube.ide.mcu.externaltools.gnu-tools-for-stm32.13.3.rel1.macos64_1.0.0.202411102158/tools/bin/../lib/gcc/arm-none-eabi/13.3.1/../../../../arm-none-eabi/lib/thumb/v7e-m+fp/hard/libc_nano.a(libc_a-readr.o)
                0x0800ad9c                _read_r
 .text._sbrk_r  0x0800adc0       0x20 /Applications/STM32CubeIDE.app/Contents/Eclipse/plugins/com.st.stm32cube.ide.mcu.externaltools.gnu-tools-for-stm32.13.3.rel1.macos64_1.0.0.202411102158/tools/bin/../lib/gcc/arm-none-eabi/13.3.1/../../../../arm-none-eabi/lib/thumb/v7e-m+fp/hard/libc_nano.a(libc_a-sbrkr.o)
                0x0800adc0                _sbrk_r
 .text._write_r
                0x0800ade0       0x24 /Applications/STM32CubeIDE.app/Contents/Eclipse/plugins/com.st.stm32cube.ide.mcu.externaltools.gnu-tools-for-stm32.13.3.rel1.macos64_1.0.0.202411102158/tools/bin/../lib/gcc/arm-none-eabi/13.3.1/../../../../arm-none-eabi/lib/thumb/v7e-m+fp/hard/libc_nano.a(libc_a-writer.o)
                0x0800ade0                _write_r
 .text._close_r
                0x0800ae04       0x20 /Applications/STM32CubeIDE.app/Contents/Eclipse/plugins/com.st.stm32cube.ide.mcu.externaltools.gnu-tools-for-stm32.13.3.rel1.macos64_1.0.0.202411102158/tools/bin/../lib/gcc/arm-none-eabi/13.3.1/../../../../arm-none-eabi/lib/thumb/v7e-m+fp/hard/libc_nano.a(libc_a-closer.o)
                0x0800ae04                _close_r
 .text._fstat_r
                0x0800ae24       0x24 /Applications/STM32CubeIDE.app/Contents/Eclipse/plugins/com.st.stm32cube.ide.mcu.externaltools.gnu-tools-for-stm32.13.3.rel1.macos64_1.0.0.202411102158/tools/bin/../lib/gcc/arm-none-eabi/13.3.1/../../../../arm-none-eabi/lib/thumb/v7e-m+fp/hard/libc_nano.a(libc_a-fstatr.o)
                0x0800ae24                _fstat_r
 .text.abort    0x0800ae48        0xe /Applications/STM32CubeIDE.app/Contents/Eclipse/plugins/com.st.stm32cube.ide.mcu.externaltools.gnu-tools-for-stm32.13.3.rel1.macos64_1.0.0.202411102158/tools/bin/../lib/gcc/arm-none-eabi/13.3.1/../../../../arm-none-eabi/lib/thumb/v7e-m+fp/hard/libc_nano.a(libc_a-abort.o)
                0x0800ae48                abort
 .text._malloc_usable_size_r
                0x0800ae56       0x10 /Applications/STM32CubeIDE.app/Contents/Eclipse/plugins/com.st.stm32cube.ide.mcu.externaltools.gnu-tools-for-stm32.13.3.rel1.macos64_1.0.0.202411102158/tools/bin/../lib/gcc/arm-none-eabi/13.3.1/../../../../arm-none-eabi/lib/thumb/v7e-m+fp/hard/libc_nano.a(libc_a-msizer.o)
                0x0800ae56                _malloc_usable_size_r
 .text._raise_r
                0x0800ae66       0x50 /Applications/STM32CubeIDE.app/Contents/Eclipse/plugins/com.st.stm32cube.ide.mcu.externaltools.gnu-tools-for-stm32.13.3.rel1.macos64_1.0.0.202411102158/tools/bin/../lib/gcc/arm-none-eabi/13.3.1/../../../../arm-none-eabi/lib/thumb/v7e-m+fp/hard/libc_nano.a(libc_a-signal.o)
                0x0800ae66                _raise_r
 *fill*         0x0800aeb6        0x2 
 .text.raise    0x0800aeb8       0x10 /Applications/STM32CubeIDE.app/Contents/Eclipse/plugins/com.st.stm32cube.ide.mcu.externaltools.gnu-tools-for-stm32.13.3.rel1.macos64_1.0.0.202411102158/tools/bin/../lib/gcc/arm-none-eabi/13.3.1/../../../../arm-none-eabi/lib/thumb/v7e-m+fp/hard/libc_nano.a(libc_a-signal.o)
                0x0800aeb8                raise
 .text._kill_r  0x0800aec8       0x24 /Applications/STM32CubeIDE.app/Contents/Eclipse/plugins/com.st.stm32cube.ide.mcu.externaltools.gnu-tools-for-stm32.13.3.rel1.macos64_1.0.0.202411102158/tools/bin/../lib/gcc/arm-none-eabi/13.3.1/../../../../arm-none-eabi/lib/thumb/v7e-m+fp/hard/libc_nano.a(libc_a-signalr.o)
                0x0800aec8                _kill_r
 .text._getpid_r
                0x0800aeec        0x4 /Applications/STM32CubeIDE.app/Contents/Eclipse/plugins/com.st.stm32cube.ide.mcu.externaltools.gnu-tools-for-stm32.13.3.rel1.macos64_1.0.0.202411102158/tools/bin/../lib/gcc/arm-none-eabi/13.3.1/../../../../arm-none-eabi/lib/thumb/v7e-m+fp/hard/libc_nano.a(libc_a-signalr.o)
                0x0800aeec                _getpid_r
 *(.glue_7)
 .glue_7        0x0800aef0        0x0 linker stubs
 *(.glue_7t)
 .glue_7t       0x0800aef0        0x0 linker stubs
 *(.eh_frame)
 .eh_frame      0x0800aef0        0x0 /Applications/STM32CubeIDE.app/Contents/Eclipse/plugins/com.st.stm32cube.ide.mcu.externaltools.gnu-tools-for-stm32.13.3.rel1.macos64_1.0.0.202411102158/tools/bin/../lib/gcc/arm-none-eabi/13.3.1/thumb/v7e-m+fp/hard/crtbegin.o
 *(.init)
 .init          0x0800aef0        0x4 /Applications/STM32CubeIDE.app/Contents/Eclipse/plugins/com.st.stm32cube.ide.mcu.externaltools.gnu-tools-for-stm32.13.3.rel1.macos64_1.0.0.202411102158/tools/bin/../lib/gcc/arm-none-eabi/13.3.1/thumb/v7e-m+fp/hard/crti.o
                0x0800aef0                _init
 .init          0x0800aef4        0x8 /Applications/STM32CubeIDE.app/Contents/Eclipse/plugins/com.st.stm32cube.ide.mcu.externaltools.gnu-tools-for-stm32.13.3.rel1.macos64_1.0.0.202411102158/tools/bin/../lib/gcc/arm-none-eabi/13.3.1/thumb/v7e-m+fp/hard/crtn.o
 *(.fini)
 .fini          0x0800aefc        0x4 /Applications/STM32CubeIDE.app/Contents/Eclipse/plugins/com.st.stm32cube.ide.mcu.externaltools.gnu-tools-for-stm32.13.3.rel1.macos64_1.0.0.202411102158/tools/bin/../lib/gcc/arm-none-eabi/13.3.1/thumb/v7e-m+fp/hard/crti.o
                0x0800aefc                _fini
 .fini          0x0800af00        0x8 /Applications/STM32CubeIDE.app/Contents/Eclipse/plugins/com.st.stm32cube.ide.mcu.externaltools.gnu-tools-for-stm32.13.3.rel1.macos64_1.0.0.202411102158/tools/bin/../lib/gcc/arm-none-eabi/13.3.1/thumb/v7e-m+fp/hard/crtn.o
                0x0800af08                        . = ALIGN (0x4)
                0x0800af08                        _etext = .

.vfp11_veneer   0x0800af08        0x0
 .vfp11_veneer  0x0800af08        0x0 linker stubs

.v4_bx          0x0800af08        0x0
 .v4_bx         0x0800af08        0x0 linker stubs

.iplt           0x0800af08        0x0
 .iplt          0x0800af08        0x0 /Applications/STM32CubeIDE.app/Contents/Eclipse/plugins/com.st.stm32cube.ide.mcu.externaltools.gnu-tools-for-stm32.13.3.rel1.macos64_1.0.0.202411102158/tools/bin/../lib/gcc/arm-none-eabi/13.3.1/thumb/v7e-m+fp/hard/crtbegin.o

.rodata         0x0800af08      0x3b0
                0x0800af08                        . = ALIGN (0x4)
 *(.rodata)
 .rodata        0x0800af08      0x110 ./BlueNRG_MS/App/app_bluenrg_ms.o
 .rodata        0x0800b018       0xed ./BlueNRG_MS/App/sample_service.o
 *fill*         0x0800b105        0x3 
 .rodata        0x0800b108       0x3b ./Core/Src/game.o
 *fill*         0x0800b143        0x1 
 .rodata        0x0800b144       0x2a ./Core/Src/main_cpp.o
 *(.rodata*)
 *fill*         0x0800b16e        0x2 
 .rodata._ZL12keypadMatrix
                0x0800b170        0xc ./Core/Src/keypad.o
 .rodata.AHBPrescTable
                0x0800b17c       0x10 ./Core/Src/system_stm32l4xx.o
                0x0800b17c                AHBPrescTable
 .rodata.APBPrescTable
                0x0800b18c        0x8 ./Core/Src/system_stm32l4xx.o
                0x0800b18c                APBPrescTable
 .rodata.MSIRangeTable
                0x0800b194       0x30 ./Core/Src/system_stm32l4xx.o
                0x0800b194                MSIRangeTable
 .rodata.LedGpioInit.4
                0x0800b1c4        0x4 ./Drivers/BSP/B-L475E-IOT01A1/b_l475e_iot01a1.o
 .rodata.ButtonGpioInit.3
                0x0800b1c8        0x4 ./Drivers/BSP/B-L475E-IOT01A1/b_l475e_iot01a1.o
 .rodata.BUTTON_EXTI_LINE.2
                0x0800b1cc        0x4 ./Drivers/BSP/B-L475E-IOT01A1/b_l475e_iot01a1.o
 .rodata.ButtonCallback.1
                0x0800b1d0        0x4 ./Drivers/BSP/B-L475E-IOT01A1/b_l475e_iot01a1.o
 .rodata.BSP_BUTTON_PRIO.0
                0x0800b1d4        0x4 ./Drivers/BSP/B-L475E-IOT01A1/b_l475e_iot01a1.o
 .rodata.srand.str1.1
                0x0800b1d8       0xde /Applications/STM32CubeIDE.app/Contents/Eclipse/plugins/com.st.stm32cube.ide.mcu.externaltools.gnu-tools-for-stm32.13.3.rel1.macos64_1.0.0.202411102158/tools/bin/../lib/gcc/arm-none-eabi/13.3.1/../../../../arm-none-eabi/lib/thumb/v7e-m+fp/hard/libc_nano.a(libc_a-rand.o)
                                 0x6f (size before relaxing)
 .rodata.__assert_func.str1.1
                0x0800b2b6       0x3d /Applications/STM32CubeIDE.app/Contents/Eclipse/plugins/com.st.stm32cube.ide.mcu.externaltools.gnu-tools-for-stm32.13.3.rel1.macos64_1.0.0.202411102158/tools/bin/../lib/gcc/arm-none-eabi/13.3.1/../../../../arm-none-eabi/lib/thumb/v7e-m+fp/hard/libc_nano.a(libc_a-assert.o)
 .rodata._svfprintf_r.str1.1
                0x0800b2b6       0x11 /Applications/STM32CubeIDE.app/Contents/Eclipse/plugins/com.st.stm32cube.ide.mcu.externaltools.gnu-tools-for-stm32.13.3.rel1.macos64_1.0.0.202411102158/tools/bin/../lib/gcc/arm-none-eabi/13.3.1/../../../../arm-none-eabi/lib/thumb/v7e-m+fp/hard/libc_nano.a(libc_a-nano-svfprintf.o)
 .rodata._vfprintf_r.str1.1
                0x0800b2b6       0x11 /Applications/STM32CubeIDE.app/Contents/Eclipse/plugins/com.st.stm32cube.ide.mcu.externaltools.gnu-tools-for-stm32.13.3.rel1.macos64_1.0.0.202411102158/tools/bin/../lib/gcc/arm-none-eabi/13.3.1/../../../../arm-none-eabi/lib/thumb/v7e-m+fp/hard/libc_nano.a(libc_a-nano-vfprintf.o)
 .rodata._printf_i.str1.1
                0x0800b2b6       0x22 /Applications/STM32CubeIDE.app/Contents/Eclipse/plugins/com.st.stm32cube.ide.mcu.externaltools.gnu-tools-for-stm32.13.3.rel1.macos64_1.0.0.202411102158/tools/bin/../lib/gcc/arm-none-eabi/13.3.1/../../../../arm-none-eabi/lib/thumb/v7e-m+fp/hard/libc_nano.a(libc_a-nano-vfprintf_i.o)
                0x0800b2f4                        . = ALIGN (0x4)
 *fill*         0x0800b2b6        0x2 

.ARM.extab      0x0800b2b8        0x0
                0x0800b2b8                        . = ALIGN (0x4)
 *(.ARM.extab* .gnu.linkonce.armextab.*)
                0x0800b2b8                        . = ALIGN (0x4)

.ARM            0x0800b2b8        0x8
                0x0800b2b8                        . = ALIGN (0x4)
                0x0800b2b8                        __exidx_start = .
 *(.ARM.exidx*)
 .ARM.exidx     0x0800b2b8        0x8 /Applications/STM32CubeIDE.app/Contents/Eclipse/plugins/com.st.stm32cube.ide.mcu.externaltools.gnu-tools-for-stm32.13.3.rel1.macos64_1.0.0.202411102158/tools/bin/../lib/gcc/arm-none-eabi/13.3.1/../../../../arm-none-eabi/lib/thumb/v7e-m+fp/hard/libc_nano.a(libc_a-memchr.o)
 .ARM.exidx     0x0800b2c0        0x0 /Applications/STM32CubeIDE.app/Contents/Eclipse/plugins/com.st.stm32cube.ide.mcu.externaltools.gnu-tools-for-stm32.13.3.rel1.macos64_1.0.0.202411102158/tools/bin/../lib/gcc/arm-none-eabi/13.3.1/thumb/v7e-m+fp/hard/libgcc.a(_udivmoddi4.o)
                                  0x8 (size before relaxing)
                0x0800b2c0                        __exidx_end = .
                0x0800b2c0                        . = ALIGN (0x4)

.preinit_array  0x0800b2c0        0x0
                0x0800b2c0                        . = ALIGN (0x4)
                0x0800b2c0                        PROVIDE (__preinit_array_start = .)
 *(.preinit_array*)
                0x0800b2c0                        PROVIDE (__preinit_array_end = .)
                0x0800b2c0                        . = ALIGN (0x4)

.init_array     0x0800b2c0        0x8
                0x0800b2c0                        . = ALIGN (0x4)
                0x0800b2c0                        PROVIDE (__init_array_start = .)
 *(SORT_BY_NAME(.init_array.*))
 *(.init_array*)
 .init_array    0x0800b2c0        0x4 /Applications/STM32CubeIDE.app/Contents/Eclipse/plugins/com.st.stm32cube.ide.mcu.externaltools.gnu-tools-for-stm32.13.3.rel1.macos64_1.0.0.202411102158/tools/bin/../lib/gcc/arm-none-eabi/13.3.1/thumb/v7e-m+fp/hard/crtbegin.o
 .init_array    0x0800b2c4        0x4 ./Core/Src/main_cpp.o
                0x0800b2c8                        PROVIDE (__init_array_end = .)
                0x0800b2c8                        . = ALIGN (0x4)

.fini_array     0x0800b2c8        0x4
                0x0800b2c8                        . = ALIGN (0x4)
                [!provide]                        PROVIDE (__fini_array_start = .)
 *(SORT_BY_NAME(.fini_array.*))
 *(.fini_array*)
 .fini_array    0x0800b2c8        0x4 /Applications/STM32CubeIDE.app/Contents/Eclipse/plugins/com.st.stm32cube.ide.mcu.externaltools.gnu-tools-for-stm32.13.3.rel1.macos64_1.0.0.202411102158/tools/bin/../lib/gcc/arm-none-eabi/13.3.1/thumb/v7e-m+fp/hard/crtbegin.o
                [!provide]                        PROVIDE (__fini_array_end = .)
                0x0800b2cc                        . = ALIGN (0x4)
                0x0800b2cc                        _sidata = LOADADDR (.data)

.rel.dyn        0x0800b2cc        0x0
 .rel.iplt      0x0800b2cc        0x0 /Applications/STM32CubeIDE.app/Contents/Eclipse/plugins/com.st.stm32cube.ide.mcu.externaltools.gnu-tools-for-stm32.13.3.rel1.macos64_1.0.0.202411102158/tools/bin/../lib/gcc/arm-none-eabi/13.3.1/thumb/v7e-m+fp/hard/crtbegin.o

.data           0x20000000       0xb8 load address 0x0800b2cc
                0x20000000                        . = ALIGN (0x4)
                0x20000000                        _sdata = .
 *(.data)
 *(.data*)
 .data.user_button_init_state
                0x20000000        0x1 ./BlueNRG_MS/App/app_bluenrg_ms.o
 .data.BLE_Role
                0x20000001        0x1 ./BlueNRG_MS/App/app_bluenrg_ms.o
                0x20000001                BLE_Role
 .data.set_connectable
                0x20000002        0x1 ./BlueNRG_MS/App/sample_service.o
                0x20000002                set_connectable
 *fill*         0x20000003        0x1 
 .data.rowPins  0x20000004       0x20 ./Core/Src/main_cpp.o
                0x20000004                rowPins
 .data.colPins  0x20000024       0x18 ./Core/Src/main_cpp.o
                0x20000024                colPins
 .data.SystemCoreClock
                0x2000003c        0x4 ./Core/Src/system_stm32l4xx.o
                0x2000003c                SystemCoreClock
 .data.LED_PORT
                0x20000040        0x4 ./Drivers/BSP/B-L475E-IOT01A1/b_l475e_iot01a1.o
 .data.BUTTON_PORT
                0x20000044        0x4 ./Drivers/BSP/B-L475E-IOT01A1/b_l475e_iot01a1.o
 .data.hpb_exti
                0x20000048        0x8 ./Drivers/BSP/B-L475E-IOT01A1/b_l475e_iot01a1.o
                0x20000048                hpb_exti
 .data.COM_USART
                0x20000050        0x4 ./Drivers/BSP/B-L475E-IOT01A1/b_l475e_iot01a1.o
                0x20000050                COM_USART
 .data.uwTickPrio
                0x20000054        0x4 ./Drivers/STM32L4xx_HAL_Driver/Src/stm32l4xx_hal.o
                0x20000054                uwTickPrio
 .data.uwTickFreq
                0x20000058        0x1 ./Drivers/STM32L4xx_HAL_Driver/Src/stm32l4xx_hal.o
                0x20000058                uwTickFreq
 *fill*         0x20000059        0x3 
 .data.__sglue  0x2000005c        0xc /Applications/STM32CubeIDE.app/Contents/Eclipse/plugins/com.st.stm32cube.ide.mcu.externaltools.gnu-tools-for-stm32.13.3.rel1.macos64_1.0.0.202411102158/tools/bin/../lib/gcc/arm-none-eabi/13.3.1/../../../../arm-none-eabi/lib/thumb/v7e-m+fp/hard/libc_nano.a(libc_a-findfp.o)
                0x2000005c                __sglue
 .data._impure_ptr
                0x20000068        0x4 /Applications/STM32CubeIDE.app/Contents/Eclipse/plugins/com.st.stm32cube.ide.mcu.externaltools.gnu-tools-for-stm32.13.3.rel1.macos64_1.0.0.202411102158/tools/bin/../lib/gcc/arm-none-eabi/13.3.1/../../../../arm-none-eabi/lib/thumb/v7e-m+fp/hard/libc_nano.a(libc_a-impure.o)
                0x20000068                _impure_ptr
 .data._impure_data
                0x2000006c       0x4c /Applications/STM32CubeIDE.app/Contents/Eclipse/plugins/com.st.stm32cube.ide.mcu.externaltools.gnu-tools-for-stm32.13.3.rel1.macos64_1.0.0.202411102158/tools/bin/../lib/gcc/arm-none-eabi/13.3.1/../../../../arm-none-eabi/lib/thumb/v7e-m+fp/hard/libc_nano.a(libc_a-impure.o)
                0x2000006c                _impure_data
 *(.RamFunc)
 *(.RamFunc*)
                0x200000b8                        . = ALIGN (0x4)
                0x200000b8                        _edata = .

.igot.plt       0x200000b8        0x0 load address 0x0800b384
 .igot.plt      0x200000b8        0x0 /Applications/STM32CubeIDE.app/Contents/Eclipse/plugins/com.st.stm32cube.ide.mcu.externaltools.gnu-tools-for-stm32.13.3.rel1.macos64_1.0.0.202411102158/tools/bin/../lib/gcc/arm-none-eabi/13.3.1/thumb/v7e-m+fp/hard/crtbegin.o
                0x200000b8                        . = ALIGN (0x4)

.bss            0x200000b8      0xd5c load address 0x0800b384
                0x200000b8                        _sbss = .
                0x200000b8                        __bss_start__ = _sbss
 *(.bss)
 .bss           0x200000b8       0x1c /Applications/STM32CubeIDE.app/Contents/Eclipse/plugins/com.st.stm32cube.ide.mcu.externaltools.gnu-tools-for-stm32.13.3.rel1.macos64_1.0.0.202411102158/tools/bin/../lib/gcc/arm-none-eabi/13.3.1/thumb/v7e-m+fp/hard/crtbegin.o
 *(.bss*)
 .bss.bnrg_expansion_board
                0x200000d4        0x1 ./BlueNRG_MS/App/app_bluenrg_ms.o
                0x200000d4                bnrg_expansion_board
 .bss.user_button_pressed
                0x200000d5        0x1 ./BlueNRG_MS/App/app_bluenrg_ms.o
 *fill*         0x200000d6        0x2 
 .bss.connected
                0x200000d8        0x4 ./BlueNRG_MS/App/sample_service.o
                0x200000d8                connected
 .bss.connection_handle
                0x200000dc        0x2 ./BlueNRG_MS/App/sample_service.o
                0x200000dc                connection_handle
 .bss.notification_enabled
                0x200000de        0x1 ./BlueNRG_MS/App/sample_service.o
                0x200000de                notification_enabled
 .bss.start_read_tx_char_handle
                0x200000df        0x1 ./BlueNRG_MS/App/sample_service.o
                0x200000df                start_read_tx_char_handle
 .bss.start_read_rx_char_handle
                0x200000e0        0x1 ./BlueNRG_MS/App/sample_service.o
                0x200000e0                start_read_rx_char_handle
 .bss.end_read_tx_char_handle
                0x200000e1        0x1 ./BlueNRG_MS/App/sample_service.o
                0x200000e1                end_read_tx_char_handle
 .bss.end_read_rx_char_handle
                0x200000e2        0x1 ./BlueNRG_MS/App/sample_service.o
                0x200000e2                end_read_rx_char_handle
 *fill*         0x200000e3        0x1 
 .bss.tx_handle
                0x200000e4        0x2 ./BlueNRG_MS/App/sample_service.o
                0x200000e4                tx_handle
 .bss.rx_handle
                0x200000e6        0x2 ./BlueNRG_MS/App/sample_service.o
                0x200000e6                rx_handle
 .bss.sampleServHandle
                0x200000e8        0x2 ./BlueNRG_MS/App/sample_service.o
                0x200000e8                sampleServHandle
 .bss.TXCharHandle
                0x200000ea        0x2 ./BlueNRG_MS/App/sample_service.o
                0x200000ea                TXCharHandle
 .bss.RXCharHandle
                0x200000ec        0x2 ./BlueNRG_MS/App/sample_service.o
                0x200000ec                RXCharHandle
 *fill*         0x200000ee        0x2 
 .bss.hexti6    0x200000f0        0x8 ./BlueNRG_MS/Target/hci_tl_interface.o
                0x200000f0                hexti6
 .bss.read_char_buf.0
                0x200000f8       0xff ./BlueNRG_MS/Target/hci_tl_interface.o
 *fill*         0x200001f7        0x1 
 .bss.hdfsdm1_channel1
                0x200001f8       0x38 ./Core/Src/main.o
                0x200001f8                hdfsdm1_channel1
 .bss.hi2c1     0x20000230       0x54 ./Core/Src/main.o
                0x20000230                hi2c1
 .bss.hi2c2     0x20000284       0x54 ./Core/Src/main.o
                0x20000284                hi2c2
 .bss.htim4     0x200002d8       0x4c ./Core/Src/main.o
                0x200002d8                htim4
 .bss.huart3    0x20000324       0x88 ./Core/Src/main.o
                0x20000324                huart3
 .bss.hpcd_USB_OTG_FS
                0x200003ac      0x4e4 ./Core/Src/main.o
                0x200003ac                hpcd_USB_OTG_FS
 .bss.myServo   0x20000890        0x8 ./Core/Src/main_cpp.o
                0x20000890                myServo
 .bss.lcd       0x20000898        0x8 ./Core/Src/main_cpp.o
                0x20000898                lcd
 .bss.keypad    0x200008a0        0x8 ./Core/Src/main_cpp.o
                0x200008a0                keypad
 .bss.game      0x200008a8       0x10 ./Core/Src/main_cpp.o
                0x200008a8                game
 .bss.DFSDM1_Init
                0x200008b8        0x4 ./Core/Src/stm32l4xx_hal_msp.o
 .bss.__sbrk_heap_end
                0x200008bc        0x4 ./Core/Src/sysmem.o
 .bss.hcom_uart
                0x200008c0       0x88 ./Drivers/BSP/B-L475E-IOT01A1/b_l475e_iot01a1.o
                0x200008c0                hcom_uart
 .bss.COM_ActiveLogPort
                0x20000948        0x1 ./Drivers/BSP/B-L475E-IOT01A1/b_l475e_iot01a1.o
 *fill*         0x20000949        0x3 
 .bss.hspi3     0x2000094c       0x64 ./Drivers/BSP/B-L475E-IOT01A1/b_l475e_iot01a1_bus.o
                0x2000094c                hspi3
 .bss.SPI3InitCounter
                0x200009b0        0x4 ./Drivers/BSP/B-L475E-IOT01A1/b_l475e_iot01a1_bus.o
 .bss.uwTick    0x200009b4        0x4 ./Drivers/STM32L4xx_HAL_Driver/Src/stm32l4xx_hal.o
                0x200009b4                uwTick
 .bss.v_dfsdm1ChannelCounter
                0x200009b8        0x4 ./Drivers/STM32L4xx_HAL_Driver/Src/stm32l4xx_hal_dfsdm.o
 .bss.a_dfsdm1ChannelHandle
                0x200009bc       0x20 ./Drivers/STM32L4xx_HAL_Driver/Src/stm32l4xx_hal_dfsdm.o
 .bss.hciReadPktPool
                0x200009dc        0x8 ./Middlewares/ST/BlueNRG-MS/hci/hci_tl_patterns/Basic/hci_tl.o
                0x200009dc                hciReadPktPool
 .bss.hciReadPktRxQueue
                0x200009e4        0x8 ./Middlewares/ST/BlueNRG-MS/hci/hci_tl_patterns/Basic/hci_tl.o
                0x200009e4                hciReadPktRxQueue
 .bss.hciReadPacketBuffer
                0x200009ec      0x2bc ./Middlewares/ST/BlueNRG-MS/hci/hci_tl_patterns/Basic/hci_tl.o
 .bss.hciContext
                0x20000ca8       0x20 ./Middlewares/ST/BlueNRG-MS/hci/hci_tl_patterns/Basic/hci_tl.o
 .bss.__sf      0x20000cc8      0x138 /Applications/STM32CubeIDE.app/Contents/Eclipse/plugins/com.st.stm32cube.ide.mcu.externaltools.gnu-tools-for-stm32.13.3.rel1.macos64_1.0.0.202411102158/tools/bin/../lib/gcc/arm-none-eabi/13.3.1/../../../../arm-none-eabi/lib/thumb/v7e-m+fp/hard/libc_nano.a(libc_a-findfp.o)
                0x20000cc8                __sf
 .bss.__stdio_exit_handler
                0x20000e00        0x4 /Applications/STM32CubeIDE.app/Contents/Eclipse/plugins/com.st.stm32cube.ide.mcu.externaltools.gnu-tools-for-stm32.13.3.rel1.macos64_1.0.0.202411102158/tools/bin/../lib/gcc/arm-none-eabi/13.3.1/../../../../arm-none-eabi/lib/thumb/v7e-m+fp/hard/libc_nano.a(libc_a-findfp.o)
                0x20000e00                __stdio_exit_handler
 .bss.__lock___malloc_recursive_mutex
                0x20000e04        0x1 /Applications/STM32CubeIDE.app/Contents/Eclipse/plugins/com.st.stm32cube.ide.mcu.externaltools.gnu-tools-for-stm32.13.3.rel1.macos64_1.0.0.202411102158/tools/bin/../lib/gcc/arm-none-eabi/13.3.1/../../../../arm-none-eabi/lib/thumb/v7e-m+fp/hard/libc_nano.a(libc_a-lock.o)
                0x20000e04                __lock___malloc_recursive_mutex
 .bss.__lock___sfp_recursive_mutex
                0x20000e05        0x1 /Applications/STM32CubeIDE.app/Contents/Eclipse/plugins/com.st.stm32cube.ide.mcu.externaltools.gnu-tools-for-stm32.13.3.rel1.macos64_1.0.0.202411102158/tools/bin/../lib/gcc/arm-none-eabi/13.3.1/../../../../arm-none-eabi/lib/thumb/v7e-m+fp/hard/libc_nano.a(libc_a-lock.o)
                0x20000e05                __lock___sfp_recursive_mutex
 *fill*         0x20000e06        0x2 
 .bss.__malloc_sbrk_start
                0x20000e08        0x4 /Applications/STM32CubeIDE.app/Contents/Eclipse/plugins/com.st.stm32cube.ide.mcu.externaltools.gnu-tools-for-stm32.13.3.rel1.macos64_1.0.0.202411102158/tools/bin/../lib/gcc/arm-none-eabi/13.3.1/../../../../arm-none-eabi/lib/thumb/v7e-m+fp/hard/libc_nano.a(libc_a-mallocr.o)
                0x20000e08                __malloc_sbrk_start
 .bss.__malloc_free_list
                0x20000e0c        0x4 /Applications/STM32CubeIDE.app/Contents/Eclipse/plugins/com.st.stm32cube.ide.mcu.externaltools.gnu-tools-for-stm32.13.3.rel1.macos64_1.0.0.202411102158/tools/bin/../lib/gcc/arm-none-eabi/13.3.1/../../../../arm-none-eabi/lib/thumb/v7e-m+fp/hard/libc_nano.a(libc_a-mallocr.o)
                0x20000e0c                __malloc_free_list
 .bss.errno     0x20000e10        0x4 /Applications/STM32CubeIDE.app/Contents/Eclipse/plugins/com.st.stm32cube.ide.mcu.externaltools.gnu-tools-for-stm32.13.3.rel1.macos64_1.0.0.202411102158/tools/bin/../lib/gcc/arm-none-eabi/13.3.1/../../../../arm-none-eabi/lib/thumb/v7e-m+fp/hard/libc_nano.a(libc_a-reent.o)
                0x20000e10                errno
 *(COMMON)
                0x20000e14                        . = ALIGN (0x4)
                0x20000e14                        _ebss = .
                0x20000e14                        __bss_end__ = _ebss

._user_heap_stack
                0x20000e14      0x604 load address 0x0800b384
                0x20000e18                        . = ALIGN (0x8)
 *fill*         0x20000e14        0x4 