Archive member included to satisfy reference by file (symbol)

/Applications/STM32CubeIDE.app/Contents/Eclipse/plugins/com.st.stm32cube.ide.mcu.externaltools.gnu-tools-for-stm32.13.3.rel1.macos64_1.0.0.202411102158/tools/bin/../lib/gcc/arm-none-eabi/13.3.1/../../../../arm-none-eabi/lib/thumb/v7e-m+fp/hard/libc_nano.a(libc_a-exit.o)
                              /Applications/STM32CubeIDE.app/Contents/Eclipse/plugins/com.st.stm32cube.ide.mcu.externaltools.gnu-tools-for-stm32.13.3.rel1.macos64_1.0.0.202411102158/tools/bin/../lib/gcc/arm-none-eabi/13.3.1/../../../../arm-none-eabi/lib/thumb/v7e-m+fp/hard/crt0.o (exit)
/Applications/STM32CubeIDE.app/Contents/Eclipse/plugins/com.st.stm32cube.ide.mcu.externaltools.gnu-tools-for-stm32.13.3.rel1.macos64_1.0.0.202411102158/tools/bin/../lib/gcc/arm-none-eabi/13.3.1/../../../../arm-none-eabi/lib/thumb/v7e-m+fp/hard/libc_nano.a(libc_a-fflush.o)
                              ./BlueNRG_MS/App/sample_service.o (fflush)
/Applications/STM32CubeIDE.app/Contents/Eclipse/plugins/com.st.stm32cube.ide.mcu.externaltools.gnu-tools-for-stm32.13.3.rel1.macos64_1.0.0.202411102158/tools/bin/../lib/gcc/arm-none-eabi/13.3.1/../../../../arm-none-eabi/lib/thumb/v7e-m+fp/hard/libc_nano.a(libc_a-sprintf.o)
                              ./Core/Src/game.o (sprintf)
/Applications/STM32CubeIDE.app/Contents/Eclipse/plugins/com.st.stm32cube.ide.mcu.externaltools.gnu-tools-for-stm32.13.3.rel1.macos64_1.0.0.202411102158/tools/bin/../lib/gcc/arm-none-eabi/13.3.1/../../../../arm-none-eabi/lib/thumb/v7e-m+fp/hard/libc_nano.a(libc_a-rand.o)
                              ./Core/Src/game.o (srand)
/Applications/STM32CubeIDE.app/Contents/Eclipse/plugins/com.st.stm32cube.ide.mcu.externaltools.gnu-tools-for-stm32.13.3.rel1.macos64_1.0.0.202411102158/tools/bin/../lib/gcc/arm-none-eabi/13.3.1/../../../../arm-none-eabi/lib/thumb/v7e-m+fp/hard/libc_nano.a(libc_a-findfp.o)
                              /Applications/STM32CubeIDE.app/Contents/Eclipse/plugins/com.st.stm32cube.ide.mcu.externaltools.gnu-tools-for-stm32.13.3.rel1.macos64_1.0.0.202411102158/tools/bin/../lib/gcc/arm-none-eabi/13.3.1/../../../../arm-none-eabi/lib/thumb/v7e-m+fp/hard/libc_nano.a(libc_a-fflush.o) (__sglue)
/Applications/STM32CubeIDE.app/Contents/Eclipse/plugins/com.st.stm32cube.ide.mcu.externaltools.gnu-tools-for-stm32.13.3.rel1.macos64_1.0.0.202411102158/tools/bin/../lib/gcc/arm-none-eabi/13.3.1/../../../../arm-none-eabi/lib/thumb/v7e-m+fp/hard/libc_nano.a(libc_a-fwalk.o)
                              /Applications/STM32CubeIDE.app/Contents/Eclipse/plugins/com.st.stm32cube.ide.mcu.externaltools.gnu-tools-for-stm32.13.3.rel1.macos64_1.0.0.202411102158/tools/bin/../lib/gcc/arm-none-eabi/13.3.1/../../../../arm-none-eabi/lib/thumb/v7e-m+fp/hard/libc_nano.a(libc_a-fflush.o) (_fwalk_sglue)
/Applications/STM32CubeIDE.app/Contents/Eclipse/plugins/com.st.stm32cube.ide.mcu.externaltools.gnu-tools-for-stm32.13.3.rel1.macos64_1.0.0.202411102158/tools/bin/../lib/gcc/arm-none-eabi/13.3.1/../../../../arm-none-eabi/lib/thumb/v7e-m+fp/hard/libc_nano.a(libc_a-printf.o)
                              ./BlueNRG_MS/App/app_bluenrg_ms.o (printf)
/Applications/STM32CubeIDE.app/Contents/Eclipse/plugins/com.st.stm32cube.ide.mcu.externaltools.gnu-tools-for-stm32.13.3.rel1.macos64_1.0.0.202411102158/tools/bin/../lib/gcc/arm-none-eabi/13.3.1/../../../../arm-none-eabi/lib/thumb/v7e-m+fp/hard/libc_nano.a(libc_a-putchar.o)
                              ./BlueNRG_MS/App/sample_service.o (putchar)
/Applications/STM32CubeIDE.app/Contents/Eclipse/plugins/com.st.stm32cube.ide.mcu.externaltools.gnu-tools-for-stm32.13.3.rel1.macos64_1.0.0.202411102158/tools/bin/../lib/gcc/arm-none-eabi/13.3.1/../../../../arm-none-eabi/lib/thumb/v7e-m+fp/hard/libc_nano.a(libc_a-puts.o)
                              ./BlueNRG_MS/App/app_bluenrg_ms.o (puts)
/Applications/STM32CubeIDE.app/Contents/Eclipse/plugins/com.st.stm32cube.ide.mcu.externaltools.gnu-tools-for-stm32.13.3.rel1.macos64_1.0.0.202411102158/tools/bin/../lib/gcc/arm-none-eabi/13.3.1/../../../../arm-none-eabi/lib/thumb/v7e-m+fp/hard/libc_nano.a(libc_a-memset.o)
                              /Applications/STM32CubeIDE.app/Contents/Eclipse/plugins/com.st.stm32cube.ide.mcu.externaltools.gnu-tools-for-stm32.13.3.rel1.macos64_1.0.0.202411102158/tools/bin/../lib/gcc/arm-none-eabi/13.3.1/../../../../arm-none-eabi/lib/thumb/v7e-m+fp/hard/crt0.o (memset)
/Applications/STM32CubeIDE.app/Contents/Eclipse/plugins/com.st.stm32cube.ide.mcu.externaltools.gnu-tools-for-stm32.13.3.rel1.macos64_1.0.0.202411102158/tools/bin/../lib/gcc/arm-none-eabi/13.3.1/../../../../arm-none-eabi/lib/thumb/v7e-m+fp/hard/libc_nano.a(libc_a-errno.o)
                              ./Core/Src/syscalls.o (__errno)
[...]
Memory Configuration

Name             Origin             Length             Attributes
RAM              0x20000000         0x00018000         xrw
RAM2             0x10000000         0x00008000         xrw
FLASH            0x08000000         0x00100000         xr
*default*        0x00000000         0xffffffff

Linker script and memory map

LOAD /Applications/STM32CubeIDE.app/Contents/Eclipse/plugins/com.st.stm32cube.ide.mcu.externaltools.gnu-tools-for-stm32.13.3.rel1.macos64_1.0.0.202411102158/tools/bin/../lib/gcc/arm-none-eabi/13.3.1/thumb/v7e-m+fp/hard/crti.o
LOAD /Applications/STM32CubeIDE.app/Contents/Eclipse/plugins/com.st.stm32cube.ide.mcu.externaltools.gnu-tools-for-stm32.13.3.rel1.macos64_1.0.0.202411102158/tools/bin/../lib/gcc/arm-none-eabi/13.3.1/thumb/v7e-m+fp/hard/crtbegin.o
LOAD /Applications/STM32CubeIDE.app/Contents/Eclipse/plugins/com.st.stm32cube.ide.mcu.externaltools.gnu-tools-for-stm32.13.3.rel1.macos64_1.0.0.202411102158/tools/bin/../lib/gcc/arm-none-eabi/13.3.1/../../../../arm-none-eabi/lib/thumb/v7e-m+fp/hard/crt0.o
LOAD ./BlueNRG_MS/App/app_bluenrg_ms.o
LOAD ./BlueNRG_MS/App/sample_service.o
LOAD ./BlueNRG_MS/Target/hci_tl_interface.o
LOAD ./Core/Src/game.o
LOAD ./Core/Src/hcsr04.o
LOAD ./Core/Src/keypad.o
LOAD ./Core/Src/lcd.o
LOAD ./Core/Src/main.o
LOAD ./Core/Src/main_cpp.o
LOAD ./Core/Src/motor.o
LOAD ./Core/Src/servo.o
LOAD ./Core/Src/stm32l4xx_hal_msp.o
LOAD ./Core/Src/stm32l4xx_it.o
LOAD ./Core/Src/syscalls.o
LOAD ./Core/Src/sysmem.o
LOAD ./Core/Src/system_stm32l4xx.o
LOAD ./Core/Startup/startup_stm32l475vgtx.o
LOAD ./Drivers/BSP/B-L475E-IOT01A1/b_l475e_iot01a1.o
LOAD ./Drivers/BSP/B-L475E-IOT01A1/b_l475e_iot01a1_bus.o
LOAD ./Drivers/STM32L4xx_HAL_Driver/Src/stm32l4xx_hal.o
LOAD ./Drivers/STM32L4xx_HAL_Driver/Src/stm32l4xx_hal_cortex.o
LOAD ./Drivers/STM32L4xx_HAL_Driver/Src/stm32l4xx_hal_dfsdm.o
LOAD ./Drivers/STM32L4xx_HAL_Driver/Src/stm32l4xx_hal_dma.o
LOAD ./Drivers/STM32L4xx_HAL_Driver/Src/stm32l4xx_hal_dma_ex.o
LOAD ./Drivers/STM32L4xx_HAL_Driver/Src/stm32l4xx_hal_exti.o
LOAD ./Drivers/STM32L4xx_HAL_Driver/Src/stm32l4xx_hal_flash.o
LOAD ./Drivers/STM32L4xx_HAL_Driver/Src/stm32l4xx_hal_flash_ex.o
LOAD ./Drivers/STM32L4xx_HAL_Driver/Src/stm32l4xx_hal_flash_ramfunc.o
LOAD ./Drivers/STM32L4xx_HAL_Driver/Src/stm32l4xx_hal_gpio.o
LOAD ./Drivers/STM32L4xx_HAL_Driver/Src/stm32l4xx_hal_i2c.o
LOAD ./Drivers/STM32L4xx_HAL_Driver/Src/stm32l4xx_hal_i2c_ex.o
LOAD ./Drivers/STM32L4xx_HAL_Driver/Src/stm32l4xx_hal_pwr.o
LOAD ./Drivers/STM32L4xx_HAL_Driver/Src/stm32l4xx_hal_pwr_ex.o
LOAD ./Drivers/STM32L4xx_HAL_Driver/Src/stm32l4xx_hal_rcc.o
LOAD ./Drivers/STM32L4xx_HAL_Driver/Src/stm32l4xx_hal_rcc_ex.o
LOAD ./Drivers/STM32L4xx_HAL_Driver/Src/stm32l4xx_hal_spi.o
LOAD ./Drivers/STM32L4xx_HAL_Driver/Src/stm32l4xx_hal_spi_ex.o
LOAD ./Drivers/STM32L4xx_HAL_Driver/Src/stm32l4xx_hal_tim.o
LOAD ./Drivers/STM32L4xx_HAL_Driver/Src/stm32l4xx_hal_tim_ex.o
LOAD ./Drivers/STM32L4xx_HAL_Driver/Src/stm32l4xx_hal_uart.o
LOAD ./Drivers/STM32L4xx_HAL_Driver/Src/stm32l4xx_hal_uart_ex.o
LOAD ./Middlewares/ST/BlueNRG-MS/hci/controller/bluenrg_gap_aci.o
LOAD ./Middlewares/ST/BlueNRG-MS/hci/controller/bluenrg_gatt_aci.o
LOAD ./Middlewares/ST/BlueNRG-MS/hci/controller/bluenrg_hal_aci.o
LOAD ./Middlewares/ST/BlueNRG-MS/hci/controller/bluenrg_l2cap_aci.o
LOAD ./Middlewares/ST/BlueNRG-MS/hci/controller/bluenrg_updater_aci.o
LOAD ./Middlewares/ST/BlueNRG-MS/hci/controller/bluenrg_utils_small.o
LOAD ./Middlewares/ST/BlueNRG-MS/hci/hci_le.o
LOAD ./Middlewares/ST/BlueNRG-MS/hci/hci_tl_patterns/Basic/hci_tl.o
LOAD ./Middlewares/ST/BlueNRG-MS/utils/ble_list.o
START GROUP
LOAD /Applications/STM32CubeIDE.app/Contents/Eclipse/plugins/com.st.stm32cube.ide.mcu.externaltools.gnu-tools-for-stm32.13.3.rel1.macos64_1.0.0.202411102158/tools/bin/../lib/gcc/arm-none-eabi/13.3.1/../../../../arm-none-eabi/lib/thumb/v7e-m+fp/hard/libstdc++_nano.a
LOAD /Applications/STM32CubeIDE.app/Contents/Eclipse/plugins/com.st.stm32cube.ide.mcu.externaltools.gnu-tools-for-stm32.13.3.rel1.macos64_1.0.0.202411102158/tools/bin/../lib/gcc/arm-none-eabi/13.3.1/../../../../arm-none-eabi/lib/thumb/v7e-m+fp/hard/libsupc++_nano.a
END GROUP
LOAD /Applications/STM32CubeIDE.app/Contents/Eclipse/plugins/com.st.stm32cube.ide.mcu.externaltools.gnu-tools-for-stm32.13.3.rel1.macos64_1.0.0.202411102158/tools/bin/../lib/gcc/arm-none-eabi/13.3.1/../../../../arm-none-eabi/lib/thumb/v7e-m+fp/hard/libstdc++_nano.a
LOAD /Applications/STM32CubeIDE.app/Contents/Eclipse/plugins/com.st.stm32cube.ide.mcu.externaltools.gnu-tools-for-stm32.13.3.rel1.macos64_1.0.0.202411102158/tools/bin/../lib/gcc/arm-none-eabi/13.3.1/../../../../arm-none-eabi/lib/thumb/v7e-m+fp/hard/libm.a
LOAD /Applications/STM32CubeIDE.app/Contents/Eclipse/plugins/com.st.stm32cube.ide.mcu.externaltools.gnu-tools-for-stm32.13.3.rel1.macos64_1.0.0.202411102158/tools/bin/../lib/gcc/arm-none-eabi/13.3.1/../../../../arm-none-eabi/lib/thumb/v7e-m+fp/hard/libc_nano.a
START GROUP
LOAD /Applications/STM32CubeIDE.app/Contents/Eclipse/plugins/com.st.stm32cube.ide.mcu.externaltools.gnu-tools-for-stm32.13.3.rel1.macos64_1.0.0.202411102158/tools/bin/../lib/gcc/arm-none-eabi/13.3.1/thumb/v7e-m+fp/hard/libgcc.a
LOAD /Applications/STM32CubeIDE.app/Contents/Eclipse/plugins/com.st.stm32cube.ide.mcu.externaltools.gnu-tools-for-stm32.13.3.rel1.macos64_1.0.0.202411102158/tools/bin/../lib/gcc/arm-none-eabi/13.3.1/../../../../arm-none-eabi/lib/thumb/v7e-m+fp/hard/libc_nano.a
END GROUP
START GROUP
LOAD /Applications/STM32CubeIDE.app/Contents/Eclipse/plugins/com.st.stm32cube.ide.mcu.externaltools.gnu-tools-for-stm32.13.3.rel1.macos64_1.0.0.202411102158/tools/bin/../lib/gcc/arm-none-eabi/13.3.1/thumb/v7e-m+fp/hard/libgcc.a
LOAD /Applications/STM32CubeIDE.app/Contents/Eclipse/plugins/com.st.stm32cube.ide.mcu.externaltools.gnu-tools-for-stm32.13.3.rel1.macos64_1.0.0.202411102158/tools/bin/../lib/gcc/arm-none-eabi/13.3.1/../../../../arm-none-eabi/lib/thumb/v7e-m+fp/hard/libc_nano.a
END GROUP
LOAD /Applications/STM32CubeIDE.app/Contents/Eclipse/plugins/com.st.stm32cube.ide.mcu.externaltools.gnu-tools-for-stm32.13.3.rel1.macos64_1.0.0.202411102158/tools/bin/../lib/gcc/arm-none-eabi/13.3.1/thumb/v7e-m+fp/hard/crtend.o
LOAD /Applications/STM32CubeIDE.app/Contents/Eclipse/plugins/com.st.stm32cube.ide.mcu.externaltools.gnu-tools-for-stm32.13.3.rel1.macos64_1.0.0.202411102158/tools/bin/../lib/gcc/arm-none-eabi/13.3.1/thumb/v7e-m+fp/hard/crtn.o
                0x20018000                        _estack = (ORIGIN (RAM) + LENGTH (RAM))
                0x00000200                        _Min_Heap_Size = 0x200
                0x00000400                        _Min_Stack_Size = 0x400

.isr_vector     0x08000000      0x188
                0x08000000                        . = ALIGN (0x4)
 *(.isr_vector)
 .isr_vector    0x08000000      0x188 ./Core/Startup/startup_stm32l475vgtx.o
                0x08000000                g_pfnVectors
                0x08000188                        . = ALIGN (0x4)

.text           0x08000190     0xb660
                0x08000190                        . = ALIGN (0x4)
 *(.text)
 .text          0x08000190       0x40 /Applications/STM32CubeIDE.app/Contents/Eclipse/plugins/com.st.stm32cube.ide.mcu.externaltools.gnu-tools-for-stm32.13.3.rel1.macos64_1.0.0.202411102158/tools/bin/../lib/gcc/arm-none-eabi/13.3.1/thumb/v7e-m+fp/hard/crtbegin.o
 .text          0x080001d0       0xa0 /Applications/STM32CubeIDE.app/Contents/Eclipse/plugins/com.st.stm32cube.ide.mcu.externaltools.gnu-tools-for-stm32.13.3.rel1.macos64_1.0.0.202411102158/tools/bin/../lib/gcc/arm-none-eabi/13.3.1/../../../../arm-none-eabi/lib/thumb/v7e-m+fp/hard/libc_nano.a(libc_a-memchr.o)
                0x080001d0                memchr
 .text          0x08000270       0x30 /Applications/STM32CubeIDE.app/Contents/Eclipse/plugins/com.st.stm32cube.ide.mcu.externaltools.gnu-tools-for-stm32.13.3.rel1.macos64_1.0.0.202411102158/tools/bin/../lib/gcc/arm-none-eabi/13.3.1/thumb/v7e-m+fp/hard/libgcc.a(_aeabi_uldivmod.o)
                0x08000270                __aeabi_uldivmod
 .text          0x080002a0      0x2f8 /Applications/STM32CubeIDE.app/Contents/Eclipse/plugins/com.st.stm32cube.ide.mcu.externaltools.gnu-tools-for-stm32.13.3.rel1.macos64_1.0.0.202411102158/tools/bin/../lib/gcc/arm-none-eabi/13.3.1/thumb/v7e-m+fp/hard/libgcc.a(_udivmoddi4.o)
                0x080002a0                __udivmoddi4
 .text          0x08000598        0x4 /Applications/STM32CubeIDE.app/Contents/Eclipse/plugins/com.st.stm32cube.ide.mcu.externaltools.gnu-tools-for-stm32.13.3.rel1.macos64_1.0.0.202411102158/tools/bin/../lib/gcc/arm-none-eabi/13.3.1/thumb/v7e-m+fp/hard/libgcc.a(_dvmd_tls.o)
                0x08000598                __aeabi_ldiv0
                0x08000598                __aeabi_idiv0
 *(.text*)
 .text.MX_BlueNRG_MS_Init
                0x0800059c      0x214 ./BlueNRG_MS/App/app_bluenrg_ms.o
                0x0800059c                MX_BlueNRG_MS_Init
 .text.MX_BlueNRG_MS_Process
                0x080007b0       0x10 ./BlueNRG_MS/App/app_bluenrg_ms.o
                0x080007b0                MX_BlueNRG_MS_Process
 .text.User_Init
                0x080007c0       0x1c ./BlueNRG_MS/App/app_bluenrg_ms.o
 .text.User_Process
                0x080007dc      0x120 ./BlueNRG_MS/App/app_bluenrg_ms.o
 .text.BSP_PB_Callback
                0x080008fc       0x20 ./BlueNRG_MS/App/app_bluenrg_ms.o
                0x080008fc                BSP_PB_Callback
 .text.Add_Sample_Service
                0x0800091c       0xe4 ./BlueNRG_MS/App/sample_service.o
                0x0800091c                Add_Sample_Service
 .text.Make_Connection
                0x08000a00       0xd4 ./BlueNRG_MS/App/sample_service.o
                0x08000a00                Make_Connection
 .text.startReadTXCharHandle
                0x08000ad4       0x4c ./BlueNRG_MS/App/sample_service.o
                0x08000ad4                startReadTXCharHandle
 .text.startReadRXCharHandle
                0x08000b20       0x4c ./BlueNRG_MS/App/sample_service.o
                0x08000b20                startReadRXCharHandle
 .text.sendData
                0x08000b6c       0x60 ./BlueNRG_MS/App/sample_service.o
                0x08000b6c                sendData
 .text.enableNotification
                0x08000bcc       0x60 ./BlueNRG_MS/App/sample_service.o
                0x08000bcc                enableNotification
 .text.Attribute_Modified_CB
                0x08000c2c       0x58 ./BlueNRG_MS/App/sample_service.o
                0x08000c2c                Attribute_Modified_CB
 .text.GAP_ConnectionComplete_CB
                0x08000c84       0x68 ./BlueNRG_MS/App/sample_service.o
                0x08000c84                GAP_ConnectionComplete_CB
 .text.GAP_DisconnectionComplete_CB
                0x08000cec       0x58 ./BlueNRG_MS/App/sample_service.o
                0x08000cec                GAP_DisconnectionComplete_CB
 .text.GATT_Notification_CB
                0x08000d44       0x34 ./BlueNRG_MS/App/sample_service.o
                0x08000d44                GATT_Notification_CB
 .text.user_notify
                0x08000d78      0x218 ./BlueNRG_MS/App/sample_service.o
                0x08000d78                user_notify
 .text.HCI_TL_SPI_Init
                0x08000f90       0x94 ./BlueNRG_MS/Target/hci_tl_interface.o
                0x08000f90                HCI_TL_SPI_Init
 .text.HCI_TL_SPI_DeInit
                0x08001024       0x30 ./BlueNRG_MS/Target/hci_tl_interface.o
                0x08001024                HCI_TL_SPI_DeInit
 .text.HCI_TL_SPI_Reset
                0x08001054       0x40 ./BlueNRG_MS/Target/hci_tl_interface.o
                0x08001054                HCI_TL_SPI_Reset
 .text.HCI_TL_SPI_Receive
                0x08001094       0xb0 ./BlueNRG_MS/Target/hci_tl_interface.o
                0x08001094                HCI_TL_SPI_Receive
 .text.HCI_TL_SPI_Send
                0x08001144       0xa0 ./BlueNRG_MS/Target/hci_tl_interface.o
                0x08001144                HCI_TL_SPI_Send
 .text.IsDataAvailable
                0x080011e4       0x20 ./BlueNRG_MS/Target/hci_tl_interface.o
 .text.hci_tl_lowlevel_init
                0x08001204       0x74 ./BlueNRG_MS/Target/hci_tl_interface.o
                0x08001204                hci_tl_lowlevel_init
 .text.hci_tl_lowlevel_isr
                0x08001278       0x22 ./BlueNRG_MS/Target/hci_tl_interface.o
                0x08001278                hci_tl_lowlevel_isr
 .text._ZN8SafeGameC2ER6KeypadR3LCDR5Servo
                0x0800129a       0x2e ./Core/Src/game.o
                0x0800129a                SafeGame::SafeGame(Keypad&, LCD&, Servo&)
                0x0800129a                SafeGame::SafeGame(Keypad&, LCD&, Servo&)
 .text._ZN8SafeGame12GenerateCodeEv
                0x080012c8       0x68 ./Core/Src/game.o
                0x080012c8                SafeGame::GenerateCode()
 .text._ZN8SafeGame10CountBullsEv
                0x08001330       0x4a ./Core/Src/game.o
                0x08001330                SafeGame::CountBulls()
 .text._ZN8SafeGame9CountCowsEv
                0x0800137a       0x64 ./Core/Src/game.o
                0x0800137a                SafeGame::CountCows()
 *fill*         0x080013de        0x2 
 .text._ZN8SafeGame4PlayEv
                0x080013e0      0x198 ./Core/Src/game.o
                0x080013e0                SafeGame::Play()
 .text._ZN6HCSR04C2EP17TIM_HandleTypeDef
                0x08001578       0x24 ./Core/Src/hcsr04.o
                0x08001578                HCSR04::HCSR04(TIM_HandleTypeDef*)
                0x08001578                HCSR04::HCSR04(TIM_HandleTypeDef*)
 .text._ZN6HCSR045StartEv
                0x0800159c       0x28 ./Core/Src/hcsr04.o
                0x0800159c                HCSR04::Start()
 .text._ZN6HCSR0411GetDistanceEv
                0x080015c4       0x6c ./Core/Src/hcsr04.o
                0x080015c4                HCSR04::GetDistance()
 .text._ZN6KeypadC2EP11pinStruct_tS1_
                0x08001630       0xd2 ./Core/Src/keypad.o
                0x08001630                Keypad::Keypad(pinStruct_t*, pinStruct_t*)
                0x08001630                Keypad::Keypad(pinStruct_t*, pinStruct_t*)
 *fill*         0x08001702        0x2 
 .text._ZN6Keypad6GetKeyEv
                0x08001704       0xe0 ./Core/Src/keypad.o
                0x08001704                Keypad::GetKey()
 .text._ZN3LCDC2EP19__I2C_HandleTypeDefh
                0x080017e4       0x28 ./Core/Src/lcd.o
                0x080017e4                LCD::LCD(__I2C_HandleTypeDef*, unsigned char)
                0x080017e4                LCD::LCD(__I2C_HandleTypeDef*, unsigned char)
 .text._ZN3LCD9WriteByteEhh
                0x0800180c       0x7e ./Core/Src/lcd.o
                0x0800180c                LCD::WriteByte(unsigned char, unsigned char)
 .text._ZN3LCD4InitEv
                0x0800188a       0xde ./Core/Src/lcd.o
                0x0800188a                LCD::Init()
 .text._ZN3LCD5PrintEc
                0x08001968       0x20 ./Core/Src/lcd.o
                0x08001968                LCD::Print(char)
 .text._ZN3LCD5PrintEPKc
                0x08001988       0x30 ./Core/Src/lcd.o
                0x08001988                LCD::Print(char const*)
 .text._ZN3LCD5PrintEm
                0x080019b8       0x30 ./Core/Src/lcd.o
                0x080019b8                LCD::Print(unsigned long)
 .text._ZN3LCD9SetCursorEhh
                0x080019e8       0x3a ./Core/Src/lcd.o
                0x080019e8                LCD::SetCursor(unsigned char, unsigned char)
 .text._ZN3LCD5ClearEv
                0x08001a22       0x20 ./Core/Src/lcd.o
                0x08001a22                LCD::Clear()
 .text.main     0x08001a42       0x48 ./Core/Src/main.o
                0x08001a42                main
 *fill*         0x08001a8a        0x2 
 .text.SystemClock_Config
                0x08001a8c       0xc4 ./Core/Src/main.o
                0x08001a8c                SystemClock_Config
 .text.PeriphCommonClock_Config
                0x08001b50       0x56 ./Core/Src/main.o
                0x08001b50                PeriphCommonClock_Config
 *fill*         0x08001ba6        0x2 
 .text.MX_DFSDM1_Init
                0x08001ba8       0x70 ./Core/Src/main.o
 .text.MX_I2C1_Init
                0x08001c18       0x80 ./Core/Src/main.o
 .text.MX_I2C2_Init
                0x08001c98       0x80 ./Core/Src/main.o
 .text.MX_TIM2_Init
                0x08001d18      0x140 ./Core/Src/main.o
 .text.MX_TIM3_Init
                0x08001e58       0xb4 ./Core/Src/main.o
 .text.MX_TIM4_Init
                0x08001f0c       0xb8 ./Core/Src/main.o
 .text.MX_USART3_UART_Init
                0x08001fc4       0x60 ./Core/Src/main.o
 .text.MX_USB_OTG_FS_USB_Init
                0x08002024        0xe ./Core/Src/main.o
 *fill*         0x08002032        0x2 
 .text.MX_GPIO_Init
                0x08002034      0x324 ./Core/Src/main.o
 .text.Error_Handler
                0x08002358        0xc ./Core/Src/main.o
                0x08002358                Error_Handler
 .text.main_cpp_init
                0x08002364       0x44 ./Core/Src/main_cpp.o
                0x08002364                main_cpp_init
 .text.main_cpp_loop
                0x080023a8      0x150 ./Core/Src/main_cpp.o
                0x080023a8                main_cpp_loop
 .text.receiveData
                0x080024f8       0xa4 ./Core/Src/main_cpp.o
                0x080024f8                receiveData
 .text._Z41__static_initialization_and_destruction_0v
                0x0800259c       0x8c ./Core/Src/main_cpp.o
 .text._GLOBAL__sub_I_myServo
                0x08002628        0xa ./Core/Src/main_cpp.o
 .text._ZN5MotorC2EP17TIM_HandleTypeDefmP12GPIO_TypeDeftS3_t
                0x08002632       0x4c ./Core/Src/motor.o
                0x08002632                Motor::Motor(TIM_HandleTypeDef*, unsigned long, GPIO_TypeDef*, unsigned short, GPIO_TypeDef*, unsigned short)
                0x08002632                Motor::Motor(TIM_HandleTypeDef*, unsigned long, GPIO_TypeDef*, unsigned short, GPIO_TypeDef*, unsigned short)
 .text._ZN5Motor11MoveForwardEm
                0x0800267e       0xa0 ./Core/Src/motor.o
                0x0800267e                Motor::MoveForward(unsigned long)
 .text._ZN5Motor4StopEv
                0x0800271e       0x9e ./Core/Src/motor.o
                0x0800271e                Motor::Stop()
 .text._ZN5ServoC2EP17TIM_HandleTypeDefm
                0x080027bc       0x26 ./Core/Src/servo.o
                0x080027bc                Servo::Servo(TIM_HandleTypeDef*, unsigned long)
                0x080027bc                Servo::Servo(TIM_HandleTypeDef*, unsigned long)
 .text._ZN5Servo5StartEv
                0x080027e2       0x20 ./Core/Src/servo.o
                0x080027e2                Servo::Start()
 .text._ZN5Servo9TurnShaftEm
                0x08002802       0x84 ./Core/Src/servo.o
                0x08002802                Servo::TurnShaft(unsigned long)
 *fill*         0x08002886        0x2 
 .text.HAL_MspInit
                0x08002888       0x48 ./Core/Src/stm32l4xx_hal_msp.o
                0x08002888                HAL_MspInit
 .text.HAL_DFSDM_ChannelMspInit
                0x080028d0       0xc8 ./Core/Src/stm32l4xx_hal_msp.o
                0x080028d0                HAL_DFSDM_ChannelMspInit
 .text.HAL_I2C_MspInit
                0x08002998      0x144 ./Core/Src/stm32l4xx_hal_msp.o
                0x08002998                HAL_I2C_MspInit
 .text.HAL_TIM_Base_MspInit
                0x08002adc       0x84 ./Core/Src/stm32l4xx_hal_msp.o
                0x08002adc                HAL_TIM_Base_MspInit
 .text.HAL_TIM_PWM_MspInit
                0x08002b60       0x68 ./Core/Src/stm32l4xx_hal_msp.o
                0x08002b60                HAL_TIM_PWM_MspInit
 .text.HAL_TIM_MspPostInit
                0x08002bc8      0x104 ./Core/Src/stm32l4xx_hal_msp.o
                0x08002bc8                HAL_TIM_MspPostInit
 .text.HAL_UART_MspInit
                0x08002ccc       0xbc ./Core/Src/stm32l4xx_hal_msp.o
                0x08002ccc                HAL_UART_MspInit
 .text.NMI_Handler
                0x08002d88        0x8 ./Core/Src/stm32l4xx_it.o
                0x08002d88                NMI_Handler
 .text.HardFault_Handler
                0x08002d90        0x8 ./Core/Src/stm32l4xx_it.o
                0x08002d90                HardFault_Handler
 .text.MemManage_Handler
                0x08002d98        0x8 ./Core/Src/stm32l4xx_it.o
                0x08002d98                MemManage_Handler
 .text.BusFault_Handler
                0x08002da0        0x8 ./Core/Src/stm32l4xx_it.o
                0x08002da0                BusFault_Handler
 .text.UsageFault_Handler
                0x08002da8        0x8 ./Core/Src/stm32l4xx_it.o
                0x08002da8                UsageFault_Handler
 .text.SVC_Handler
                0x08002db0        0xe ./Core/Src/stm32l4xx_it.o
                0x08002db0                SVC_Handler
 .text.DebugMon_Handler
                0x08002dbe        0xe ./Core/Src/stm32l4xx_it.o
                0x08002dbe                DebugMon_Handler
 .text.PendSV_Handler
                0x08002dcc        0xe ./Core/Src/stm32l4xx_it.o
                0x08002dcc                PendSV_Handler
 .text.SysTick_Handler
                0x08002dda        0xc ./Core/Src/stm32l4xx_it.o
                0x08002dda                SysTick_Handler
 *fill*         0x08002de6        0x2 
 .text.EXTI9_5_IRQHandler
                0x08002de8       0x20 ./Core/Src/stm32l4xx_it.o
                0x08002de8                EXTI9_5_IRQHandler
 .text.EXTI15_10_IRQHandler
                0x08002e08       0x2c ./Core/Src/stm32l4xx_it.o
                0x08002e08                EXTI15_10_IRQHandler
 .text._getpid  0x08002e34       0x10 ./Core/Src/syscalls.o
                0x08002e34                _getpid
 .text._kill    0x08002e44       0x20 ./Core/Src/syscalls.o
                0x08002e44                _kill
 .text._exit    0x08002e64       0x16 ./Core/Src/syscalls.o
                0x08002e64                _exit
 .text._read    0x08002e7a       0x3a ./Core/Src/syscalls.o
                0x08002e7a                _read
 .text._write   0x08002eb4       0x38 ./Core/Src/syscalls.o
                0x08002eb4                _write
 .text._close   0x08002eec       0x18 ./Core/Src/syscalls.o
                0x08002eec                _close
 .text._fstat   0x08002f04       0x20 ./Core/Src/syscalls.o
                0x08002f04                _fstat
 .text._isatty  0x08002f24       0x16 ./Core/Src/syscalls.o
                0x08002f24                _isatty
 .text._lseek   0x08002f3a       0x1a ./Core/Src/syscalls.o
                0x08002f3a                _lseek
 .text._sbrk    0x08002f54       0x6c ./Core/Src/sysmem.o
                0x08002f54                _sbrk
 .text.SystemInit
                0x08002fc0       0x24 ./Core/Src/system_stm32l4xx.o
                0x08002fc0                SystemInit
 .text.Reset_Handler
                0x08002fe4       0x50 ./Core/Startup/startup_stm32l475vgtx.o
                0x08002fe4                Reset_Handler
 .text.Default_Handler
                0x08003034        0x2 ./Core/Startup/startup_stm32l475vgtx.o
                0x08003034                TIM1_BRK_TIM15_IRQHandler
                0x08003034                EXTI2_IRQHandler
                0x08003034                TIM8_TRG_COM_IRQHandler
                0x08003034                TIM8_CC_IRQHandler
                0x08003034                TIM1_CC_IRQHandler
                0x08003034                TSC_IRQHandler
                0x08003034                TAMP_STAMP_IRQHandler
                0x08003034                EXTI3_IRQHandler
                0x08003034                LPTIM2_IRQHandler
                0x08003034                DFSDM1_FLT1_IRQHandler
                0x08003034                I2C3_ER_IRQHandler
                0x08003034                DFSDM1_FLT2_IRQHandler
                0x08003034                EXTI0_IRQHandler
                0x08003034                I2C2_EV_IRQHandler
                0x08003034                CAN1_RX0_IRQHandler
                0x08003034                FPU_IRQHandler
                0x08003034                TIM1_UP_TIM16_IRQHandler
                0x08003034                ADC1_2_IRQHandler
                0x08003034                SPI1_IRQHandler
                0x08003034                TIM6_DAC_IRQHandler
                0x08003034                TIM8_UP_IRQHandler
                0x08003034                DMA2_Channel2_IRQHandler
                0x08003034                DMA1_Channel4_IRQHandler
                0x08003034                SAI2_IRQHandler
                0x08003034                DFSDM1_FLT3_IRQHandler
                0x08003034                USART3_IRQHandler
                0x08003034                DMA1_Channel7_IRQHandler
                0x08003034                CAN1_RX1_IRQHandler
                0x08003034                UART5_IRQHandler
                0x08003034                ADC3_IRQHandler
                0x08003034                TIM4_IRQHandler
                0x08003034                DMA2_Channel1_IRQHandler
                0x08003034                QUADSPI_IRQHandler
                0x08003034                I2C1_EV_IRQHandler
                0x08003034                DMA1_Channel6_IRQHandler
                0x08003034                UART4_IRQHandler
                0x08003034                DMA2_Channel4_IRQHandler
                0x08003034                TIM3_IRQHandler
                0x08003034                RCC_IRQHandler
                0x08003034                DMA1_Channel1_IRQHandler
                0x08003034                Default_Handler
                0x08003034                DMA2_Channel7_IRQHandler
                0x08003034                TIM7_IRQHandler
                0x08003034                SDMMC1_IRQHandler
                0x08003034                TIM5_IRQHandler
                0x08003034                I2C3_EV_IRQHandler
                0x08003034                RTC_WKUP_IRQHandler
                0x08003034                PVD_PVM_IRQHandler
                0x08003034                SPI2_IRQHandler
                0x08003034                CAN1_TX_IRQHandler
                0x08003034                DMA2_Channel5_IRQHandler
                0x08003034                DMA1_Channel5_IRQHandler
                0x08003034                EXTI4_IRQHandler
                0x08003034                RNG_IRQHandler
                0x08003034                TIM1_TRG_COM_TIM17_IRQHandler
                0x08003034                DMA1_Channel3_IRQHandler
                0x08003034                COMP_IRQHandler
                0x08003034                WWDG_IRQHandler
                0x08003034                LPUART1_IRQHandler
                0x08003034                DMA2_Channel6_IRQHandler
                0x08003034                TIM2_IRQHandler
                0x08003034                EXTI1_IRQHandler
                0x08003034                USART2_IRQHandler
                0x08003034                DFSDM1_FLT0_IRQHandler
                0x08003034                I2C2_ER_IRQHandler
                0x08003034                DMA1_Channel2_IRQHandler
                0x08003034                TIM8_BRK_IRQHandler
                0x08003034                CAN1_SCE_IRQHandler
                0x08003034                FLASH_IRQHandler
                0x08003034                USART1_IRQHandler
                0x08003034                OTG_FS_IRQHandler
                0x08003034                SPI3_IRQHandler
                0x08003034                I2C1_ER_IRQHandler
                0x08003034                FMC_IRQHandler
                0x08003034                SWPMI1_IRQHandler
                0x08003034                LPTIM1_IRQHandler
                0x08003034                SAI1_IRQHandler
                0x08003034                DMA2_Channel3_IRQHandler
                0x08003034                RTC_Alarm_IRQHandler
 *fill*         0x08003036        0x2 
 .text.BSP_LED_Init
                0x08003038       0x24 ./Drivers/BSP/B-L475E-IOT01A1/b_l475e_iot01a1.o
                0x08003038                BSP_LED_Init
 .text.BSP_LED_On
                0x0800305c       0x2c ./Drivers/BSP/B-L475E-IOT01A1/b_l475e_iot01a1.o
                0x0800305c                BSP_LED_On
 .text.BSP_LED_Off
                0x08003088       0x2c ./Drivers/BSP/B-L475E-IOT01A1/b_l475e_iot01a1.o
                0x08003088                BSP_LED_Off
 .text.LED_USER_GPIO_Init
                0x080030b4       0x80 ./Drivers/BSP/B-L475E-IOT01A1/b_l475e_iot01a1.o
 .text.BSP_PB_Init
                0x08003134       0xa8 ./Drivers/BSP/B-L475E-IOT01A1/b_l475e_iot01a1.o
                0x08003134                BSP_PB_Init
 .text.BSP_PB_GetState
                0x080031dc       0x38 ./Drivers/BSP/B-L475E-IOT01A1/b_l475e_iot01a1.o
                0x080031dc                BSP_PB_GetState
 .text.BUTTON_USER_EXTI_Callback
                0x08003214        0xe ./Drivers/BSP/B-L475E-IOT01A1/b_l475e_iot01a1.o
 *fill*         0x08003222        0x2 
 .text.BUTTON_USER_GPIO_Init
                0x08003224       0x74 ./Drivers/BSP/B-L475E-IOT01A1/b_l475e_iot01a1.o
 .text.BSP_COM_Init
                0x08003298       0x7c ./Drivers/BSP/B-L475E-IOT01A1/b_l475e_iot01a1.o
                0x08003298                BSP_COM_Init
 .text.MX_USART1_UART_Init
                0x08003314       0x68 ./Drivers/BSP/B-L475E-IOT01A1/b_l475e_iot01a1.o
                0x08003314                MX_USART1_UART_Init
 .text.__io_putchar
                0x0800337c       0x38 ./Drivers/BSP/B-L475E-IOT01A1/b_l475e_iot01a1.o
                0x0800337c                __io_putchar
 .text.USART1_MspInit
                0x080033b4       0xbc ./Drivers/BSP/B-L475E-IOT01A1/b_l475e_iot01a1.o
 .text.BSP_SPI3_Init
                0x08003470       0x60 ./Drivers/BSP/B-L475E-IOT01A1/b_l475e_iot01a1_bus.o
                0x08003470                BSP_SPI3_Init
 .text.BSP_SPI3_SendRecv
                0x080034d0       0x40 ./Drivers/BSP/B-L475E-IOT01A1/b_l475e_iot01a1_bus.o
                0x080034d0                BSP_SPI3_SendRecv
 .text.BSP_GetTick
                0x08003510        0xe ./Drivers/BSP/B-L475E-IOT01A1/b_l475e_iot01a1_bus.o
                0x08003510                BSP_GetTick
 *fill*         0x0800351e        0x2 
 .text.MX_SPI3_Init
                0x08003520       0x84 ./Drivers/BSP/B-L475E-IOT01A1/b_l475e_iot01a1_bus.o
                0x08003520                MX_SPI3_Init
 .text.SPI3_MspInit
                0x080035a4       0xb0 ./Drivers/BSP/B-L475E-IOT01A1/b_l475e_iot01a1_bus.o
 .text.HAL_Init
                0x08003654       0x30 ./Drivers/STM32L4xx_HAL_Driver/Src/stm32l4xx_hal.o
                0x08003654                HAL_Init
 .text.HAL_InitTick
                0x08003684       0x78 ./Drivers/STM32L4xx_HAL_Driver/Src/stm32l4xx_hal.o
                0x08003684                HAL_InitTick
 .text.HAL_IncTick
                0x080036fc       0x28 ./Drivers/STM32L4xx_HAL_Driver/Src/stm32l4xx_hal.o
                0x080036fc                HAL_IncTick
 .text.HAL_GetTick
                0x08003724       0x18 ./Drivers/STM32L4xx_HAL_Driver/Src/stm32l4xx_hal.o
                0x08003724                HAL_GetTick
 .text.HAL_Delay
                0x0800373c       0x48 ./Drivers/STM32L4xx_HAL_Driver/Src/stm32l4xx_hal.o
                0x0800373c                HAL_Delay
 .text.__NVIC_SetPriorityGrouping
                0x08003784       0x48 ./Drivers/STM32L4xx_HAL_Driver/Src/stm32l4xx_hal_cortex.o
 .text.__NVIC_GetPriorityGrouping
                0x080037cc       0x1c ./Drivers/STM32L4xx_HAL_Driver/Src/stm32l4xx_hal_cortex.o
 .text.__NVIC_EnableIRQ
                0x080037e8       0x3c ./Drivers/STM32L4xx_HAL_Driver/Src/stm32l4xx_hal_cortex.o
 .text.__NVIC_SetPriority
                0x08003824       0x54 ./Drivers/STM32L4xx_HAL_Driver/Src/stm32l4xx_hal_cortex.o
 .text.NVIC_EncodePriority
                0x08003878       0x66 ./Drivers/STM32L4xx_HAL_Driver/Src/stm32l4xx_hal_cortex.o
 *fill*         0x080038de        0x2 
 .text.SysTick_Config
                0x080038e0       0x44 ./Drivers/STM32L4xx_HAL_Driver/Src/stm32l4xx_hal_cortex.o
 .text.HAL_NVIC_SetPriorityGrouping
                0x08003924       0x16 ./Drivers/STM32L4xx_HAL_Driver/Src/stm32l4xx_hal_cortex.o
                0x08003924                HAL_NVIC_SetPriorityGrouping
 .text.HAL_NVIC_SetPriority
                0x0800393a       0x38 ./Drivers/STM32L4xx_HAL_Driver/Src/stm32l4xx_hal_cortex.o
                0x0800393a                HAL_NVIC_SetPriority
 .text.HAL_NVIC_EnableIRQ
                0x08003972       0x1c ./Drivers/STM32L4xx_HAL_Driver/Src/stm32l4xx_hal_cortex.o
                0x08003972                HAL_NVIC_EnableIRQ
 .text.HAL_SYSTICK_Config
                0x0800398e       0x18 ./Drivers/STM32L4xx_HAL_Driver/Src/stm32l4xx_hal_cortex.o
                0x0800398e                HAL_SYSTICK_Config
 *fill*         0x080039a6        0x2 
 .text.HAL_DFSDM_ChannelInit
                0x080039a8      0x180 ./Drivers/STM32L4xx_HAL_Driver/Src/stm32l4xx_hal_dfsdm.o
                0x080039a8                HAL_DFSDM_ChannelInit
 .text.DFSDM_GetChannelFromInstance
                0x08003b28       0x98 ./Drivers/STM32L4xx_HAL_Driver/Src/stm32l4xx_hal_dfsdm.o
 .text.HAL_EXTI_RegisterCallback
                0x08003bc0       0x34 ./Drivers/STM32L4xx_HAL_Driver/Src/stm32l4xx_hal_exti.o
                0x08003bc0                HAL_EXTI_RegisterCallback
 .text.HAL_EXTI_GetHandle
                0x08003bf4       0x28 ./Drivers/STM32L4xx_HAL_Driver/Src/stm32l4xx_hal_exti.o
                0x08003bf4                HAL_EXTI_GetHandle
 .text.HAL_EXTI_IRQHandler
                0x08003c1c       0x60 ./Drivers/STM32L4xx_HAL_Driver/Src/stm32l4xx_hal_exti.o
                0x08003c1c                HAL_EXTI_IRQHandler
 .text.HAL_GPIO_Init
                0x08003c7c      0x354 ./Drivers/STM32L4xx_HAL_Driver/Src/stm32l4xx_hal_gpio.o
                0x08003c7c                HAL_GPIO_Init
 .text.HAL_GPIO_DeInit
                0x08003fd0      0x1e8 ./Drivers/STM32L4xx_HAL_Driver/Src/stm32l4xx_hal_gpio.o
                0x08003fd0                HAL_GPIO_DeInit
 .text.HAL_GPIO_ReadPin
                0x080041b8       0x30 ./Drivers/STM32L4xx_HAL_Driver/Src/stm32l4xx_hal_gpio.o
                0x080041b8                HAL_GPIO_ReadPin
 .text.HAL_GPIO_WritePin
                0x080041e8       0x30 ./Drivers/STM32L4xx_HAL_Driver/Src/stm32l4xx_hal_gpio.o
                0x080041e8                HAL_GPIO_WritePin
 .text.HAL_GPIO_EXTI_IRQHandler
                0x08004218       0x30 ./Drivers/STM32L4xx_HAL_Driver/Src/stm32l4xx_hal_gpio.o
                0x08004218                HAL_GPIO_EXTI_IRQHandler
 .text.HAL_GPIO_EXTI_Callback
                0x08004248       0x16 ./Drivers/STM32L4xx_HAL_Driver/Src/stm32l4xx_hal_gpio.o
                0x08004248                HAL_GPIO_EXTI_Callback
 .text.HAL_I2C_Init
                0x0800425e      0x136 ./Drivers/STM32L4xx_HAL_Driver/Src/stm32l4xx_hal_i2c.o
                0x0800425e                HAL_I2C_Init
 .text.HAL_I2C_Master_Transmit
                0x08004394      0x230 ./Drivers/STM32L4xx_HAL_Driver/Src/stm32l4xx_hal_i2c.o
                0x08004394                HAL_I2C_Master_Transmit
 .text.I2C_Flush_TXDR
                0x080045c4       0x48 ./Drivers/STM32L4xx_HAL_Driver/Src/stm32l4xx_hal_i2c.o
 .text.I2C_WaitOnFlagUntilTimeout
                0x0800460c       0xb2 ./Drivers/STM32L4xx_HAL_Driver/Src/stm32l4xx_hal_i2c.o
 .text.I2C_WaitOnTXISFlagUntilTimeout
                0x080046be       0x8e ./Drivers/STM32L4xx_HAL_Driver/Src/stm32l4xx_hal_i2c.o
 .text.I2C_WaitOnSTOPFlagUntilTimeout
                0x0800474c       0x86 ./Drivers/STM32L4xx_HAL_Driver/Src/stm32l4xx_hal_i2c.o
 *fill*         0x080047d2        0x2 
 .text.I2C_IsErrorOccurred
                0x080047d4      0x1c0 ./Drivers/STM32L4xx_HAL_Driver/Src/stm32l4xx_hal_i2c.o
 .text.I2C_TransferConfig
                0x08004994       0x64 ./Drivers/STM32L4xx_HAL_Driver/Src/stm32l4xx_hal_i2c.o
 .text.HAL_I2CEx_ConfigAnalogFilter
                0x080049f8       0x96 ./Drivers/STM32L4xx_HAL_Driver/Src/stm32l4xx_hal_i2c_ex.o
                0x080049f8                HAL_I2CEx_ConfigAnalogFilter
 .text.HAL_I2CEx_ConfigDigitalFilter
                0x08004a8e       0x98 ./Drivers/STM32L4xx_HAL_Driver/Src/stm32l4xx_hal_i2c_ex.o
                0x08004a8e                HAL_I2CEx_ConfigDigitalFilter
 *fill*         0x08004b26        0x2 
 .text.HAL_PWR_EnableBkUpAccess
                0x08004b28       0x20 ./Drivers/STM32L4xx_HAL_Driver/Src/stm32l4xx_hal_pwr.o
                0x08004b28                HAL_PWR_EnableBkUpAccess
 .text.HAL_PWREx_GetVoltageRange
                0x08004b48       0x1c ./Drivers/STM32L4xx_HAL_Driver/Src/stm32l4xx_hal_pwr_ex.o
                0x08004b48                HAL_PWREx_GetVoltageRange
 .text.HAL_PWREx_ControlVoltageScaling
                0x08004b64       0xac ./Drivers/STM32L4xx_HAL_Driver/Src/stm32l4xx_hal_pwr_ex.o
                0x08004b64                HAL_PWREx_ControlVoltageScaling
 .text.HAL_RCC_OscConfig
                0x08004c10      0x7b8 ./Drivers/STM32L4xx_HAL_Driver/Src/stm32l4xx_hal_rcc.o
                0x08004c10                HAL_RCC_OscConfig
 .text.HAL_RCC_ClockConfig
                0x080053c8      0x200 ./Drivers/STM32L4xx_HAL_Driver/Src/stm32l4xx_hal_rcc.o
                0x080053c8                HAL_RCC_ClockConfig
 .text.HAL_RCC_GetSysClockFreq
                0x080055c8      0x118 ./Drivers/STM32L4xx_HAL_Driver/Src/stm32l4xx_hal_rcc.o
                0x080055c8                HAL_RCC_GetSysClockFreq
 .text.HAL_RCC_GetHCLKFreq
                0x080056e0       0x18 ./Drivers/STM32L4xx_HAL_Driver/Src/stm32l4xx_hal_rcc.o
                0x080056e0                HAL_RCC_GetHCLKFreq
 .text.HAL_RCC_GetPCLK1Freq
                0x080056f8       0x2c ./Drivers/STM32L4xx_HAL_Driver/Src/stm32l4xx_hal_rcc.o
                0x080056f8                HAL_RCC_GetPCLK1Freq
 .text.HAL_RCC_GetPCLK2Freq
                0x08005724       0x2c ./Drivers/STM32L4xx_HAL_Driver/Src/stm32l4xx_hal_rcc.o
                0x08005724                HAL_RCC_GetPCLK2Freq
 .text.RCC_SetFlashLatencyFromMSIRange
                0x08005750       0xc0 ./Drivers/STM32L4xx_HAL_Driver/Src/stm32l4xx_hal_rcc.o
 .text.HAL_RCCEx_PeriphCLKConfig
                0x08005810      0x5d4 ./Drivers/STM32L4xx_HAL_Driver/Src/stm32l4xx_hal_rcc_ex.o
                0x08005810                HAL_RCCEx_PeriphCLKConfig
 .text.HAL_RCCEx_EnableMSIPLLMode
                0x08005de4       0x20 ./Drivers/STM32L4xx_HAL_Driver/Src/stm32l4xx_hal_rcc_ex.o
                0x08005de4                HAL_RCCEx_EnableMSIPLLMode
 .text.RCCEx_PLLSAI1_Config
                0x08005e04      0x1e8 ./Drivers/STM32L4xx_HAL_Driver/Src/stm32l4xx_hal_rcc_ex.o
 .text.RCCEx_PLLSAI2_Config
                0x08005fec      0x1bc ./Drivers/STM32L4xx_HAL_Driver/Src/stm32l4xx_hal_rcc_ex.o
 .text.HAL_SPI_Init
                0x080061a8      0x146 ./Drivers/STM32L4xx_HAL_Driver/Src/stm32l4xx_hal_spi.o
                0x080061a8                HAL_SPI_Init
 .text.HAL_SPI_MspInit
                0x080062ee       0x14 ./Drivers/STM32L4xx_HAL_Driver/Src/stm32l4xx_hal_spi.o
                0x080062ee                HAL_SPI_MspInit
 .text.HAL_SPI_TransmitReceive
                0x08006302      0x43e ./Drivers/STM32L4xx_HAL_Driver/Src/stm32l4xx_hal_spi.o
                0x08006302                HAL_SPI_TransmitReceive
 .text.HAL_SPI_GetState
                0x08006740       0x1c ./Drivers/STM32L4xx_HAL_Driver/Src/stm32l4xx_hal_spi.o
                0x08006740                HAL_SPI_GetState
 .text.SPI_WaitFlagStateUntilTimeout
                0x0800675c      0x110 ./Drivers/STM32L4xx_HAL_Driver/Src/stm32l4xx_hal_spi.o
 .text.SPI_WaitFifoStateUntilTimeout
                0x0800686c      0x12c ./Drivers/STM32L4xx_HAL_Driver/Src/stm32l4xx_hal_spi.o
 .text.SPI_EndRxTxTransaction
                0x08006998       0x8c ./Drivers/STM32L4xx_HAL_Driver/Src/stm32l4xx_hal_spi.o
 .text.HAL_TIM_Base_Init
                0x08006a24       0xae ./Drivers/STM32L4xx_HAL_Driver/Src/stm32l4xx_hal_tim.o
                0x08006a24                HAL_TIM_Base_Init
 .text.HAL_TIM_PWM_Init
                0x08006ad2       0xae ./Drivers/STM32L4xx_HAL_Driver/Src/stm32l4xx_hal_tim.o
                0x08006ad2                HAL_TIM_PWM_Init
 .text.HAL_TIM_PWM_Start
                0x08006b80      0x20c ./Drivers/STM32L4xx_HAL_Driver/Src/stm32l4xx_hal_tim.o
                0x08006b80                HAL_TIM_PWM_Start
 .text.HAL_TIM_IC_Init
                0x08006d8c       0xae ./Drivers/STM32L4xx_HAL_Driver/Src/stm32l4xx_hal_tim.o
                0x08006d8c                HAL_TIM_IC_Init
 .text.HAL_TIM_IC_MspInit
                0x08006e3a       0x14 ./Drivers/STM32L4xx_HAL_Driver/Src/stm32l4xx_hal_tim.o
                0x08006e3a                HAL_TIM_IC_MspInit
 *fill*         0x08006e4e        0x2 
 .text.HAL_TIM_IC_Start
                0x08006e50      0x1f8 ./Drivers/STM32L4xx_HAL_Driver/Src/stm32l4xx_hal_tim.o
                0x08006e50                HAL_TIM_IC_Start
 .text.HAL_TIM_IC_ConfigChannel
                0x08007048      0x138 ./Drivers/STM32L4xx_HAL_Driver/Src/stm32l4xx_hal_tim.o
                0x08007048                HAL_TIM_IC_ConfigChannel
 .text.HAL_TIM_PWM_ConfigChannel
                0x08007180      0x228 ./Drivers/STM32L4xx_HAL_Driver/Src/stm32l4xx_hal_tim.o
                0x08007180                HAL_TIM_PWM_ConfigChannel
 .text.HAL_TIM_SlaveConfigSynchro
                0x080073a8       0x84 ./Drivers/STM32L4xx_HAL_Driver/Src/stm32l4xx_hal_tim.o
                0x080073a8                HAL_TIM_SlaveConfigSynchro
 .text.HAL_TIM_ReadCapturedValue
                0x0800742c       0x88 ./Drivers/STM32L4xx_HAL_Driver/Src/stm32l4xx_hal_tim.o
                0x0800742c                HAL_TIM_ReadCapturedValue
 .text.TIM_Base_SetConfig
                0x080074b4      0x140 ./Drivers/STM32L4xx_HAL_Driver/Src/stm32l4xx_hal_tim.o
                0x080074b4                TIM_Base_SetConfig
 .text.TIM_OC1_SetConfig
                0x080075f4      0x124 ./Drivers/STM32L4xx_HAL_Driver/Src/stm32l4xx_hal_tim.o
 .text.TIM_OC2_SetConfig
                0x08007718      0x118 ./Drivers/STM32L4xx_HAL_Driver/Src/stm32l4xx_hal_tim.o
                0x08007718                TIM_OC2_SetConfig
 .text.TIM_OC3_SetConfig
                0x08007830      0x114 ./Drivers/STM32L4xx_HAL_Driver/Src/stm32l4xx_hal_tim.o
 .text.TIM_OC4_SetConfig
                0x08007944       0xd4 ./Drivers/STM32L4xx_HAL_Driver/Src/stm32l4xx_hal_tim.o
 .text.TIM_OC5_SetConfig
                0x08007a18       0xc8 ./Drivers/STM32L4xx_HAL_Driver/Src/stm32l4xx_hal_tim.o
 .text.TIM_OC6_SetConfig
                0x08007ae0       0xcc ./Drivers/STM32L4xx_HAL_Driver/Src/stm32l4xx_hal_tim.o
 .text.TIM_SlaveTimer_SetConfig
                0x08007bac      0x126 ./Drivers/STM32L4xx_HAL_Driver/Src/stm32l4xx_hal_tim.o
 *fill*         0x08007cd2        0x2 
 .text.TIM_TI1_SetConfig
                0x08007cd4      0x118 ./Drivers/STM32L4xx_HAL_Driver/Src/stm32l4xx_hal_tim.o
                0x08007cd4                TIM_TI1_SetConfig
 .text.TIM_TI1_ConfigInputStage
                0x08007dec       0xa8 ./Drivers/STM32L4xx_HAL_Driver/Src/stm32l4xx_hal_tim.o
 .text.TIM_TI2_SetConfig
                0x08007e94       0xa0 ./Drivers/STM32L4xx_HAL_Driver/Src/stm32l4xx_hal_tim.o
 .text.TIM_TI2_ConfigInputStage
                0x08007f34       0x84 ./Drivers/STM32L4xx_HAL_Driver/Src/stm32l4xx_hal_tim.o
 .text.TIM_TI3_SetConfig
                0x08007fb8       0x9c ./Drivers/STM32L4xx_HAL_Driver/Src/stm32l4xx_hal_tim.o
 .text.TIM_TI4_SetConfig
                0x08008054       0x7a ./Drivers/STM32L4xx_HAL_Driver/Src/stm32l4xx_hal_tim.o
 .text.TIM_ETR_SetConfig
                0x080080ce       0x40 ./Drivers/STM32L4xx_HAL_Driver/Src/stm32l4xx_hal_tim.o
                0x080080ce                TIM_ETR_SetConfig
 .text.TIM_CCxChannelCmd
                0x0800810e       0x4a ./Drivers/STM32L4xx_HAL_Driver/Src/stm32l4xx_hal_tim.o
                0x0800810e                TIM_CCxChannelCmd
 .text.HAL_TIMEx_MasterConfigSynchronization
                0x08008158      0x110 ./Drivers/STM32L4xx_HAL_Driver/Src/stm32l4xx_hal_tim_ex.o
                0x08008158                HAL_TIMEx_MasterConfigSynchronization
 .text.HAL_UART_Init
                0x08008268       0x9c ./Drivers/STM32L4xx_HAL_Driver/Src/stm32l4xx_hal_uart.o
                0x08008268                HAL_UART_Init
 .text.HAL_UART_Transmit
                0x08008304      0x126 ./Drivers/STM32L4xx_HAL_Driver/Src/stm32l4xx_hal_uart.o
                0x08008304                HAL_UART_Transmit
 *fill*         0x0800842a        0x2 
 .text.UART_SetConfig
                0x0800842c      0x570 ./Drivers/STM32L4xx_HAL_Driver/Src/stm32l4xx_hal_uart.o
                0x0800842c                UART_SetConfig
 .text.UART_AdvFeatureConfig
                0x0800899c      0x144 ./Drivers/STM32L4xx_HAL_Driver/Src/stm32l4xx_hal_uart.o
                0x0800899c                UART_AdvFeatureConfig
 .text.UART_CheckIdleState
                0x08008ae0      0x150 ./Drivers/STM32L4xx_HAL_Driver/Src/stm32l4xx_hal_uart.o
                0x08008ae0                UART_CheckIdleState
 .text.UART_WaitOnFlagUntilTimeout
                0x08008c30       0xda ./Drivers/STM32L4xx_HAL_Driver/Src/stm32l4xx_hal_uart.o
                0x08008c30                UART_WaitOnFlagUntilTimeout
 .text.UART_EndRxTransfer
                0x08008d0a       0xc8 ./Drivers/STM32L4xx_HAL_Driver/Src/stm32l4xx_hal_uart.o
 .text.aci_gap_init_IDB05A1
                0x08008dd2       0xa0 ./Middlewares/ST/BlueNRG-MS/hci/controller/bluenrg_gap_aci.o
                0x08008dd2                aci_gap_init_IDB05A1
 .text.aci_gap_init_IDB04A1
                0x08008e72       0x94 ./Middlewares/ST/BlueNRG-MS/hci/controller/bluenrg_gap_aci.o
                0x08008e72                aci_gap_init_IDB04A1
 .text.aci_gap_set_discoverable
                0x08008f06      0x1d4 ./Middlewares/ST/BlueNRG-MS/hci/controller/bluenrg_gap_aci.o
                0x08008f06                aci_gap_set_discoverable
 .text.aci_gap_set_auth_requirement
                0x080090da       0xae ./Middlewares/ST/BlueNRG-MS/hci/controller/bluenrg_gap_aci.o
                0x080090da                aci_gap_set_auth_requirement
 .text.aci_gap_create_connection
                0x08009188       0xa8 ./Middlewares/ST/BlueNRG-MS/hci/controller/bluenrg_gap_aci.o
                0x08009188                aci_gap_create_connection
 .text.aci_gatt_init
                0x08009230       0x46 ./Middlewares/ST/BlueNRG-MS/hci/controller/bluenrg_gatt_aci.o
                0x08009230                aci_gatt_init
 .text.aci_gatt_add_serv
                0x08009276      0x112 ./Middlewares/ST/BlueNRG-MS/hci/controller/bluenrg_gatt_aci.o
                0x08009276                aci_gatt_add_serv
 .text.aci_gatt_add_char
                0x08009388      0x196 ./Middlewares/ST/BlueNRG-MS/hci/controller/bluenrg_gatt_aci.o
                0x08009388                aci_gatt_add_char
 .text.aci_gatt_update_char_value
                0x0800951e      0x120 ./Middlewares/ST/BlueNRG-MS/hci/controller/bluenrg_gatt_aci.o
                0x0800951e                aci_gatt_update_char_value
 .text.aci_gatt_disc_charac_by_uuid
                0x0800963e      0x11c ./Middlewares/ST/BlueNRG-MS/hci/controller/bluenrg_gatt_aci.o
                0x0800963e                aci_gatt_disc_charac_by_uuid
 .text.aci_gatt_write_charac_descriptor
                0x0800975a       0xf6 ./Middlewares/ST/BlueNRG-MS/hci/controller/bluenrg_gatt_aci.o
                0x0800975a                aci_gatt_write_charac_descriptor
 .text.aci_gatt_write_without_response
                0x08009850       0x8a ./Middlewares/ST/BlueNRG-MS/hci/controller/bluenrg_gatt_aci.o
                0x08009850                aci_gatt_write_without_response
 .text.aci_hal_write_config_data
                0x080098da       0xca ./Middlewares/ST/BlueNRG-MS/hci/controller/bluenrg_hal_aci.o
                0x080098da                aci_hal_write_config_data
 .text.aci_hal_set_tx_power_level
                0x080099a4       0x62 ./Middlewares/ST/BlueNRG-MS/hci/controller/bluenrg_hal_aci.o
                0x080099a4                aci_hal_set_tx_power_level
 .text.getBlueNRGVersion
                0x08009a06       0x84 ./Middlewares/ST/BlueNRG-MS/hci/controller/bluenrg_utils_small.o
                0x08009a06                getBlueNRGVersion
 .text.hci_reset
                0x08009a8a       0x44 ./Middlewares/ST/BlueNRG-MS/hci/hci_le.o
                0x08009a8a                hci_reset
 .text.hci_le_read_local_version
                0x08009ace       0x94 ./Middlewares/ST/BlueNRG-MS/hci/hci_le.o
                0x08009ace                hci_le_read_local_version
 .text.hci_le_set_scan_resp_data
                0x08009b62       0x82 ./Middlewares/ST/BlueNRG-MS/hci/hci_le.o
                0x08009b62                hci_le_set_scan_resp_data
 .text.verify_packet
                0x08009be4       0x40 ./Middlewares/ST/BlueNRG-MS/hci/hci_tl_patterns/Basic/hci_tl.o
 .text.send_cmd
                0x08009c24       0x84 ./Middlewares/ST/BlueNRG-MS/hci/hci_tl_patterns/Basic/hci_tl.o
 .text.move_list
                0x08009ca8       0x38 ./Middlewares/ST/BlueNRG-MS/hci/hci_tl_patterns/Basic/hci_tl.o
 .text.free_event_list
                0x08009ce0       0x3c ./Middlewares/ST/BlueNRG-MS/hci/hci_tl_patterns/Basic/hci_tl.o
 .text.hci_init
                0x08009d1c       0x84 ./Middlewares/ST/BlueNRG-MS/hci/hci_tl_patterns/Basic/hci_tl.o
                0x08009d1c                hci_init
 .text.hci_register_io_bus
                0x08009da0       0x40 ./Middlewares/ST/BlueNRG-MS/hci/hci_tl_patterns/Basic/hci_tl.o
                0x08009da0                hci_register_io_bus
 .text.hci_send_req
                0x08009de0      0x230 ./Middlewares/ST/BlueNRG-MS/hci/hci_tl_patterns/Basic/hci_tl.o
                0x08009de0                hci_send_req
 .text.hci_user_evt_proc
                0x0800a010       0x58 ./Middlewares/ST/BlueNRG-MS/hci/hci_tl_patterns/Basic/hci_tl.o
                0x0800a010                hci_user_evt_proc
 .text.hci_notify_asynch_evt
                0x0800a068       0x9c ./Middlewares/ST/BlueNRG-MS/hci/hci_tl_patterns/Basic/hci_tl.o
                0x0800a068                hci_notify_asynch_evt
 .text.list_init_head
                0x0800a104       0x20 ./Middlewares/ST/BlueNRG-MS/utils/ble_list.o
                0x0800a104                list_init_head
 .text.list_is_empty
                0x0800a124       0x44 ./Middlewares/ST/BlueNRG-MS/utils/ble_list.o
                0x0800a124                list_is_empty
 .text.list_insert_head
                0x0800a168       0x4c ./Middlewares/ST/BlueNRG-MS/utils/ble_list.o
                0x0800a168                list_insert_head
 .text.list_insert_tail
                0x0800a1b4       0x4c ./Middlewares/ST/BlueNRG-MS/utils/ble_list.o
                0x0800a1b4                list_insert_tail
 .text.list_remove_node
                0x0800a200       0x42 ./Middlewares/ST/BlueNRG-MS/utils/ble_list.o
                0x0800a200                list_remove_node
 .text.list_remove_head
                0x0800a242       0x4e ./Middlewares/ST/BlueNRG-MS/utils/ble_list.o
                0x0800a242                list_remove_head
 .text.list_remove_tail
                0x0800a290       0x4e ./Middlewares/ST/BlueNRG-MS/utils/ble_list.o
                0x0800a290                list_remove_tail
 .text.list_get_size
                0x0800a2de       0x50 ./Middlewares/ST/BlueNRG-MS/utils/ble_list.o
                0x0800a2de                list_get_size
 *fill*         0x0800a32e        0x2 
 .text.__sflush_r
                0x0800a330      0x108 /Applications/STM32CubeIDE.app/Contents/Eclipse/plugins/com.st.stm32cube.ide.mcu.externaltools.gnu-tools-for-stm32.13.3.rel1.macos64_1.0.0.202411102158/tools/bin/../lib/gcc/arm-none-eabi/13.3.1/../../../../arm-none-eabi/lib/thumb/v7e-m+fp/hard/libc_nano.a(libc_a-fflush.o)
                0x0800a330                __sflush_r
 .text._fflush_r
                0x0800a438       0x50 /Applications/STM32CubeIDE.app/Contents/Eclipse/plugins/com.st.stm32cube.ide.mcu.externaltools.gnu-tools-for-stm32.13.3.rel1.macos64_1.0.0.202411102158/tools/bin/../lib/gcc/arm-none-eabi/13.3.1/../../../../arm-none-eabi/lib/thumb/v7e-m+fp/hard/libc_nano.a(libc_a-fflush.o)
                0x0800a438                _fflush_r
 .text.sprintf  0x0800a488       0x44 /Applications/STM32CubeIDE.app/Contents/Eclipse/plugins/com.st.stm32cube.ide.mcu.externaltools.gnu-tools-for-stm32.13.3.rel1.macos64_1.0.0.202411102158/tools/bin/../lib/gcc/arm-none-eabi/13.3.1/../../../../arm-none-eabi/lib/thumb/v7e-m+fp/hard/libc_nano.a(libc_a-sprintf.o)
                0x0800a488                sprintf
                0x0800a488                siprintf
 .text.srand    0x0800a4cc       0x5c /Applications/STM32CubeIDE.app/Contents/Eclipse/plugins/com.st.stm32cube.ide.mcu.externaltools.gnu-tools-for-stm32.13.3.rel1.macos64_1.0.0.202411102158/tools/bin/../lib/gcc/arm-none-eabi/13.3.1/../../../../arm-none-eabi/lib/thumb/v7e-m+fp/hard/libc_nano.a(libc_a-rand.o)
                0x0800a4cc                srand
 .text.rand     0x0800a528       0x7c /Applications/STM32CubeIDE.app/Contents/Eclipse/plugins/com.st.stm32cube.ide.mcu.externaltools.gnu-tools-for-stm32.13.3.rel1.macos64_1.0.0.202411102158/tools/bin/../lib/gcc/arm-none-eabi/13.3.1/../../../../arm-none-eabi/lib/thumb/v7e-m+fp/hard/libc_nano.a(libc_a-rand.o)
                0x0800a528                rand
 .text.std      0x0800a5a4       0x6c /Applications/STM32CubeIDE.app/Contents/Eclipse/plugins/com.st.stm32cube.ide.mcu.externaltools.gnu-tools-for-stm32.13.3.rel1.macos64_1.0.0.202411102158/tools/bin/../lib/gcc/arm-none-eabi/13.3.1/../../../../arm-none-eabi/lib/thumb/v7e-m+fp/hard/libc_nano.a(libc_a-findfp.o)
 .text.stdio_exit_handler
                0x0800a610       0x18 /Applications/STM32CubeIDE.app/Contents/Eclipse/plugins/com.st.stm32cube.ide.mcu.externaltools.gnu-tools-for-stm32.13.3.rel1.macos64_1.0.0.202411102158/tools/bin/../lib/gcc/arm-none-eabi/13.3.1/../../../../arm-none-eabi/lib/thumb/v7e-m+fp/hard/libc_nano.a(libc_a-findfp.o)
 .text.cleanup_stdio
                0x0800a628       0x40 /Applications/STM32CubeIDE.app/Contents/Eclipse/plugins/com.st.stm32cube.ide.mcu.externaltools.gnu-tools-for-stm32.13.3.rel1.macos64_1.0.0.202411102158/tools/bin/../lib/gcc/arm-none-eabi/13.3.1/../../../../arm-none-eabi/lib/thumb/v7e-m+fp/hard/libc_nano.a(libc_a-findfp.o)
 .text.global_stdio_init.part.0
                0x0800a668       0x3c /Applications/STM32CubeIDE.app/Contents/Eclipse/plugins/com.st.stm32cube.ide.mcu.externaltools.gnu-tools-for-stm32.13.3.rel1.macos64_1.0.0.202411102158/tools/bin/../lib/gcc/arm-none-eabi/13.3.1/../../../../arm-none-eabi/lib/thumb/v7e-m+fp/hard/libc_nano.a(libc_a-findfp.o)
 .text.__sfp_lock_acquire
                0x0800a6a4        0xc /Applications/STM32CubeIDE.app/Contents/Eclipse/plugins/com.st.stm32cube.ide.mcu.externaltools.gnu-tools-for-stm32.13.3.rel1.macos64_1.0.0.202411102158/tools/bin/../lib/gcc/arm-none-eabi/13.3.1/../../../../arm-none-eabi/lib/thumb/v7e-m+fp/hard/libc_nano.a(libc_a-findfp.o)
                0x0800a6a4                __sfp_lock_acquire
 .text.__sfp_lock_release
                0x0800a6b0        0xc /Applications/STM32CubeIDE.app/Contents/Eclipse/plugins/com.st.stm32cube.ide.mcu.externaltools.gnu-tools-for-stm32.13.3.rel1.macos64_1.0.0.202411102158/tools/bin/../lib/gcc/arm-none-eabi/13.3.1/../../../../arm-none-eabi/lib/thumb/v7e-m+fp/hard/libc_nano.a(libc_a-findfp.o)
                0x0800a6b0                __sfp_lock_release
 .text.__sinit  0x0800a6bc       0x30 /Applications/STM32CubeIDE.app/Contents/Eclipse/plugins/com.st.stm32cube.ide.mcu.externaltools.gnu-tools-for-stm32.13.3.rel1.macos64_1.0.0.202411102158/tools/bin/../lib/gcc/arm-none-eabi/13.3.1/../../../../arm-none-eabi/lib/thumb/v7e-m+fp/hard/libc_nano.a(libc_a-findfp.o)
                0x0800a6bc                __sinit
 .text._fwalk_sglue
                0x0800a6ec       0x3c /Applications/STM32CubeIDE.app/Contents/Eclipse/plugins/com.st.stm32cube.ide.mcu.externaltools.gnu-tools-for-stm32.13.3.rel1.macos64_1.0.0.202411102158/tools/bin/../lib/gcc/arm-none-eabi/13.3.1/../../../../arm-none-eabi/lib/thumb/v7e-m+fp/hard/libc_nano.a(libc_a-fwalk.o)
                0x0800a6ec                _fwalk_sglue
 .text.printf   0x0800a728       0x24 /Applications/STM32CubeIDE.app/Contents/Eclipse/plugins/com.st.stm32cube.ide.mcu.externaltools.gnu-tools-for-stm32.13.3.rel1.macos64_1.0.0.202411102158/tools/bin/../lib/gcc/arm-none-eabi/13.3.1/../../../../arm-none-eabi/lib/thumb/v7e-m+fp/hard/libc_nano.a(libc_a-printf.o)
                0x0800a728                printf
                0x0800a728                iprintf
 .text._puts_r  0x0800a74c       0xaa /Applications/STM32CubeIDE.app/Contents/Eclipse/plugins/com.st.stm32cube.ide.mcu.externaltools.gnu-tools-for-stm32.13.3.rel1.macos64_1.0.0.202411102158/tools/bin/../lib/gcc/arm-none-eabi/13.3.1/../../../../arm-none-eabi/lib/thumb/v7e-m+fp/hard/libc_nano.a(libc_a-puts.o)
                0x0800a74c                _puts_r
 *fill*         0x0800a7f6        0x2 
 .text.puts     0x0800a7f8       0x10 /Applications/STM32CubeIDE.app/Contents/Eclipse/plugins/com.st.stm32cube.ide.mcu.externaltools.gnu-tools-for-stm32.13.3.rel1.macos64_1.0.0.202411102158/tools/bin/../lib/gcc/arm-none-eabi/13.3.1/../../../../arm-none-eabi/lib/thumb/v7e-m+fp/hard/libc_nano.a(libc_a-puts.o)
                0x0800a7f8                puts
 .text.memset   0x0800a808       0x10 /Applications/STM32CubeIDE.app/Contents/Eclipse/plugins/com.st.stm32cube.ide.mcu.externaltools.gnu-tools-for-stm32.13.3.rel1.macos64_1.0.0.202411102158/tools/bin/../lib/gcc/arm-none-eabi/13.3.1/../../../../arm-none-eabi/lib/thumb/v7e-m+fp/hard/libc_nano.a(libc_a-memset.o)
                0x0800a808                memset
 .text.__errno  0x0800a818        0xc /Applications/STM32CubeIDE.app/Contents/Eclipse/plugins/com.st.stm32cube.ide.mcu.externaltools.gnu-tools-for-stm32.13.3.rel1.macos64_1.0.0.202411102158/tools/bin/../lib/gcc/arm-none-eabi/13.3.1/../../../../arm-none-eabi/lib/thumb/v7e-m+fp/hard/libc_nano.a(libc_a-errno.o)
                0x0800a818                __errno
 .text.__libc_init_array
                0x0800a824       0x48 /Applications/STM32CubeIDE.app/Contents/Eclipse/plugins/com.st.stm32cube.ide.mcu.externaltools.gnu-tools-for-stm32.13.3.rel1.macos64_1.0.0.202411102158/tools/bin/../lib/gcc/arm-none-eabi/13.3.1/../../../../arm-none-eabi/lib/thumb/v7e-m+fp/hard/libc_nano.a(libc_a-init.o)
                0x0800a824                __libc_init_array
 .text.__retarget_lock_init_recursive
                0x0800a86c        0x2 /Applications/STM32CubeIDE.app/Contents/Eclipse/plugins/com.st.stm32cube.ide.mcu.externaltools.gnu-tools-for-stm32.13.3.rel1.macos64_1.0.0.202411102158/tools/bin/../lib/gcc/arm-none-eabi/13.3.1/../../../../arm-none-eabi/lib/thumb/v7e-m+fp/hard/libc_nano.a(libc_a-lock.o)
                0x0800a86c                __retarget_lock_init_recursive
 .text.__retarget_lock_acquire_recursive
                0x0800a86e        0x2 /Applications/STM32CubeIDE.app/Contents/Eclipse/plugins/com.st.stm32cube.ide.mcu.externaltools.gnu-tools-for-stm32.13.3.rel1.macos64_1.0.0.202411102158/tools/bin/../lib/gcc/arm-none-eabi/13.3.1/../../../../arm-none-eabi/lib/thumb/v7e-m+fp/hard/libc_nano.a(libc_a-lock.o)
                0x0800a86e                __retarget_lock_acquire_recursive
 .text.__retarget_lock_release_recursive
                0x0800a870        0x2 /Applications/STM32CubeIDE.app/Contents/Eclipse/plugins/com.st.stm32cube.ide.mcu.externaltools.gnu-tools-for-stm32.13.3.rel1.macos64_1.0.0.202411102158/tools/bin/../lib/gcc/arm-none-eabi/13.3.1/../../../../arm-none-eabi/lib/thumb/v7e-m+fp/hard/libc_nano.a(libc_a-lock.o)
                0x0800a870                __retarget_lock_release_recursive
 .text.memcpy   0x0800a872       0x1c /Applications/STM32CubeIDE.app/Contents/Eclipse/plugins/com.st.stm32cube.ide.mcu.externaltools.gnu-tools-for-stm32.13.3.rel1.macos64_1.0.0.202411102158/tools/bin/../lib/gcc/arm-none-eabi/13.3.1/../../../../arm-none-eabi/lib/thumb/v7e-m+fp/hard/libc_nano.a(libc_a-memcpy-stub.o)
                0x0800a872                memcpy
 *fill*         0x0800a88e        0x2 
 .text.__assert_func
                0x0800a890       0x3c /Applications/STM32CubeIDE.app/Contents/Eclipse/plugins/com.st.stm32cube.ide.mcu.externaltools.gnu-tools-for-stm32.13.3.rel1.macos64_1.0.0.202411102158/tools/bin/../lib/gcc/arm-none-eabi/13.3.1/../../../../arm-none-eabi/lib/thumb/v7e-m+fp/hard/libc_nano.a(libc_a-assert.o)
                0x0800a890                __assert_func
 .text._free_r  0x0800a8cc       0x94 /Applications/STM32CubeIDE.app/Contents/Eclipse/plugins/com.st.stm32cube.ide.mcu.externaltools.gnu-tools-for-stm32.13.3.rel1.macos64_1.0.0.202411102158/tools/bin/../lib/gcc/arm-none-eabi/13.3.1/../../../../arm-none-eabi/lib/thumb/v7e-m+fp/hard/libc_nano.a(libc_a-freer.o)
                0x0800a8cc                _free_r
 .text.__ssputs_r
                0x0800a960       0xb6 /Applications/STM32CubeIDE.app/Contents/Eclipse/plugins/com.st.stm32cube.ide.mcu.externaltools.gnu-tools-for-stm32.13.3.rel1.macos64_1.0.0.202411102158/tools/bin/../lib/gcc/arm-none-eabi/13.3.1/../../../../arm-none-eabi/lib/thumb/v7e-m+fp/hard/libc_nano.a(libc_a-nano-svfprintf.o)
                0x0800a960                __ssputs_r
 *fill*         0x0800aa16        0x2 
 .text._svfprintf_r
                0x0800aa18      0x1f8 /Applications/STM32CubeIDE.app/Contents/Eclipse/plugins/com.st.stm32cube.ide.mcu.externaltools.gnu-tools-for-stm32.13.3.rel1.macos64_1.0.0.202411102158/tools/bin/../lib/gcc/arm-none-eabi/13.3.1/../../../../arm-none-eabi/lib/thumb/v7e-m+fp/hard/libc_nano.a(libc_a-nano-svfprintf.o)
                0x0800aa18                _svfprintf_r
                0x0800aa18                _svfiprintf_r
 .text.__sfputc_r
                0x0800ac10       0x2e /Applications/STM32CubeIDE.app/Contents/Eclipse/plugins/com.st.stm32cube.ide.mcu.externaltools.gnu-tools-for-stm32.13.3.rel1.macos64_1.0.0.202411102158/tools/bin/../lib/gcc/arm-none-eabi/13.3.1/../../../../arm-none-eabi/lib/thumb/v7e-m+fp/hard/libc_nano.a(libc_a-nano-vfprintf.o)
 .text.__sfputs_r
                0x0800ac3e       0x24 /Applications/STM32CubeIDE.app/Contents/Eclipse/plugins/com.st.stm32cube.ide.mcu.externaltools.gnu-tools-for-stm32.13.3.rel1.macos64_1.0.0.202411102158/tools/bin/../lib/gcc/arm-none-eabi/13.3.1/../../../../arm-none-eabi/lib/thumb/v7e-m+fp/hard/libc_nano.a(libc_a-nano-vfprintf.o)
                0x0800ac3e                __sfputs_r
 *fill*         0x0800ac62        0x2 
 .text._vfprintf_r
                0x0800ac64      0x230 /Applications/STM32CubeIDE.app/Contents/Eclipse/plugins/com.st.stm32cube.ide.mcu.externaltools.gnu-tools-for-stm32.13.3.rel1.macos64_1.0.0.202411102158/tools/bin/../lib/gcc/arm-none-eabi/13.3.1/../../../../arm-none-eabi/lib/thumb/v7e-m+fp/hard/libc_nano.a(libc_a-nano-vfprintf.o)
                0x0800ac64                _vfiprintf_r
                0x0800ac64                _vfprintf_r
 .text.malloc   0x0800ae94       0x10 /Applications/STM32CubeIDE.app/Contents/Eclipse/plugins/com.st.stm32cube.ide.mcu.externaltools.gnu-tools-for-stm32.13.3.rel1.macos64_1.0.0.202411102158/tools/bin/../lib/gcc/arm-none-eabi/13.3.1/../../../../arm-none-eabi/lib/thumb/v7e-m+fp/hard/libc_nano.a(libc_a-malloc.o)
                0x0800ae94                malloc
 .text.sbrk_aligned
                0x0800aea4       0x44 /Applications/STM32CubeIDE.app/Contents/Eclipse/plugins/com.st.stm32cube.ide.mcu.externaltools.gnu-tools-for-stm32.13.3.rel1.macos64_1.0.0.202411102158/tools/bin/../lib/gcc/arm-none-eabi/13.3.1/../../../../arm-none-eabi/lib/thumb/v7e-m+fp/hard/libc_nano.a(libc_a-mallocr.o)
 .text._malloc_r
                0x0800aee8      0x100 /Applications/STM32CubeIDE.app/Contents/Eclipse/plugins/com.st.stm32cube.ide.mcu.externaltools.gnu-tools-for-stm32.13.3.rel1.macos64_1.0.0.202411102158/tools/bin/../lib/gcc/arm-none-eabi/13.3.1/../../../../arm-none-eabi/lib/thumb/v7e-m+fp/hard/libc_nano.a(libc_a-mallocr.o)
                0x0800aee8                _malloc_r
 .text._printf_common
                0x0800afe8       0xda /Applications/STM32CubeIDE.app/Contents/Eclipse/plugins/com.st.stm32cube.ide.mcu.externaltools.gnu-tools-for-stm32.13.3.rel1.macos64_1.0.0.202411102158/tools/bin/../lib/gcc/arm-none-eabi/13.3.1/../../../../arm-none-eabi/lib/thumb/v7e-m+fp/hard/libc_nano.a(libc_a-nano-vfprintf_i.o)
                0x0800afe8                _printf_common
 *fill*         0x0800b0c2        0x2 
 .text._printf_i
                0x0800b0c4      0x23c /Applications/STM32CubeIDE.app/Contents/Eclipse/plugins/com.st.stm32cube.ide.mcu.externaltools.gnu-tools-for-stm32.13.3.rel1.macos64_1.0.0.202411102158/tools/bin/../lib/gcc/arm-none-eabi/13.3.1/../../../../arm-none-eabi/lib/thumb/v7e-m+fp/hard/libc_nano.a(libc_a-nano-vfprintf_i.o)
                0x0800b0c4                _printf_i
 .text.__malloc_lock
                0x0800b300        0xc /Applications/STM32CubeIDE.app/Contents/Eclipse/plugins/com.st.stm32cube.ide.mcu.externaltools.gnu-tools-for-stm32.13.3.rel1.macos64_1.0.0.202411102158/tools/bin/../lib/gcc/arm-none-eabi/13.3.1/../../../../arm-none-eabi/lib/thumb/v7e-m+fp/hard/libc_nano.a(libc_a-mlock.o)
                0x0800b300                __malloc_lock
 .text.__malloc_unlock
                0x0800b30c        0xc /Applications/STM32CubeIDE.app/Contents/Eclipse/plugins/com.st.stm32cube.ide.mcu.externaltools.gnu-tools-for-stm32.13.3.rel1.macos64_1.0.0.202411102158/tools/bin/../lib/gcc/arm-none-eabi/13.3.1/../../../../arm-none-eabi/lib/thumb/v7e-m+fp/hard/libc_nano.a(libc_a-mlock.o)
                0x0800b30c                __malloc_unlock
 .text.__sread  0x0800b318       0x22 /Applications/STM32CubeIDE.app/Contents/Eclipse/plugins/com.st.stm32cube.ide.mcu.externaltools.gnu-tools-for-stm32.13.3.rel1.macos64_1.0.0.202411102158/tools/bin/../lib/gcc/arm-none-eabi/13.3.1/../../../../arm-none-eabi/lib/thumb/v7e-m+fp/hard/libc_nano.a(libc_a-stdio.o)
                0x0800b318                __sread
 .text.__swrite
                0x0800b33a       0x38 /Applications/STM32CubeIDE.app/Contents/Eclipse/plugins/com.st.stm32cube.ide.mcu.externaltools.gnu-tools-for-stm32.13.3.rel1.macos64_1.0.0.202411102158/tools/bin/../lib/gcc/arm-none-eabi/13.3.1/../../../../arm-none-eabi/lib/thumb/v7e-m+fp/hard/libc_nano.a(libc_a-stdio.o)
                0x0800b33a                __swrite
 .text.__sseek  0x0800b372       0x24 /Applications/STM32CubeIDE.app/Contents/Eclipse/plugins/com.st.stm32cube.ide.mcu.externaltools.gnu-tools-for-stm32.13.3.rel1.macos64_1.0.0.202411102158/tools/bin/../lib/gcc/arm-none-eabi/13.3.1/../../../../arm-none-eabi/lib/thumb/v7e-m+fp/hard/libc_nano.a(libc_a-stdio.o)
                0x0800b372                __sseek
 .text.__sclose
                0x0800b396        0x8 /Applications/STM32CubeIDE.app/Contents/Eclipse/plugins/com.st.stm32cube.ide.mcu.externaltools.gnu-tools-for-stm32.13.3.rel1.macos64_1.0.0.202411102158/tools/bin/../lib/gcc/arm-none-eabi/13.3.1/../../../../arm-none-eabi/lib/thumb/v7e-m+fp/hard/libc_nano.a(libc_a-stdio.o)
                0x0800b396                __sclose
 *fill*         0x0800b39e        0x2 
 .text.fprintf  0x0800b3a0       0x24 /Applications/STM32CubeIDE.app/Contents/Eclipse/plugins/com.st.stm32cube.ide.mcu.externaltools.gnu-tools-for-stm32.13.3.rel1.macos64_1.0.0.202411102158/tools/bin/../lib/gcc/arm-none-eabi/13.3.1/../../../../arm-none-eabi/lib/thumb/v7e-m+fp/hard/libc_nano.a(libc_a-fprintf.o)
                0x0800b3a0                fprintf
                0x0800b3a0                fiprintf
 .text._realloc_r
                0x0800b3c4       0x5c /Applications/STM32CubeIDE.app/Contents/Eclipse/plugins/com.st.stm32cube.ide.mcu.externaltools.gnu-tools-for-stm32.13.3.rel1.macos64_1.0.0.202411102158/tools/bin/../lib/gcc/arm-none-eabi/13.3.1/../../../../arm-none-eabi/lib/thumb/v7e-m+fp/hard/libc_nano.a(libc_a-reallocr.o)
                0x0800b3c4                _realloc_r
 .text.__swbuf_r
                0x0800b420       0x7c /Applications/STM32CubeIDE.app/Contents/Eclipse/plugins/com.st.stm32cube.ide.mcu.externaltools.gnu-tools-for-stm32.13.3.rel1.macos64_1.0.0.202411102158/tools/bin/../lib/gcc/arm-none-eabi/13.3.1/../../../../arm-none-eabi/lib/thumb/v7e-m+fp/hard/libc_nano.a(libc_a-wbuf.o)
                0x0800b420                __swbuf_r
 .text.__swsetup_r
                0x0800b49c       0xac /Applications/STM32CubeIDE.app/Contents/Eclipse/plugins/com.st.stm32cube.ide.mcu.externaltools.gnu-tools-for-stm32.13.3.rel1.macos64_1.0.0.202411102158/tools/bin/../lib/gcc/arm-none-eabi/13.3.1/../../../../arm-none-eabi/lib/thumb/v7e-m+fp/hard/libc_nano.a(libc_a-wsetup.o)
                0x0800b49c                __swsetup_r
 .text.__swhatbuf_r
                0x0800b548       0x4c /Applications/STM32CubeIDE.app/Contents/Eclipse/plugins/com.st.stm32cube.ide.mcu.externaltools.gnu-tools-for-stm32.13.3.rel1.macos64_1.0.0.202411102158/tools/bin/../lib/gcc/arm-none-eabi/13.3.1/../../../../arm-none-eabi/lib/thumb/v7e-m+fp/hard/libc_nano.a(libc_a-makebuf.o)
                0x0800b548                __swhatbuf_r
 .text.__smakebuf_r
                0x0800b594       0x78 /Applications/STM32CubeIDE.app/Contents/Eclipse/plugins/com.st.stm32cube.ide.mcu.externaltools.gnu-tools-for-stm32.13.3.rel1.macos64_1.0.0.202411102158/tools/bin/../lib/gcc/arm-none-eabi/13.3.1/../../../../arm-none-eabi/lib/thumb/v7e-m+fp/hard/libc_nano.a(libc_a-makebuf.o)
                0x0800b594                __smakebuf_r
 .text.memmove  0x0800b60c       0x34 /Applications/STM32CubeIDE.app/Contents/Eclipse/plugins/com.st.stm32cube.ide.mcu.externaltools.gnu-tools-for-stm32.13.3.rel1.macos64_1.0.0.202411102158/tools/bin/../lib/gcc/arm-none-eabi/13.3.1/../../../../arm-none-eabi/lib/thumb/v7e-m+fp/hard/libc_nano.a(libc_a-memmove.o)
                0x0800b60c                memmove
 .text._isatty_r
                0x0800b640       0x20 /Applications/STM32CubeIDE.app/Contents/Eclipse/plugins/com.st.stm32cube.ide.mcu.externaltools.gnu-tools-for-stm32.13.3.rel1.macos64_1.0.0.202411102158/tools/bin/../lib/gcc/arm-none-eabi/13.3.1/../../../../arm-none-eabi/lib/thumb/v7e-m+fp/hard/libc_nano.a(libc_a-isattyr.o)
                0x0800b640                _isatty_r
 .text._lseek_r
                0x0800b660       0x24 /Applications/STM32CubeIDE.app/Contents/Eclipse/plugins/com.st.stm32cube.ide.mcu.externaltools.gnu-tools-for-stm32.13.3.rel1.macos64_1.0.0.202411102158/tools/bin/../lib/gcc/arm-none-eabi/13.3.1/../../../../arm-none-eabi/lib/thumb/v7e-m+fp/hard/libc_nano.a(libc_a-lseekr.o)
                0x0800b660                _lseek_r
 .text._read_r  0x0800b684       0x24 /Applications/STM32CubeIDE.app/Contents/Eclipse/plugins/com.st.stm32cube.ide.mcu.externaltools.gnu-tools-for-stm32.13.3.rel1.macos64_1.0.0.202411102158/tools/bin/../lib/gcc/arm-none-eabi/13.3.1/../../../../arm-none-eabi/lib/thumb/v7e-m+fp/hard/libc_nano.a(libc_a-readr.o)
                0x0800b684                _read_r
 .text._sbrk_r  0x0800b6a8       0x20 /Applications/STM32CubeIDE.app/Contents/Eclipse/plugins/com.st.stm32cube.ide.mcu.externaltools.gnu-tools-for-stm32.13.3.rel1.macos64_1.0.0.202411102158/tools/bin/../lib/gcc/arm-none-eabi/13.3.1/../../../../arm-none-eabi/lib/thumb/v7e-m+fp/hard/libc_nano.a(libc_a-sbrkr.o)
                0x0800b6a8                _sbrk_r
 .text._write_r
                0x0800b6c8       0x24 /Applications/STM32CubeIDE.app/Contents/Eclipse/plugins/com.st.stm32cube.ide.mcu.externaltools.gnu-tools-for-stm32.13.3.rel1.macos64_1.0.0.202411102158/tools/bin/../lib/gcc/arm-none-eabi/13.3.1/../../../../arm-none-eabi/lib/thumb/v7e-m+fp/hard/libc_nano.a(libc_a-writer.o)
                0x0800b6c8                _write_r
 .text._close_r
                0x0800b6ec       0x20 /Applications/STM32CubeIDE.app/Contents/Eclipse/plugins/com.st.stm32cube.ide.mcu.externaltools.gnu-tools-for-stm32.13.3.rel1.macos64_1.0.0.202411102158/tools/bin/../lib/gcc/arm-none-eabi/13.3.1/../../../../arm-none-eabi/lib/thumb/v7e-m+fp/hard/libc_nano.a(libc_a-closer.o)
                0x0800b6ec                _close_r
 .text._fstat_r
                0x0800b70c       0x24 /Applications/STM32CubeIDE.app/Contents/Eclipse/plugins/com.st.stm32cube.ide.mcu.externaltools.gnu-tools-for-stm32.13.3.rel1.macos64_1.0.0.202411102158/tools/bin/../lib/gcc/arm-none-eabi/13.3.1/../../../../arm-none-eabi/lib/thumb/v7e-m+fp/hard/libc_nano.a(libc_a-fstatr.o)
                0x0800b70c                _fstat_r
 .text.abort    0x0800b730        0xe /Applications/STM32CubeIDE.app/Contents/Eclipse/plugins/com.st.stm32cube.ide.mcu.externaltools.gnu-tools-for-stm32.13.3.rel1.macos64_1.0.0.202411102158/tools/bin/../lib/gcc/arm-none-eabi/13.3.1/../../../../arm-none-eabi/lib/thumb/v7e-m+fp/hard/libc_nano.a(libc_a-abort.o)
                0x0800b730                abort
 .text._malloc_usable_size_r
                0x0800b73e       0x10 /Applications/STM32CubeIDE.app/Contents/Eclipse/plugins/com.st.stm32cube.ide.mcu.externaltools.gnu-tools-for-stm32.13.3.rel1.macos64_1.0.0.202411102158/tools/bin/../lib/gcc/arm-none-eabi/13.3.1/../../../../arm-none-eabi/lib/thumb/v7e-m+fp/hard/libc_nano.a(libc_a-msizer.o)
                0x0800b73e                _malloc_usable_size_r
 .text._raise_r
                0x0800b74e       0x50 /Applications/STM32CubeIDE.app/Contents/Eclipse/plugins/com.st.stm32cube.ide.mcu.externaltools.gnu-tools-for-stm32.13.3.rel1.macos64_1.0.0.202411102158/tools/bin/../lib/gcc/arm-none-eabi/13.3.1/../../../../arm-none-eabi/lib/thumb/v7e-m+fp/hard/libc_nano.a(libc_a-signal.o)
                0x0800b74e                _raise_r
 *fill*         0x0800b79e        0x2 
 .text.raise    0x0800b7a0       0x10 /Applications/STM32CubeIDE.app/Contents/Eclipse/plugins/com.st.stm32cube.ide.mcu.externaltools.gnu-tools-for-stm32.13.3.rel1.macos64_1.0.0.202411102158/tools/bin/../lib/gcc/arm-none-eabi/13.3.1/../../../../arm-none-eabi/lib/thumb/v7e-m+fp/hard/libc_nano.a(libc_a-signal.o)
                0x0800b7a0                raise
 .text._kill_r  0x0800b7b0       0x24 /Applications/STM32CubeIDE.app/Contents/Eclipse/plugins/com.st.stm32cube.ide.mcu.externaltools.gnu-tools-for-stm32.13.3.rel1.macos64_1.0.0.202411102158/tools/bin/../lib/gcc/arm-none-eabi/13.3.1/../../../../arm-none-eabi/lib/thumb/v7e-m+fp/hard/libc_nano.a(libc_a-signalr.o)
                0x0800b7b0                _kill_r
 .text._getpid_r
                0x0800b7d4        0x4 /Applications/STM32CubeIDE.app/Contents/Eclipse/plugins/com.st.stm32cube.ide.mcu.externaltools.gnu-tools-for-stm32.13.3.rel1.macos64_1.0.0.202411102158/tools/bin/../lib/gcc/arm-none-eabi/13.3.1/../../../../arm-none-eabi/lib/thumb/v7e-m+fp/hard/libc_nano.a(libc_a-signalr.o)
                0x0800b7d4                _getpid_r
 *(.glue_7)
 .glue_7        0x0800b7d8        0x0 linker stubs
 *(.glue_7t)
 .glue_7t       0x0800b7d8        0x0 linker stubs
 *(.eh_frame)
 .eh_frame      0x0800b7d8        0x0 /Applications/STM32CubeIDE.app/Contents/Eclipse/plugins/com.st.stm32cube.ide.mcu.externaltools.gnu-tools-for-stm32.13.3.rel1.macos64_1.0.0.202411102158/tools/bin/../lib/gcc/arm-none-eabi/13.3.1/thumb/v7e-m+fp/hard/crtbegin.o
 *(.init)
 .init          0x0800b7d8        0x4 /Applications/STM32CubeIDE.app/Contents/Eclipse/plugins/com.st.stm32cube.ide.mcu.externaltools.gnu-tools-for-stm32.13.3.rel1.macos64_1.0.0.202411102158/tools/bin/../lib/gcc/arm-none-eabi/13.3.1/thumb/v7e-m+fp/hard/crti.o
                0x0800b7d8                _init
 .init          0x0800b7dc        0x8 /Applications/STM32CubeIDE.app/Contents/Eclipse/plugins/com.st.stm32cube.ide.mcu.externaltools.gnu-tools-for-stm32.13.3.rel1.macos64_1.0.0.202411102158/tools/bin/../lib/gcc/arm-none-eabi/13.3.1/thumb/v7e-m+fp/hard/crtn.o
 *(.fini)
 .fini          0x0800b7e4        0x4 /Applications/STM32CubeIDE.app/Contents/Eclipse/plugins/com.st.stm32cube.ide.mcu.externaltools.gnu-tools-for-stm32.13.3.rel1.macos64_1.0.0.202411102158/tools/bin/../lib/gcc/arm-none-eabi/13.3.1/thumb/v7e-m+fp/hard/crti.o
                0x0800b7e4                _fini
 .fini          0x0800b7e8        0x8 /Applications/STM32CubeIDE.app/Contents/Eclipse/plugins/com.st.stm32cube.ide.mcu.externaltools.gnu-tools-for-stm32.13.3.rel1.macos64_1.0.0.202411102158/tools/bin/../lib/gcc/arm-none-eabi/13.3.1/thumb/v7e-m+fp/hard/crtn.o
                0x0800b7f0                        . = ALIGN (0x4)
                0x0800b7f0                        _etext = .

.vfp11_veneer   0x0800b7f0        0x0
 .vfp11_veneer  0x0800b7f0        0x0 linker stubs

.v4_bx          0x0800b7f0        0x0
 .v4_bx         0x0800b7f0        0x0 linker stubs

.iplt           0x0800b7f0        0x0
 .iplt          0x0800b7f0        0x0 /Applications/STM32CubeIDE.app/Contents/Eclipse/plugins/com.st.stm32cube.ide.mcu.externaltools.gnu-tools-for-stm32.13.3.rel1.macos64_1.0.0.202411102158/tools/bin/../lib/gcc/arm-none-eabi/13.3.1/thumb/v7e-m+fp/hard/crtbegin.o

.rodata         0x0800b7f0      0x3c4
                0x0800b7f0                        . = ALIGN (0x4)
 *(.rodata)
 .rodata        0x0800b7f0      0x110 ./BlueNRG_MS/App/app_bluenrg_ms.o
 .rodata        0x0800b900       0xed ./BlueNRG_MS/App/sample_service.o
 *fill*         0x0800b9ed        0x3 
 .rodata        0x0800b9f0       0x3b ./Core/Src/game.o
 *fill*         0x0800ba2b        0x1 
 .rodata        0x0800ba2c        0x4 ./Core/Src/lcd.o
 .rodata        0x0800ba30       0x3a ./Core/Src/main_cpp.o
 *(.rodata*)
 *fill*         0x0800ba6a        0x2 
 .rodata._ZL12keypadMatrix
                0x0800ba6c        0xc ./Core/Src/keypad.o
 .rodata.AHBPrescTable
                0x0800ba78       0x10 ./Core/Src/system_stm32l4xx.o
                0x0800ba78                AHBPrescTable
 .rodata.APBPrescTable
                0x0800ba88        0x8 ./Core/Src/system_stm32l4xx.o
                0x0800ba88                APBPrescTable
 .rodata.MSIRangeTable
                0x0800ba90       0x30 ./Core/Src/system_stm32l4xx.o
                0x0800ba90                MSIRangeTable
 .rodata.LedGpioInit.4
                0x0800bac0        0x4 ./Drivers/BSP/B-L475E-IOT01A1/b_l475e_iot01a1.o
 .rodata.ButtonGpioInit.3
                0x0800bac4        0x4 ./Drivers/BSP/B-L475E-IOT01A1/b_l475e_iot01a1.o
 .rodata.BUTTON_EXTI_LINE.2
                0x0800bac8        0x4 ./Drivers/BSP/B-L475E-IOT01A1/b_l475e_iot01a1.o
 .rodata.ButtonCallback.1
                0x0800bacc        0x4 ./Drivers/BSP/B-L475E-IOT01A1/b_l475e_iot01a1.o
 .rodata.BSP_BUTTON_PRIO.0
                0x0800bad0        0x4 ./Drivers/BSP/B-L475E-IOT01A1/b_l475e_iot01a1.o
 .rodata.srand.str1.1
                0x0800bad4       0xde /Applications/STM32CubeIDE.app/Contents/Eclipse/plugins/com.st.stm32cube.ide.mcu.externaltools.gnu-tools-for-stm32.13.3.rel1.macos64_1.0.0.202411102158/tools/bin/../lib/gcc/arm-none-eabi/13.3.1/../../../../arm-none-eabi/lib/thumb/v7e-m+fp/hard/libc_nano.a(libc_a-rand.o)
                                 0x6f (size before relaxing)
 .rodata.__assert_func.str1.1
                0x0800bbb2       0x3d /Applications/STM32CubeIDE.app/Contents/Eclipse/plugins/com.st.stm32cube.ide.mcu.externaltools.gnu-tools-for-stm32.13.3.rel1.macos64_1.0.0.202411102158/tools/bin/../lib/gcc/arm-none-eabi/13.3.1/../../../../arm-none-eabi/lib/thumb/v7e-m+fp/hard/libc_nano.a(libc_a-assert.o)
 .rodata._svfprintf_r.str1.1
                0x0800bbb2       0x11 /Applications/STM32CubeIDE.app/Contents/Eclipse/plugins/com.st.stm32cube.ide.mcu.externaltools.gnu-tools-for-stm32.13.3.rel1.macos64_1.0.0.202411102158/tools/bin/../lib/gcc/arm-none-eabi/13.3.1/../../../../arm-none-eabi/lib/thumb/v7e-m+fp/hard/libc_nano.a(libc_a-nano-svfprintf.o)
 .rodata._vfprintf_r.str1.1
                0x0800bbb2       0x11 /Applications/STM32CubeIDE.app/Contents/Eclipse/plugins/com.st.stm32cube.ide.mcu.externaltools.gnu-tools-for-stm32.13.3.rel1.macos64_1.0.0.202411102158/tools/bin/../lib/gcc/arm-none-eabi/13.3.1/../../../../arm-none-eabi/lib/thumb/v7e-m+fp/hard/libc_nano.a(libc_a-nano-vfprintf.o)
 .rodata._printf_i.str1.1
                0x0800bbb2       0x22 /Applications/STM32CubeIDE.app/Contents/Eclipse/plugins/com.st.stm32cube.ide.mcu.externaltools.gnu-tools-for-stm32.13.3.rel1.macos64_1.0.0.202411102158/tools/bin/../lib/gcc/arm-none-eabi/13.3.1/../../../../arm-none-eabi/lib/thumb/v7e-m+fp/hard/libc_nano.a(libc_a-nano-vfprintf_i.o)
                0x0800bbf0                        . = ALIGN (0x4)
 *fill*         0x0800bbb2        0x2 

.ARM.extab      0x0800bbb4        0x0
                0x0800bbb4                        . = ALIGN (0x4)
 *(.ARM.extab* .gnu.linkonce.armextab.*)
                0x0800bbb4                        . = ALIGN (0x4)

.ARM            0x0800bbb4        0x8
                0x0800bbb4                        . = ALIGN (0x4)
                0x0800bbb4                        __exidx_start = .
 *(.ARM.exidx*)
 .ARM.exidx     0x0800bbb4        0x8 /Applications/STM32CubeIDE.app/Contents/Eclipse/plugins/com.st.stm32cube.ide.mcu.externaltools.gnu-tools-for-stm32.13.3.rel1.macos64_1.0.0.202411102158/tools/bin/../lib/gcc/arm-none-eabi/13.3.1/../../../../arm-none-eabi/lib/thumb/v7e-m+fp/hard/libc_nano.a(libc_a-memchr.o)
 .ARM.exidx     0x0800bbbc        0x0 /Applications/STM32CubeIDE.app/Contents/Eclipse/plugins/com.st.stm32cube.ide.mcu.externaltools.gnu-tools-for-stm32.13.3.rel1.macos64_1.0.0.202411102158/tools/bin/../lib/gcc/arm-none-eabi/13.3.1/thumb/v7e-m+fp/hard/libgcc.a(_udivmoddi4.o)
                                  0x8 (size before relaxing)
                0x0800bbbc                        __exidx_end = .
                0x0800bbbc                        . = ALIGN (0x4)

.preinit_array  0x0800bbbc        0x0
                0x0800bbbc                        . = ALIGN (0x4)
                0x0800bbbc                        PROVIDE (__preinit_array_start = .)
 *(.preinit_array*)
                0x0800bbbc                        PROVIDE (__preinit_array_end = .)
                0x0800bbbc                        . = ALIGN (0x4)

.init_array     0x0800bbbc        0x8
                0x0800bbbc                        . = ALIGN (0x4)
                0x0800bbbc                        PROVIDE (__init_array_start = .)
 *(SORT_BY_NAME(.init_array.*))
 *(.init_array*)
 .init_array    0x0800bbbc        0x4 /Applications/STM32CubeIDE.app/Contents/Eclipse/plugins/com.st.stm32cube.ide.mcu.externaltools.gnu-tools-for-stm32.13.3.rel1.macos64_1.0.0.202411102158/tools/bin/../lib/gcc/arm-none-eabi/13.3.1/thumb/v7e-m+fp/hard/crtbegin.o
 .init_array    0x0800bbc0        0x4 ./Core/Src/main_cpp.o
                0x0800bbc4                        PROVIDE (__init_array_end = .)
                0x0800bbc4                        . = ALIGN (0x4)

.fini_array     0x0800bbc4        0x4
                0x0800bbc4                        . = ALIGN (0x4)
                [!provide]                        PROVIDE (__fini_array_start = .)
 *(SORT_BY_NAME(.fini_array.*))
 *(.fini_array*)
 .fini_array    0x0800bbc4        0x4 /Applications/STM32CubeIDE.app/Contents/Eclipse/plugins/com.st.stm32cube.ide.mcu.externaltools.gnu-tools-for-stm32.13.3.rel1.macos64_1.0.0.202411102158/tools/bin/../lib/gcc/arm-none-eabi/13.3.1/thumb/v7e-m+fp/hard/crtbegin.o
                [!provide]                        PROVIDE (__fini_array_end = .)
                0x0800bbc8                        . = ALIGN (0x4)
                0x0800bbc8                        _sidata = LOADADDR (.data)

.rel.dyn        0x0800bbc8        0x0
 .rel.iplt      0x0800bbc8        0x0 /Applications/STM32CubeIDE.app/Contents/Eclipse/plugins/com.st.stm32cube.ide.mcu.externaltools.gnu-tools-for-stm32.13.3.rel1.macos64_1.0.0.202411102158/tools/bin/../lib/gcc/arm-none-eabi/13.3.1/thumb/v7e-m+fp/hard/crtbegin.o

.data           0x20000000       0xb8 load address 0x0800bbc8
                0x20000000                        . = ALIGN (0x4)
                0x20000000                        _sdata = .
 *(.data)
 *(.data*)
 .data.user_button_init_state
                0x20000000        0x1 ./BlueNRG_MS/App/app_bluenrg_ms.o
 .data.BLE_Role
                0x20000001        0x1 ./BlueNRG_MS/App/app_bluenrg_ms.o
                0x20000001                BLE_Role
 .data.set_connectable
                0x20000002        0x1 ./BlueNRG_MS/App/sample_service.o
                0x20000002                set_connectable
 *fill*         0x20000003        0x1 
 .data.rowPins  0x20000004       0x20 ./Core/Src/main_cpp.o
                0x20000004                rowPins
 .data.colPins  0x20000024       0x18 ./Core/Src/main_cpp.o
                0x20000024                colPins
 .data.SystemCoreClock
                0x2000003c        0x4 ./Core/Src/system_stm32l4xx.o
                0x2000003c                SystemCoreClock
 .data.LED_PORT
                0x20000040        0x4 ./Drivers/BSP/B-L475E-IOT01A1/b_l475e_iot01a1.o
 .data.BUTTON_PORT
                0x20000044        0x4 ./Drivers/BSP/B-L475E-IOT01A1/b_l475e_iot01a1.o
 .data.hpb_exti
                0x20000048        0x8 ./Drivers/BSP/B-L475E-IOT01A1/b_l475e_iot01a1.o
                0x20000048                hpb_exti
 .data.COM_USART
                0x20000050        0x4 ./Drivers/BSP/B-L475E-IOT01A1/b_l475e_iot01a1.o
                0x20000050                COM_USART
 .data.uwTickPrio
                0x20000054        0x4 ./Drivers/STM32L4xx_HAL_Driver/Src/stm32l4xx_hal.o
                0x20000054                uwTickPrio
 .data.uwTickFreq
                0x20000058        0x1 ./Drivers/STM32L4xx_HAL_Driver/Src/stm32l4xx_hal.o
                0x20000058                uwTickFreq
 *fill*         0x20000059        0x3 
 .data.__sglue  0x2000005c        0xc /Applications/STM32CubeIDE.app/Contents/Eclipse/plugins/com.st.stm32cube.ide.mcu.externaltools.gnu-tools-for-stm32.13.3.rel1.macos64_1.0.0.202411102158/tools/bin/../lib/gcc/arm-none-eabi/13.3.1/../../../../arm-none-eabi/lib/thumb/v7e-m+fp/hard/libc_nano.a(libc_a-findfp.o)
                0x2000005c                __sglue
 .data._impure_ptr
                0x20000068        0x4 /Applications/STM32CubeIDE.app/Contents/Eclipse/plugins/com.st.stm32cube.ide.mcu.externaltools.gnu-tools-for-stm32.13.3.rel1.macos64_1.0.0.202411102158/tools/bin/../lib/gcc/arm-none-eabi/13.3.1/../../../../arm-none-eabi/lib/thumb/v7e-m+fp/hard/libc_nano.a(libc_a-impure.o)
                0x20000068                _impure_ptr
 .data._impure_data
                0x2000006c       0x4c /Applications/STM32CubeIDE.app/Contents/Eclipse/plugins/com.st.stm32cube.ide.mcu.externaltools.gnu-tools-for-stm32.13.3.rel1.macos64_1.0.0.202411102158/tools/bin/../lib/gcc/arm-none-eabi/13.3.1/../../../../arm-none-eabi/lib/thumb/v7e-m+fp/hard/libc_nano.a(libc_a-impure.o)
                0x2000006c                _impure_data
 *(.RamFunc)
 *(.RamFunc*)
                0x200000b8                        . = ALIGN (0x4)
                0x200000b8                        _edata = .

.igot.plt       0x200000b8        0x0 load address 0x0800bc80
 .igot.plt      0x200000b8        0x0 /Applications/STM32CubeIDE.app/Contents/Eclipse/plugins/com.st.stm32cube.ide.mcu.externaltools.gnu-tools-for-stm32.13.3.rel1.macos64_1.0.0.202411102158/tools/bin/../lib/gcc/arm-none-eabi/13.3.1/thumb/v7e-m+fp/hard/crtbegin.o
                0x200000b8                        . = ALIGN (0x4)

.bss            0x200000b8      0x938 load address 0x0800bc80
                0x200000b8                        _sbss = .
                0x200000b8                        __bss_start__ = _sbss
 *(.bss)
 .bss           0x200000b8       0x1c /Applications/STM32CubeIDE.app/Contents/Eclipse/plugins/com.st.stm32cube.ide.mcu.externaltools.gnu-tools-for-stm32.13.3.rel1.macos64_1.0.0.202411102158/tools/bin/../lib/gcc/arm-none-eabi/13.3.1/thumb/v7e-m+fp/hard/crtbegin.o
 *(.bss*)
 .bss.bnrg_expansion_board
                0x200000d4        0x1 ./BlueNRG_MS/App/app_bluenrg_ms.o
                0x200000d4                bnrg_expansion_board
 .bss.user_button_pressed
                0x200000d5        0x1 ./BlueNRG_MS/App/app_bluenrg_ms.o
 *fill*         0x200000d6        0x2 
 .bss.connected
                0x200000d8        0x4 ./BlueNRG_MS/App/sample_service.o
                0x200000d8                connected
 .bss.connection_handle
                0x200000dc        0x2 ./BlueNRG_MS/App/sample_service.o
                0x200000dc                connection_handle
 .bss.notification_enabled
                0x200000de        0x1 ./BlueNRG_MS/App/sample_service.o
                0x200000de                notification_enabled
 .bss.start_read_tx_char_handle
                0x200000df        0x1 ./BlueNRG_MS/App/sample_service.o
                0x200000df                start_read_tx_char_handle
 .bss.start_read_rx_char_handle
                0x200000e0        0x1 ./BlueNRG_MS/App/sample_service.o
                0x200000e0                start_read_rx_char_handle
 .bss.end_read_tx_char_handle
                0x200000e1        0x1 ./BlueNRG_MS/App/sample_service.o
                0x200000e1                end_read_tx_char_handle
 .bss.end_read_rx_char_handle
                0x200000e2        0x1 ./BlueNRG_MS/App/sample_service.o
                0x200000e2                end_read_rx_char_handle
 *fill*         0x200000e3        0x1 
 .bss.tx_handle
                0x200000e4        0x2 ./BlueNRG_MS/App/sample_service.o
                0x200000e4                tx_handle
 .bss.rx_handle
                0x200000e6        0x2 ./BlueNRG_MS/App/sample_service.o
                0x200000e6                rx_handle
 .bss.sampleServHandle
                0x200000e8        0x2 ./BlueNRG_MS/App/sample_service.o
                0x200000e8                sampleServHandle
 .bss.TXCharHandle
                0x200000ea        0x2 ./BlueNRG_MS/App/sample_service.o
                0x200000ea                TXCharHandle
 .bss.RXCharHandle
                0x200000ec        0x2 ./BlueNRG_MS/App/sample_service.o
                0x200000ec                RXCharHandle
 *fill*         0x200000ee        0x2 
 .bss.hexti6    0x200000f0        0x8 ./BlueNRG_MS/Target/hci_tl_interface.o
                0x200000f0                hexti6
 .bss.read_char_buf.0
                0x200000f8       0xff ./BlueNRG_MS/Target/hci_tl_interface.o
 *fill*         0x200001f7        0x1 
 .bss.hdfsdm1_channel1
                0x200001f8       0x38 ./Core/Src/main.o
                0x200001f8                hdfsdm1_channel1
 .bss.hi2c1     0x20000230       0x54 ./Core/Src/main.o
                0x20000230                hi2c1
 .bss.hi2c2     0x20000284       0x54 ./Core/Src/main.o
                0x20000284                hi2c2
 .bss.htim2     0x200002d8       0x4c ./Core/Src/main.o
                0x200002d8                htim2
 .bss.htim3     0x20000324       0x4c ./Core/Src/main.o
                0x20000324                htim3
 .bss.htim4     0x20000370       0x4c ./Core/Src/main.o
                0x20000370                htim4
 .bss.huart3    0x200003bc       0x88 ./Core/Src/main.o
                0x200003bc                huart3
 .bss.myServo   0x20000444        0x8 ./Core/Src/main_cpp.o
                0x20000444                myServo
 .bss.lcd       0x2000044c        0x8 ./Core/Src/main_cpp.o
                0x2000044c                lcd
 .bss.keypad    0x20000454        0x8 ./Core/Src/main_cpp.o
                0x20000454                keypad
 .bss.game      0x2000045c       0x14 ./Core/Src/main_cpp.o
                0x2000045c                game
 .bss._ZL5sonar
                0x20000470        0x8 ./Core/Src/main_cpp.o
 .bss.myMotor   0x20000478       0x18 ./Core/Src/main_cpp.o
                0x20000478                myMotor
 .bss._ZZ13main_cpp_loopE9measuring
                0x20000490        0x1 ./Core/Src/main_cpp.o
 *fill*         0x20000491        0x3 
 .bss.DFSDM1_Init
                0x20000494        0x4 ./Core/Src/stm32l4xx_hal_msp.o
 .bss.__sbrk_heap_end
                0x20000498        0x4 ./Core/Src/sysmem.o
 .bss.hcom_uart
                0x2000049c       0x88 ./Drivers/BSP/B-L475E-IOT01A1/b_l475e_iot01a1.o
                0x2000049c                hcom_uart
 .bss.COM_ActiveLogPort
                0x20000524        0x1 ./Drivers/BSP/B-L475E-IOT01A1/b_l475e_iot01a1.o
 *fill*         0x20000525        0x3 
 .bss.hspi3     0x20000528       0x64 ./Drivers/BSP/B-L475E-IOT01A1/b_l475e_iot01a1_bus.o
                0x20000528                hspi3
 .bss.SPI3InitCounter
                0x2000058c        0x4 ./Drivers/BSP/B-L475E-IOT01A1/b_l475e_iot01a1_bus.o
 .bss.uwTick    0x20000590        0x4 ./Drivers/STM32L4xx_HAL_Driver/Src/stm32l4xx_hal.o
                0x20000590                uwTick
 .bss.v_dfsdm1ChannelCounter
                0x20000594        0x4 ./Drivers/STM32L4xx_HAL_Driver/Src/stm32l4xx_hal_dfsdm.o
 .bss.a_dfsdm1ChannelHandle
                0x20000598       0x20 ./Drivers/STM32L4xx_HAL_Driver/Src/stm32l4xx_hal_dfsdm.o
 .bss.hciReadPktPool
                0x200005b8        0x8 ./Middlewares/ST/BlueNRG-MS/hci/hci_tl_patterns/Basic/hci_tl.o
                0x200005b8                hciReadPktPool
 .bss.hciReadPktRxQueue
                0x200005c0        0x8 ./Middlewares/ST/BlueNRG-MS/hci/hci_tl_patterns/Basic/hci_tl.o
                0x200005c0                hciReadPktRxQueue
 .bss.hciReadPacketBuffer
                0x200005c8      0x2bc ./Middlewares/ST/BlueNRG-MS/hci/hci_tl_patterns/Basic/hci_tl.o
 .bss.hciContext
                0x20000884       0x20 ./Middlewares/ST/BlueNRG-MS/hci/hci_tl_patterns/Basic/hci_tl.o
 .bss.__sf      0x200008a4      0x138 /Applications/STM32CubeIDE.app/Contents/Eclipse/plugins/com.st.stm32cube.ide.mcu.externaltools.gnu-tools-for-stm32.13.3.rel1.macos64_1.0.0.202411102158/tools/bin/../lib/gcc/arm-none-eabi/13.3.1/../../../../arm-none-eabi/lib/thumb/v7e-m+fp/hard/libc_nano.a(libc_a-findfp.o)
                0x200008a4                __sf
 .bss.__stdio_exit_handler
                0x200009dc        0x4 /Applications/STM32CubeIDE.app/Contents/Eclipse/plugins/com.st.stm32cube.ide.mcu.externaltools.gnu-tools-for-stm32.13.3.rel1.macos64_1.0.0.202411102158/tools/bin/../lib/gcc/arm-none-eabi/13.3.1/../../../../arm-none-eabi/lib/thumb/v7e-m+fp/hard/libc_nano.a(libc_a-findfp.o)
                0x200009dc                __stdio_exit_handler
 .bss.__lock___malloc_recursive_mutex