../Core/Src/main.c:88:5:main	8	static
../Core/Src/main.c:150:6:SystemClock_Config	96	static
../Core/Src/main.c:210:6:PeriphCommonClock_Config	144	static
../Core/Src/main.c:236:13:MX_DFSDM1_Init	8	static
../Core/Src/main.c:274:13:MX_I2C1_Init	8	static
../Core/Src/main.c:322:13:MX_I2C2_Init	8	static
../Core/Src/main.c:370:13:MX_TIM2_Init	88	static
../Core/Src/main.c:445:13:MX_TIM3_Init	48	static
../Core/Src/main.c:494:13:MX_TIM4_Init	48	static
../Core/Src/main.c:543:13:MX_USART3_UART_Init	8	static
../Core/Src/main.c:578:13:MX_USB_OTG_FS_USB_Init	4	static
../Core/Src/main.c:599:13:MX_GPIO_Init	48	static
../Core/Src/main.c:786:6:Error_Handler	4	static,ignoring_inline_asm
