../Core/Src/main.c:86:5:main	8	static
../Core/Src/main.c:147:6:SystemClock_Config	96	static
../Core/Src/main.c:207:6:PeriphCommonClock_Config	144	static
../Core/Src/main.c:233:13:MX_DFSDM1_Init	8	static
../Core/Src/main.c:271:13:MX_I2C1_Init	8	static
../Core/Src/main.c:319:13:MX_I2C2_Init	8	static
../Core/Src/main.c:367:13:MX_TIM2_Init	88	static
../Core/Src/main.c:442:13:MX_TIM4_Init	48	static
../Core/Src/main.c:491:13:MX_USART3_UART_Init	8	static
../Core/Src/main.c:526:13:MX_USB_OTG_FS_USB_Init	4	static
../Core/Src/main.c:547:13:MX_GPIO_Init	48	static
../Core/Src/main.c:748:6:Error_Handler	4	static,ignoring_inline_asm
